Component: ARM Compiler 5.06 update 1 (build 61) Tool: armlink [4d35a8]

==============================================================================

Section Cross References

    main.o(i.SPI_Init) refers to spi.o(i.SPI_Open) for SPI_Open
    main.o(i.SPI_Init) refers to spi.o(i.SPI_EnableAutoSS) for SPI_EnableAutoSS
    main.o(i.SYS_Init) refers to clk.o(i.CLK_EnableXtalRC) for CLK_EnableXtalRC
    main.o(i.SYS_Init) refers to clk.o(i.CLK_WaitClockReady) for CLK_WaitClockReady
    main.o(i.SYS_Init) refers to clk.o(i.CLK_SetHCLK) for CLK_SetHCLK
    main.o(i.SYS_Init) refers to clk.o(i.CLK_SetModuleClock) for CLK_SetModuleClock
    main.o(i.SYS_Init) refers to clk.o(i.CLK_EnableModuleClock) for CLK_EnableModuleClock
    main.o(i.SYS_Init) refers to system_nuc131.o(i.SystemCoreClockUpdate) for SystemCoreClockUpdate
    main.o(i.main) refers to _printf_percent.o(.ARM.Collect$$_printf_percent$$00000000) for _printf_percent
    main.o(i.main) refers to _printf_s.o(.ARM.Collect$$_printf_percent$$00000014) for _printf_s
    main.o(i.main) refers to _printf_str.o(.text) for _printf_str
    main.o(i.main) refers to _printf_pad.o(.text) for _printf_pre_padding
    main.o(i.main) refers to _printf_x.o(.ARM.Collect$$_printf_percent$$0000000C) for _printf_x
    main.o(i.main) refers to _printf_hex_int.o(.text) for _printf_longlong_hex
    main.o(i.main) refers to _printf_d.o(.ARM.Collect$$_printf_percent$$00000009) for _printf_d
    main.o(i.main) refers to _printf_dec.o(.text) for _printf_int_dec
    main.o(i.main) refers to main.o(i.SYS_Init) for SYS_Init
    main.o(i.main) refers to uart.o(i.UART_Open) for UART_Open
    main.o(i.main) refers to main.o(i.SPI_Init) for SPI_Init
    main.o(i.main) refers to wizchip_conf.o(i.reg_wizchip_cs_cbfunc) for reg_wizchip_cs_cbfunc
    main.o(i.main) refers to wizchip_conf.o(i.reg_wizchip_spi_cbfunc) for reg_wizchip_spi_cbfunc
    main.o(i.main) refers to wizchip_conf.o(i.ctlwizchip) for ctlwizchip
    main.o(i.main) refers to noretval__2printf.o(.text) for __2printf
    main.o(i.main) refers to wizchip_conf.o(i.wizchip_init) for wizchip_init
    main.o(i.main) refers to rt_memcpy.o(.emb_text) for __aeabi_memcpy4
    main.o(i.main) refers to loopback.o(i.loopback_tcps) for loopback_tcps
    main.o(i.main) refers to loopback.o(i.loopback_udps) for loopback_udps
    main.o(i.main) refers to main.o(.constdata) for .constdata
    main.o(i.main) refers to main.o(i.wizchip_deselect) for wizchip_deselect
    main.o(i.main) refers to main.o(i.wizchip_select) for wizchip_select
    main.o(i.main) refers to main.o(i.wizchip_write) for wizchip_write
    main.o(i.main) refers to main.o(i.wizchip_read) for wizchip_read
    main.o(i.main) refers to main.o(.bss) for gDATABUF
    clk.o(i.CLK_DisableCKO) refers to clk.o(i.CLK_DisableModuleClock) for CLK_DisableModuleClock
    clk.o(i.CLK_DisableModuleClock) refers to clk.o(.constdata) for .constdata
    clk.o(i.CLK_EnableCKO) refers to clk.o(i.CLK_EnableModuleClock) for CLK_EnableModuleClock
    clk.o(i.CLK_EnableCKO) refers to clk.o(i.CLK_SetModuleClock) for CLK_SetModuleClock
    clk.o(i.CLK_EnableModuleClock) refers to clk.o(.constdata) for .constdata
    clk.o(i.CLK_EnablePLL) refers to clk.o(i.CLK_WaitClockReady) for CLK_WaitClockReady
    clk.o(i.CLK_EnablePLL) refers to aeabi_sdiv.o(.text) for __aeabi_uidivmod
    clk.o(i.CLK_EnablePLL) refers to clk.o(i.CLK_GetPLLClockFreq) for CLK_GetPLLClockFreq
    clk.o(i.CLK_GetCPUFreq) refers to system_nuc131.o(i.SystemCoreClockUpdate) for SystemCoreClockUpdate
    clk.o(i.CLK_GetCPUFreq) refers to system_nuc131.o(.data) for SystemCoreClock
    clk.o(i.CLK_GetHCLKFreq) refers to system_nuc131.o(i.SystemCoreClockUpdate) for SystemCoreClockUpdate
    clk.o(i.CLK_GetHCLKFreq) refers to system_nuc131.o(.data) for SystemCoreClock
    clk.o(i.CLK_GetPCLKFreq) refers to system_nuc131.o(i.SystemCoreClockUpdate) for SystemCoreClockUpdate
    clk.o(i.CLK_GetPCLKFreq) refers to system_nuc131.o(.data) for SystemCoreClock
    clk.o(i.CLK_GetPLLClockFreq) refers to aeabi_sdiv.o(.text) for __aeabi_uidivmod
    clk.o(i.CLK_SetCoreClock) refers to clk.o(i.CLK_WaitClockReady) for CLK_WaitClockReady
    clk.o(i.CLK_SetCoreClock) refers to clk.o(i.CLK_EnablePLL) for CLK_EnablePLL
    clk.o(i.CLK_SetCoreClock) refers to clk.o(i.CLK_SetHCLK) for CLK_SetHCLK
    clk.o(i.CLK_SetHCLK) refers to system_nuc131.o(i.SystemCoreClockUpdate) for SystemCoreClockUpdate
    clk.o(i.CLK_SetModuleClock) refers to clk.o(.constdata) for .constdata
    spi.o(i.CLK_GetPLLClockFreq) refers to aeabi_sdiv.o(.text) for __aeabi_uidivmod
    spi.o(i.SPI_GetBusClock) refers to clk.o(i.CLK_GetHCLKFreq) for CLK_GetHCLKFreq
    spi.o(i.SPI_GetBusClock) refers to spi.o(i.CLK_GetPLLClockFreq) for CLK_GetPLLClockFreq
    spi.o(i.SPI_GetBusClock) refers to aeabi_sdiv.o(.text) for __aeabi_uidivmod
    spi.o(i.SPI_Open) refers to clk.o(i.CLK_GetHCLKFreq) for CLK_GetHCLKFreq
[...]
    _printf_intcommon.o(.text) refers (Weak) to _printf_pad.o(.text) for _printf_pre_padding
    _printf_intcommon.o(.text) refers (Weak) to _printf_pad.o(.text) for _printf_post_padding
    _printf_char.o(.text) refers (Weak) to _printf_str.o(.text) for _printf_str
    _printf_char_file.o(.text) refers to _printf_char_common.o(.text) for _printf_char_common
    _printf_char_file.o(.text) refers to retarget.o(i.ferror) for ferror
    _printf_char_file.o(.text) refers to retarget.o(i.fputc) for fputc
    __rtentry2.o(.ARM.Collect$$rtentry$$00000008) refers to boardinit2.o(.text) for _platform_post_stackheap_init
    __rtentry2.o(.ARM.Collect$$rtentry$$0000000A) refers to libinit.o(.ARM.Collect$$libinit$$00000000) for __rt_lib_init
    __rtentry2.o(.ARM.Collect$$rtentry$$0000000B) refers to boardinit3.o(.text) for _platform_post_lib_init
    __rtentry2.o(.ARM.Collect$$rtentry$$0000000D) refers to main.o(i.main) for main
    __rtentry2.o(.ARM.Collect$$rtentry$$0000000D) refers to exit.o(.text) for exit
    __rtentry2.o(.ARM.exidx) refers to __rtentry2.o(.ARM.Collect$$rtentry$$00000001) for .ARM.Collect$$rtentry$$00000001
    __rtentry2.o(.ARM.exidx) refers to __rtentry2.o(.ARM.Collect$$rtentry$$00000008) for .ARM.Collect$$rtentry$$00000008
    __rtentry2.o(.ARM.exidx) refers to __rtentry2.o(.ARM.Collect$$rtentry$$0000000A) for .ARM.Collect$$rtentry$$0000000A
    __rtentry2.o(.ARM.exidx) refers to __rtentry2.o(.ARM.Collect$$rtentry$$0000000B) for .ARM.Collect$$rtentry$$0000000B
    __rtentry2.o(.ARM.exidx) refers to __rtentry2.o(.ARM.Collect$$rtentry$$0000000D) for .ARM.Collect$$rtentry$$0000000D
    __rtentry4.o(.ARM.Collect$$rtentry$$00000004) refers to sys_stackheap_outer.o(.text) for __user_setup_stackheap
    __rtentry4.o(.ARM.exidx) refers to __rtentry4.o(.ARM.Collect$$rtentry$$00000004) for .ARM.Collect$$rtentry$$00000004
    rt_div0.o(.text) refers to defsig_fpe_outer.o(.text) for __rt_SIGFPE
    _printf_char_common.o(.text) refers to __printf_flags_ss_wp.o(.text) for __printf
    sys_stackheap_outer.o(.text) refers to libspace.o(.text) for __user_perproc_libspace
    sys_stackheap_outer.o(.text) refers to startup_nuc131.o(.text) for __user_initial_stackheap
    sys_stackheap_outer.o(__vectab_stack_and_reset_area) refers to tempstk.o(.text) for __temporary_stack_top
    sys_stackheap_outer.o(__vectab_stack_and_reset_area) refers to __main.o(!!!main) for __main
    exit.o(.text) refers to rtexit.o(.ARM.Collect$$rtexit$$00000000) for __rt_exit
    defsig_fpe_outer.o(.text) refers to defsig_fpe_inner.o(.text) for __rt_SIGFPE_inner
    defsig_fpe_outer.o(.text) refers to defsig_exit.o(.text) for __sig_exit
    defsig_fpe_formal.o(.text) refers to rt_raise.o(.text) for __rt_raise
    libinit.o(.ARM.Collect$$libinit$$00000000) refers (Special) to libinit2.o(.ARM.Collect$$libinit$$0000002E) for __rt_lib_init_alloca_1
    libinit.o(.ARM.Collect$$libinit$$00000000) refers (Special) to libinit2.o(.ARM.Collect$$libinit$$0000002C) for __rt_lib_init_argv_1
    libinit.o(.ARM.Collect$$libinit$$00000000) refers (Special) to libinit2.o(.ARM.Collect$$libinit$$0000001B) for __rt_lib_init_atexit_1
    libinit.o(.ARM.Collect$$libinit$$00000000) refers (Special) to libinit2.o(.ARM.Collect$$libinit$$00000021) for __rt_lib_init_clock_1
    libinit.o(.ARM.Collect$$libinit$$00000000) refers (Special) to libinit2.o(.ARM.Collect$$libinit$$00000032) for __rt_lib_init_cpp_1
    libinit.o(.ARM.Collect$$libinit$$00000000) refers (Special) to libinit2.o(.ARM.Collect$$libinit$$00000030) for __rt_lib_init_exceptions_1
    libinit.o(.ARM.Collect$$libinit$$00000000) refers (Special) to libinit2.o(.ARM.Collect$$libinit$$00000002) for __rt_lib_init_fp_1
    libinit.o(.ARM.Collect$$libinit$$00000000) refers (Special) to libinit2.o(.ARM.Collect$$libinit$$0000001F) for __rt_lib_init_fp_trap_1
    libinit.o(.ARM.Collect$$libinit$$00000000) refers (Special) to libinit2.o(.ARM.Collect$$libinit$$00000023) for __rt_lib_init_getenv_1
    libinit.o(.ARM.Collect$$libinit$$00000000) refers (Special) to libinit2.o(.ARM.Collect$$libinit$$0000000A) for __rt_lib_init_heap_1
    libinit.o(.ARM.Collect$$libinit$$00000000) refers (Special) to libinit2.o(.ARM.Collect$$libinit$$00000011) for __rt_lib_init_lc_collate_1
    libinit.o(.ARM.Collect$$libinit$$00000000) refers (Special) to libinit2.o(.ARM.Collect$$libinit$$00000013) for __rt_lib_init_lc_ctype_1
    libinit.o(.ARM.Collect$$libinit$$00000000) refers (Special) to libinit2.o(.ARM.Collect$$libinit$$00000015) for __rt_lib_init_lc_monetary_1
    libinit.o(.ARM.Collect$$libinit$$00000000) refers (Special) to libinit2.o(.ARM.Collect$$libinit$$00000017) for __rt_lib_init_lc_numeric_1
    libinit.o(.ARM.Collect$$libinit$$00000000) refers (Special) to libinit2.o(.ARM.Collect$$libinit$$00000019) for __rt_lib_init_lc_time_1
    libinit.o(.ARM.Collect$$libinit$$00000000) refers (Special) to libinit2.o(.ARM.Collect$$libinit$$00000004) for __rt_lib_init_preinit_1
    libinit.o(.ARM.Collect$$libinit$$00000000) refers (Special) to libinit2.o(.ARM.Collect$$libinit$$0000000E) for __rt_lib_init_rand_1
    libinit.o(.ARM.Collect$$libinit$$00000000) refers (Special) to libinit2.o(.ARM.Collect$$libinit$$00000033) for __rt_lib_init_return
    libinit.o(.ARM.Collect$$libinit$$00000000) refers (Special) to libinit2.o(.ARM.Collect$$libinit$$0000001D) for __rt_lib_init_signal_1
    libinit.o(.ARM.Collect$$libinit$$00000000) refers (Special) to libinit2.o(.ARM.Collect$$libinit$$00000025) for __rt_lib_init_stdio_1
    libinit.o(.ARM.Collect$$libinit$$00000000) refers (Special) to libinit2.o(.ARM.Collect$$libinit$$0000000C) for __rt_lib_init_user_alloc_1
    libspace.o(.text) refers to libspace.o(.bss) for __libspace_start
    rtexit.o(.ARM.Collect$$rtexit$$00000000) refers (Special) to rtexit2.o(.ARM.Collect$$rtexit$$00000004) for __rt_exit_exit
    rtexit.o(.ARM.Collect$$rtexit$$00000000) refers (Special) to rtexit2.o(.ARM.Collect$$rtexit$$00000003) for __rt_exit_ls
    rtexit.o(.ARM.Collect$$rtexit$$00000000) refers (Special) to rtexit2.o(.ARM.Collect$$rtexit$$00000002) for __rt_exit_prels_1
    rtexit.o(.ARM.exidx) refers (Special) to rtexit2.o(.ARM.Collect$$rtexit$$00000004) for __rt_exit_exit
    rtexit.o(.ARM.exidx) refers (Special) to rtexit2.o(.ARM.Collect$$rtexit$$00000003) for __rt_exit_ls
    rtexit.o(.ARM.exidx) refers (Special) to rtexit2.o(.ARM.Collect$$rtexit$$00000002) for __rt_exit_prels_1
    rtexit.o(.ARM.exidx) refers to rtexit.o(.ARM.Collect$$rtexit$$00000000) for .ARM.Collect$$rtexit$$00000000
    rt_raise.o(.text) refers to __raise.o(.text) for __raise
    rt_raise.o(.text) refers to sys_exit.o(.text) for _sys_exit
    defsig_exit.o(.text) refers to sys_exit.o(.text) for _sys_exit
    defsig_fpe_inner.o(.text) refers to defsig_general.o(.text) for __default_signal_display
    libinit2.o(.ARM.Collect$$libinit$$00000010) refers to libinit2.o(.ARM.Collect$$libinit$$0000000F) for .ARM.Collect$$libinit$$0000000F
    libinit2.o(.ARM.Collect$$libinit$$00000012) refers to libinit2.o(.ARM.Collect$$libinit$$0000000F) for .ARM.Collect$$libinit$$0000000F
    libinit2.o(.ARM.Collect$$libinit$$00000014) refers to libinit2.o(.ARM.Collect$$libinit$$0000000F) for .ARM.Collect$$libinit$$0000000F
    libinit2.o(.ARM.Collect$$libinit$$00000016) refers to libinit2.o(.ARM.Collect$$libinit$$0000000F) for .ARM.Collect$$libinit$$0000000F
    libinit2.o(.ARM.Collect$$libinit$$00000018) refers to libinit2.o(.ARM.Collect$$libinit$$0000000F) for .ARM.Collect$$libinit$$0000000F
    libinit2.o(.ARM.Collect$$libinit$$00000026) refers to argv_veneer.o(.text) for __ARM_argv_veneer
    libinit2.o(.ARM.Collect$$libinit$$00000027) refers to argv_veneer.o(.text) for __ARM_argv_veneer
    sys_exit.o(.text) refers (Special) to use_no_semi.o(.text) for __I$use$semihosting
    sys_exit.o(.text) refers (Special) to indicate_semi.o(.text) for __semihosting_library_function
    rtexit2.o(.ARM.Collect$$rtexit$$00000003) refers to libshutdown.o(.ARM.Collect$$libshutdown$$00000000) for __rt_lib_shutdown
    rtexit2.o(.ARM.Collect$$rtexit$$00000004) refers to sys_exit.o(.text) for _sys_exit
    rtexit2.o(.ARM.exidx) refers to rtexit2.o(.ARM.Collect$$rtexit$$00000001) for .ARM.Collect$$rtexit$$00000001
    rtexit2.o(.ARM.exidx) refers to rtexit2.o(.ARM.Collect$$rtexit$$00000003) for .ARM.Collect$$rtexit$$00000003
    rtexit2.o(.ARM.exidx) refers to rtexit2.o(.ARM.Collect$$rtexit$$00000004) for .ARM.Collect$$rtexit$$00000004
    __raise.o(.text) refers to defsig.o(CL$$defsig) for __default_signal_handler
    defsig_general.o(.text) refers to retarget.o(i._ttywrch) for _ttywrch
    defsig.o(CL$$defsig) refers to defsig_fpe_inner.o(.text) for __rt_SIGFPE_inner
    defsig.o(CL$$defsig) refers to defsig_rtmem_inner.o(.text) for __rt_SIGRTMEM_inner
    _get_argv_nomalloc.o(.text) refers (Special) to hrguard.o(.text) for __heap_region$guard
    _get_argv_nomalloc.o(.text) refers to defsig_rtmem_outer.o(.text) for __rt_SIGRTMEM
    _get_argv_nomalloc.o(.text) refers to sys_command.o(.text) for _sys_command_string
    libshutdown.o(.ARM.Collect$$libshutdown$$00000000) refers (Special) to libshutdown2.o(.ARM.Collect$$libshutdown$$00000002) for __rt_lib_shutdown_cpp_1
    libshutdown.o(.ARM.Collect$$libshutdown$$00000000) refers (Special) to libshutdown2.o(.ARM.Collect$$libshutdown$$00000007) for __rt_lib_shutdown_fp_trap_1
    libshutdown.o(.ARM.Collect$$libshutdown$$00000000) refers (Special) to libshutdown2.o(.ARM.Collect$$libshutdown$$0000000F) for __rt_lib_shutdown_heap_1
    libshutdown.o(.ARM.Collect$$libshutdown$$00000000) refers (Special) to libshutdown2.o(.ARM.Collect$$libshutdown$$00000010) for __rt_lib_shutdown_return
    libshutdown.o(.ARM.Collect$$libshutdown$$00000000) refers (Special) to libshutdown2.o(.ARM.Collect$$libshutdown$$0000000A) for __rt_lib_shutdown_signal_1
    libshutdown.o(.ARM.Collect$$libshutdown$$00000000) refers (Special) to libshutdown2.o(.ARM.Collect$$libshutdown$$00000004) for __rt_lib_shutdown_stdio_1
    libshutdown.o(.ARM.Collect$$libshutdown$$00000000) refers (Special) to libshutdown2.o(.ARM.Collect$$libshutdown$$0000000C) for __rt_lib_shutdown_user_alloc_1
    sys_command.o(.text) refers (Special) to use_no_semi.o(.text) for __I$use$semihosting
    sys_command.o(.text) refers (Special) to indicate_semi.o(.text) for __semihosting_library_function
    defsig_abrt_inner.o(.text) refers to defsig_general.o(.text) for __default_signal_display
    defsig_rtred_inner.o(.text) refers to defsig_general.o(.text) for __default_signal_display
    defsig_rtmem_inner.o(.text) refers to defsig_general.o(.text) for __default_signal_display
    defsig_rtmem_outer.o(.text) refers to defsig_rtmem_inner.o(.text) for __rt_SIGRTMEM_inner
    defsig_rtmem_outer.o(.text) refers to defsig_exit.o(.text) for __sig_exit
    defsig_rtmem_formal.o(.text) refers to rt_raise.o(.text) for __rt_raise
    defsig_stak_inner.o(.text) refers to defsig_general.o(.text) for __default_signal_display
    defsig_pvfn_inner.o(.text) refers to defsig_general.o(.text) for __default_signal_display
    defsig_cppl_inner.o(.text) refers to defsig_general.o(.text) for __default_signal_display
    defsig_segv_inner.o(.text) refers to defsig_general.o(.text) for __default_signal_display
    defsig_other.o(.text) refers to defsig_general.o(.text) for __default_signal_display


==============================================================================

Removing Unused input sections from the image.

    Removing main.o(.rev16_text), (4 bytes).
    Removing main.o(.revsh_text), (4 bytes).
    Removing main.o(.data), (8 bytes).
    Removing clk.o(.rev16_text), (4 bytes).
    Removing clk.o(.revsh_text), (4 bytes).
    Removing clk.o(i.CLK_DisableCKO), (16 bytes).
    Removing clk.o(i.CLK_DisableModuleClock), (60 bytes).
    Removing clk.o(i.CLK_DisablePLL), (20 bytes).
    Removing clk.o(i.CLK_DisableSysTick), (12 bytes).
    Removing clk.o(i.CLK_DisableXtalRC), (16 bytes).
    Removing clk.o(i.CLK_EnableCKO), (48 bytes).
    Removing clk.o(i.CLK_EnablePLL), (388 bytes).
    Removing clk.o(i.CLK_EnableSysTick), (72 bytes).
    Removing clk.o(i.CLK_GetCPUFreq), (16 bytes).
    Removing clk.o(i.CLK_GetHXTFreq), (28 bytes).
    Removing clk.o(i.CLK_GetPCLKFreq), (16 bytes).
    Removing clk.o(i.CLK_GetPLLClockFreq), (128 bytes).
    Removing clk.o(i.CLK_Idle), (36 bytes).
    Removing clk.o(i.CLK_PowerDown), (40 bytes).
    Removing clk.o(i.CLK_SetCoreClock), (156 bytes).
    Removing clk.o(i.CLK_SetSysTickClockSrc), (20 bytes).
    Removing spi.o(.rev16_text), (4 bytes).
    Removing spi.o(.revsh_text), (4 bytes).
    Removing spi.o(i.SPI_ClearIntFlag), (64 bytes).
    Removing spi.o(i.SPI_ClearRxFIFO), (10 bytes).
    Removing spi.o(i.SPI_ClearTxFIFO), (10 bytes).
    Removing spi.o(i.SPI_Close), (36 bytes).
    Removing spi.o(i.SPI_DisableAutoSS), (10 bytes).
    Removing spi.o(i.SPI_DisableFIFO), (12 bytes).
    Removing spi.o(i.SPI_DisableInt), (104 bytes).
    Removing spi.o(i.SPI_EnableFIFO), (32 bytes).
    Removing spi.o(i.SPI_EnableInt), (104 bytes).
    Removing spi.o(i.SPI_GetBusClock), (72 bytes).
    Removing spi.o(i.SPI_GetIntFlag), (146 bytes).
    Removing spi.o(i.SPI_GetStatus), (126 bytes).
    Removing spi.o(i.SPI_SetBusClock), (224 bytes).
    Removing sys.o(.rev16_text), (4 bytes).
    Removing sys.o(.revsh_text), (4 bytes).
    Removing sys.o(i.SYS_ClearResetSrc), (16 bytes).
    Removing sys.o(i.SYS_DisableBOD), (18 bytes).
    Removing sys.o(i.SYS_EnableBOD), (50 bytes).
    Removing sys.o(i.SYS_GetBODStatus), (14 bytes).
    Removing sys.o(i.SYS_GetResetSrc), (8 bytes).
    Removing sys.o(i.SYS_IsRegLocked), (20 bytes).
    Removing sys.o(i.SYS_ReadPDID), (8 bytes).
    Removing sys.o(i.SYS_ResetCPU), (18 bytes).
    Removing sys.o(i.SYS_ResetChip), (18 bytes).
    Removing sys.o(i.SYS_ResetModule), (48 bytes).
    Removing gpio.o(.rev16_text), (4 bytes).
    Removing gpio.o(.revsh_text), (4 bytes).
    Removing gpio.o(i.GPIO_DisableInt), (28 bytes).
    Removing gpio.o(i.GPIO_EnableInt), (26 bytes).
    Removing gpio.o(i.GPIO_SetMode), (46 bytes).
    Removing uart.o(.rev16_text), (4 bytes).
    Removing uart.o(.revsh_text), (4 bytes).
    Removing uart.o(i.UART_ClearIntFlag), (112 bytes).
    Removing uart.o(i.UART_Close), (6 bytes).
    Removing uart.o(i.UART_DisableFlowCtrl), (12 bytes).
    Removing uart.o(i.UART_DisableInt), (112 bytes).
    Removing uart.o(i.UART_EnableFlowCtrl), (30 bytes).
    Removing uart.o(i.UART_EnableInt), (112 bytes).
    Removing uart.o(i.UART_Read), (54 bytes).
    Removing uart.o(i.UART_SelectIrDAMode), (164 bytes).
    Removing uart.o(i.UART_SelectLINMode), (26 bytes).
    Removing uart.o(i.UART_SelectRS485Mode), (32 bytes).
    Removing uart.o(i.UART_SetLine_Config), (184 bytes).
    Removing uart.o(i.UART_SetTimeoutCnt), (22 bytes).
    Removing uart.o(i.UART_Write), (54 bytes).
    Removing uart.o(i.__NVIC_DisableIRQ), (56 bytes).
    Removing uart.o(i.__NVIC_EnableIRQ), (32 bytes).
    Removing socket.o(i.connect), (344 bytes).
    Removing socket.o(i.ctlsocket), (288 bytes).
    Removing socket.o(i.getsockopt), (384 bytes).
    Removing socket.o(i.setsockopt), (388 bytes).
    Removing wizchip_conf.o(i.ctlnetwork), (80 bytes).
    Removing wizchip_conf.o(i.reg_wizchip_bus_cbfunc), (60 bytes).
    Removing wizchip_conf.o(i.reg_wizchip_cris_cbfunc), (44 bytes).
    Removing wizchip_conf.o(i.reg_wizchip_spiburst_cbfunc), (56 bytes).
    Removing wizchip_conf.o(i.wizchip_getnetinfo), (92 bytes).
    Removing wizchip_conf.o(i.wizchip_getnetmode), (10 bytes).
    Removing wizchip_conf.o(i.wizchip_gettimeout), (38 bytes).
    Removing wizchip_conf.o(i.wizchip_setnetinfo), (88 bytes).
    Removing wizchip_conf.o(i.wizchip_setnetmode), (46 bytes).
    Removing wizchip_conf.o(i.wizchip_settimeout), (38 bytes).
    Removing wizchip_conf.o(i.wizchip_spi_readburst), (2 bytes).
    Removing wizchip_conf.o(i.wizchip_spi_writeburst), (2 bytes).
    Removing wizchip_conf.o(i.wizphy_getphystat), (32 bytes).
    Removing loopback.o(i.loopback_tcpc), (484 bytes).
    Removing loopback.o(.data), (2 bytes).
    Removing retarget.o(.rev16_text), (4 bytes).
    Removing retarget.o(.revsh_text), (4 bytes).
    Removing retarget.o(i.GetChar), (32 bytes).
    Removing retarget.o(i.IsDebugFifoEmpty), (20 bytes).
    Removing retarget.o(i._ttywrch), (12 bytes).
    Removing retarget.o(i.fgetc), (10 bytes).
    Removing retarget.o(i.kbhit), (20 bytes).
    Removing system_nuc131.o(.rev16_text), (4 bytes).
    Removing system_nuc131.o(.revsh_text), (4 bytes).

98 unused section(s) (total 5992 bytes) removed from the image.

==============================================================================

Image Symbol Table

    Local Symbols

    Symbol Name                              Value     Ov Type        Size  Object(Section)

    RESET                                    0x00000000   Section      192  startup_nuc131.o(RESET)
    ../clib/angel/boardlib.s                 0x00000000   Number         0  boardshut.o ABSOLUTE
    ../clib/angel/boardlib.s                 0x00000000   Number         0  boardinit1.o ABSOLUTE
    ../clib/angel/boardlib.s                 0x00000000   Number         0  boardinit2.o ABSOLUTE
    ../clib/angel/boardlib.s                 0x00000000   Number         0  boardinit3.o ABSOLUTE
    ../clib/angel/handlers.s                 0x00000000   Number         0  __scatter_zi.o ABSOLUTE
    ../clib/angel/handlers.s                 0x00000000   Number         0  __scatter_copy.o ABSOLUTE
    ../clib/angel/kernel.s                   0x00000000   Number         0  __rtentry2.o ABSOLUTE
    ../clib/angel/kernel.s                   0x00000000   Number         0  rtexit2.o ABSOLUTE
    ../clib/angel/kernel.s                   0x00000000   Number         0  __rtentry.o ABSOLUTE
    ../clib/angel/kernel.s                   0x00000000   Number         0  __rtentry4.o ABSOLUTE
    ../clib/angel/kernel.s                   0x00000000   Number         0  rtexit.o ABSOLUTE
    ../clib/angel/rt.s                       0x00000000   Number         0  aeabi_idiv0_sigfpe.o ABSOLUTE
    ../clib/angel/rt.s                       0x00000000   Number         0  aeabi_idiv0.o ABSOLUTE
    ../clib/angel/rt.s                       0x00000000   Number         0  rt_div0.o ABSOLUTE
    ../clib/angel/rt.s                       0x00000000   Number         0  rt_raise.o ABSOLUTE
    ../clib/angel/scatterp.s                 0x00000000   Number         0  __scatter.o ABSOLUTE
    ../clib/angel/startup.s                  0x00000000   Number         0  __main.o ABSOLUTE
    ../clib/angel/sys.s                      0x00000000   Number         0  use_no_semi.o ABSOLUTE
    ../clib/angel/sys.s                      0x00000000   Number         0  sys_stackheap_outer.o ABSOLUTE
    ../clib/angel/sys.s                      0x00000000   Number         0  indicate_semi.o ABSOLUTE
    ../clib/angel/sys.s                      0x00000000   Number         0  tempstk.o ABSOLUTE
    ../clib/angel/sys.s                      0x00000000   Number         0  libspace.o ABSOLUTE
    ../clib/angel/sysapp.c                   0x00000000   Number         0  sys_command.o ABSOLUTE
    ../clib/angel/sysapp.c                   0x00000000   Number         0  sys_exit.o ABSOLUTE
    ../clib/armsys.c                         0x00000000   Number         0  no_argv.o ABSOLUTE
    ../clib/armsys.c                         0x00000000   Number         0  argv_veneer.o ABSOLUTE
    ../clib/armsys.c                         0x00000000   Number         0  _get_argv_nomalloc.o ABSOLUTE
    ../clib/division.c                       0x00000000   Number         0  rtudiv10.o ABSOLUTE
    ../clib/division.s                       0x00000000   Number         0  aeabi_sdiv.o ABSOLUTE
    ../clib/division.s                       0x00000000   Number         0  aeabi_sdiv_div0.o ABSOLUTE
    ../clib/heapalloc.c                      0x00000000   Number         0  hrguard.o ABSOLUTE
    ../clib/heapaux.c                        0x00000000   Number         0  heapauxi.o ABSOLUTE
    ../clib/libinit.s                        0x00000000   Number         0  libshutdown.o ABSOLUTE
    ../clib/libinit.s                        0x00000000   Number         0  libinit.o ABSOLUTE
    ../clib/libinit.s                        0x00000000   Number         0  libshutdown2.o ABSOLUTE
    ../clib/libinit.s                        0x00000000   Number         0  libinit2.o ABSOLUTE
    ../clib/memcpset.c                       0x00000000   Number         0  rt_memcpy.o ABSOLUTE
    ../clib/memcpset.c                       0x00000000   Number         0  rt_memcpy.o ABSOLUTE
    ../clib/misc.s                           0x00000000   Number         0  printf_stubs.o ABSOLUTE
    ../clib/printf.c                         0x00000000   Number         0  _printf_hex_ll_ptr.o ABSOLUTE
    ../clib/printf.c                         0x00000000   Number         0  _printf_hex_int_ll_ptr.o ABSOLUTE
    ../clib/printf.c                         0x00000000   Number         0  __printf_flags.o ABSOLUTE
    ../clib/printf.c                         0x00000000   Number         0  _printf_char.o ABSOLUTE
    ../clib/printf.c                         0x00000000   Number         0  __printf_flags_ss.o ABSOLUTE
    ../clib/printf.c                         0x00000000   Number         0  __printf_wp.o ABSOLUTE
    ../clib/printf.c                         0x00000000   Number         0  __printf_flags_wp.o ABSOLUTE
    ../clib/printf.c                         0x00000000   Number         0  __printf_ss_wp.o ABSOLUTE
    ../clib/printf.c                         0x00000000   Number         0  __printf_flags_ss_wp.o ABSOLUTE
    ../clib/printf.c                         0x00000000   Number         0  _printf_intcommon.o ABSOLUTE
    ../clib/printf.c                         0x00000000   Number         0  _printf_char_file.o ABSOLUTE
    ../clib/printf.c                         0x00000000   Number         0  _printf_char_common.o ABSOLUTE
    ../clib/printf.c                         0x00000000   Number         0  __printf_nopercent.o ABSOLUTE
    ../clib/printf.c                         0x00000000   Number         0  __printf_ss.o ABSOLUTE
    ../clib/printf.c                         0x00000000   Number         0  __2printf.o ABSOLUTE
    ../clib/printf.c                         0x00000000   Number         0  noretval__2printf.o ABSOLUTE
    ../clib/printf.c                         0x00000000   Number         0  __printf.o ABSOLUTE
    ../clib/printf.c                         0x00000000   Number         0  _printf_pad.o ABSOLUTE
    ../clib/printf.c                         0x00000000   Number         0  _printf_str.o ABSOLUTE
    ../clib/printf.c                         0x00000000   Number         0  _printf_dec.o ABSOLUTE
    ../clib/printf.c                         0x00000000   Number         0  _printf_hex_ll.o ABSOLUTE
    ../clib/printf.c                         0x00000000   Number         0  _printf_hex_int.o ABSOLUTE
    ../clib/printf.c                         0x00000000   Number         0  _printf_hex_int_ll.o ABSOLUTE
    ../clib/printf.c                         0x00000000   Number         0  _printf_hex_ptr.o ABSOLUTE
    ../clib/printf.c                         0x00000000   Number         0  _printf_hex_int_ptr.o ABSOLUTE
    ../clib/printf_percent.s                 0x00000000   Number         0  _printf_d.o ABSOLUTE
    ../clib/printf_percent.s                 0x00000000   Number         0  _printf_s.o ABSOLUTE
    ../clib/printf_percent.s                 0x00000000   Number         0  _printf_percent_end.o ABSOLUTE
    ../clib/printf_percent.s                 0x00000000   Number         0  _printf_x.o ABSOLUTE
    ../clib/printf_percent.s                 0x00000000   Number         0  _printf_percent.o ABSOLUTE
    ../clib/signal.c                         0x00000000   Number         0  defsig_general.o ABSOLUTE
    ../clib/signal.c                         0x00000000   Number         0  defsig_rtmem_inner.o ABSOLUTE
    ../clib/signal.c                         0x00000000   Number         0  defsig_rtred_inner.o ABSOLUTE
    ../clib/signal.c                         0x00000000   Number         0  defsig_abrt_inner.o ABSOLUTE
    ../clib/signal.c                         0x00000000   Number         0  __raise.o ABSOLUTE
    ../clib/signal.c                         0x00000000   Number         0  defsig_rtmem_formal.o ABSOLUTE
    ../clib/signal.c                         0x00000000   Number         0  defsig_stak_inner.o ABSOLUTE
    ../clib/signal.c                         0x00000000   Number         0  defsig_pvfn_inner.o ABSOLUTE
    ../clib/signal.c                         0x00000000   Number         0  defsig_cppl_inner.o ABSOLUTE
    ../clib/signal.c                         0x00000000   Number         0  defsig_segv_inner.o ABSOLUTE
    ../clib/signal.c                         0x00000000   Number         0  defsig_other.o ABSOLUTE
    ../clib/signal.c                         0x00000000   Number         0  defsig_fpe_outer.o ABSOLUTE
    ../clib/signal.c                         0x00000000   Number         0  defsig_rtmem_outer.o ABSOLUTE
    ../clib/signal.c                         0x00000000   Number         0  defsig_fpe_formal.o ABSOLUTE
    ../clib/signal.c                         0x00000000   Number         0  defsig_exit.o ABSOLUTE
    ../clib/signal.c                         0x00000000   Number         0  defsig_fpe_inner.o ABSOLUTE
    ../clib/signal.s                         0x00000000   Number         0  defsig.o ABSOLUTE
    ../clib/stdlib.c                         0x00000000   Number         0  exit.o ABSOLUTE
    ../fplib/cfplib/fpinit.c                 0x00000000   Number         0  fpinit.o ABSOLUTE
    ..\..\..\Do An\Ethernet\ioLibrary_Driver-master\Application\loopback\loopback.c 0x00000000   Number         0  loopback.o ABSOLUTE
    ..\..\..\Do An\Ethernet\ioLibrary_Driver-master\Ethernet\W5500\w5500.c 0x00000000   Number         0  w5500.o ABSOLUTE
    ..\..\..\Do An\Ethernet\ioLibrary_Driver-master\Ethernet\socket.c 0x00000000   Number         0  socket.o ABSOLUTE
    ..\..\..\Do An\Ethernet\ioLibrary_Driver-master\Ethernet\wizchip_conf.c 0x00000000   Number         0  wizchip_conf.o ABSOLUTE
    ..\..\..\Do An\NUC131Series_BSP_CMSIS_v3.00.004\Library\StdDriver\src\clk.c 0x00000000   Number         0  clk.o ABSOLUTE
    ..\..\..\Do An\NUC131Series_BSP_CMSIS_v3.00.004\Library\StdDriver\src\gpio.c 0x00000000   Number         0  gpio.o ABSOLUTE
    ..\..\..\Do An\NUC131Series_BSP_CMSIS_v3.00.004\Library\StdDriver\src\spi.c 0x00000000   Number         0  spi.o ABSOLUTE
    ..\..\..\Do An\NUC131Series_BSP_CMSIS_v3.00.004\Library\StdDriver\src\sys.c 0x00000000   Number         0  sys.o ABSOLUTE
    ..\..\..\Do An\NUC131Series_BSP_CMSIS_v3.00.004\Library\StdDriver\src\uart.c 0x00000000   Number         0  uart.o ABSOLUTE
    ..\\..\\..\\Do An\\NUC131Series_BSP_CMSIS_v3.00.004\\Library\\StdDriver\\src\\clk.c 0x00000000   Number         0  clk.o ABSOLUTE
    ..\\..\\..\\Do An\\NUC131Series_BSP_CMSIS_v3.00.004\\Library\\StdDriver\\src\\gpio.c 0x00000000   Number         0  gpio.o ABSOLUTE
    ..\\..\\..\\Do An\\NUC131Series_BSP_CMSIS_v3.00.004\\Library\\StdDriver\\src\\spi.c 0x00000000   Number         0  spi.o ABSOLUTE
    ..\\..\\..\\Do An\\NUC131Series_BSP_CMSIS_v3.00.004\\Library\\StdDriver\\src\\sys.c 0x00000000   Number         0  sys.o ABSOLUTE
    ..\\..\\..\\Do An\\NUC131Series_BSP_CMSIS_v3.00.004\\Library\\StdDriver\\src\\uart.c 0x00000000   Number         0  uart.o ABSOLUTE
    RTE\Device\NUC131SD2AE\retarget.c        0x00000000   Number         0  retarget.o ABSOLUTE
    RTE\Device\NUC131SD2AE\startup_NUC131.s  0x00000000   Number         0  startup_nuc131.o ABSOLUTE
    RTE\Device\NUC131SD2AE\system_NUC131.c   0x00000000   Number         0  system_nuc131.o ABSOLUTE
    RTE\\Device\\NUC131SD2AE\\retarget.c     0x00000000   Number         0  retarget.o ABSOLUTE
    RTE\\Device\\NUC131SD2AE\\system_NUC131.c 0x00000000   Number         0  system_nuc131.o ABSOLUTE
    dc.s                                     0x00000000   Number         0  dc.o ABSOLUTE
    main.c                                   0x00000000   Number         0  main.o ABSOLUTE
    main.c                                   0x00000000   Number         0  main.o ABSOLUTE
    !!!main                                  0x000000c0   Section        8  __main.o(!!!main)
    !!!scatter                               0x000000c8   Section       60  __scatter.o(!!!scatter)
    !!handler_copy                           0x00000104   Section       26  __scatter_copy.o(!!handler_copy)
    !!handler_zi                             0x00000120   Section       28  __scatter_zi.o(!!handler_zi)
    .ARM.Collect$$_printf_percent$$00000000  0x0000013c   Section        2  _printf_percent.o(.ARM.Collect$$_printf_percent$$00000000)
    .ARM.Collect$$_printf_percent$$00000009  0x0000013e   Section       10  _printf_d.o(.ARM.Collect$$_printf_percent$$00000009)
    .ARM.Collect$$_printf_percent$$0000000C  0x00000148   Section       10  _printf_x.o(.ARM.Collect$$_printf_percent$$0000000C)
    .ARM.Collect$$_printf_percent$$00000014  0x00000152   Section       10  _printf_s.o(.ARM.Collect$$_printf_percent$$00000014)
    .ARM.Collect$$_printf_percent$$00000017  0x0000015c   Section        4  _printf_percent_end.o(.ARM.Collect$$_printf_percent$$00000017)
    .ARM.Collect$$libinit$$00000000          0x00000160   Section        2  libinit.o(.ARM.Collect$$libinit$$00000000)
    .ARM.Collect$$libinit$$00000002          0x00000162   Section        0  libinit2.o(.ARM.Collect$$libinit$$00000002)
    .ARM.Collect$$libinit$$00000004          0x00000162   Section        0  libinit2.o(.ARM.Collect$$libinit$$00000004)
    .ARM.Collect$$libinit$$0000000A          0x00000162   Section        0  libinit2.o(.ARM.Collect$$libinit$$0000000A)
    .ARM.Collect$$libinit$$0000000C          0x00000162   Section        0  libinit2.o(.ARM.Collect$$libinit$$0000000C)
    .ARM.Collect$$libinit$$0000000E          0x00000162   Section        0  libinit2.o(.ARM.Collect$$libinit$$0000000E)
    .ARM.Collect$$libinit$$00000011          0x00000162   Section        0  libinit2.o(.ARM.Collect$$libinit$$00000011)
    .ARM.Collect$$libinit$$00000013          0x00000162   Section        0  libinit2.o(.ARM.Collect$$libinit$$00000013)
    .ARM.Collect$$libinit$$00000015          0x00000162   Section        0  libinit2.o(.ARM.Collect$$libinit$$00000015)
    .ARM.Collect$$libinit$$00000017          0x00000162   Section        0  libinit2.o(.ARM.Collect$$libinit$$00000017)
    .ARM.Collect$$libinit$$00000019          0x00000162   Section        0  libinit2.o(.ARM.Collect$$libinit$$00000019)
    .ARM.Collect$$libinit$$0000001B          0x00000162   Section        0  libinit2.o(.ARM.Collect$$libinit$$0000001B)
    .ARM.Collect$$libinit$$0000001D          0x00000162   Section        0  libinit2.o(.ARM.Collect$$libinit$$0000001D)
    .ARM.Collect$$libinit$$0000001F          0x00000162   Section        0  libinit2.o(.ARM.Collect$$libinit$$0000001F)
    .ARM.Collect$$libinit$$00000021          0x00000162   Section        0  libinit2.o(.ARM.Collect$$libinit$$00000021)
    .ARM.Collect$$libinit$$00000023          0x00000162   Section        0  libinit2.o(.ARM.Collect$$libinit$$00000023)
    .ARM.Collect$$libinit$$00000025          0x00000162   Section        0  libinit2.o(.ARM.Collect$$libinit$$00000025)
    .ARM.Collect$$libinit$$0000002C          0x00000162   Section        0  libinit2.o(.ARM.Collect$$libinit$$0000002C)
    .ARM.Collect$$libinit$$0000002E          0x00000162   Section        0  libinit2.o(.ARM.Collect$$libinit$$0000002E)
    .ARM.Collect$$libinit$$00000030          0x00000162   Section        0  libinit2.o(.ARM.Collect$$libinit$$00000030)
    .ARM.Collect$$libinit$$00000032          0x00000162   Section        0  libinit2.o(.ARM.Collect$$libinit$$00000032)
    .ARM.Collect$$libinit$$00000033          0x00000162   Section        2  libinit2.o(.ARM.Collect$$libinit$$00000033)
    .ARM.Collect$$libshutdown$$00000000      0x00000164   Section        2  libshutdown.o(.ARM.Collect$$libshutdown$$00000000)
    .ARM.Collect$$libshutdown$$00000002      0x00000166   Section        0  libshutdown2.o(.ARM.Collect$$libshutdown$$00000002)
    .ARM.Collect$$libshutdown$$00000004      0x00000166   Section        0  libshutdown2.o(.ARM.Collect$$libshutdown$$00000004)
    .ARM.Collect$$libshutdown$$00000007      0x00000166   Section        0  libshutdown2.o(.ARM.Collect$$libshutdown$$00000007)
    .ARM.Collect$$libshutdown$$0000000A      0x00000166   Section        0  libshutdown2.o(.ARM.Collect$$libshutdown$$0000000A)
    .ARM.Collect$$libshutdown$$0000000C      0x00000166   Section        0  libshutdown2.o(.ARM.Collect$$libshutdown$$0000000C)
    .ARM.Collect$$libshutdown$$0000000F      0x00000166   Section        0  libshutdown2.o(.ARM.Collect$$libshutdown$$0000000F)
    .ARM.Collect$$libshutdown$$00000010      0x00000166   Section        2  libshutdown2.o(.ARM.Collect$$libshutdown$$00000010)
    .ARM.Collect$$rtentry$$00000000          0x00000168   Section        0  __rtentry.o(.ARM.Collect$$rtentry$$00000000)
    .ARM.Collect$$rtentry$$00000002          0x00000168   Section        0  __rtentry2.o(.ARM.Collect$$rtentry$$00000002)
    .ARM.Collect$$rtentry$$00000004          0x00000168   Section        6  __rtentry4.o(.ARM.Collect$$rtentry$$00000004)
    .ARM.Collect$$rtentry$$00000009          0x0000016e   Section        0  __rtentry2.o(.ARM.Collect$$rtentry$$00000009)
    .ARM.Collect$$rtentry$$0000000A          0x0000016e   Section        4  __rtentry2.o(.ARM.Collect$$rtentry$$0000000A)
    .ARM.Collect$$rtentry$$0000000C          0x00000172   Section        0  __rtentry2.o(.ARM.Collect$$rtentry$$0000000C)
    .ARM.Collect$$rtentry$$0000000D          0x00000172   Section        8  __rtentry2.o(.ARM.Collect$$rtentry$$0000000D)
    .ARM.Collect$$rtexit$$00000000           0x0000017a   Section        2  rtexit.o(.ARM.Collect$$rtexit$$00000000)
    .ARM.Collect$$rtexit$$00000002           0x0000017c   Section        0  rtexit2.o(.ARM.Collect$$rtexit$$00000002)
    .ARM.Collect$$rtexit$$00000003           0x0000017c   Section        4  rtexit2.o(.ARM.Collect$$rtexit$$00000003)
    .ARM.Collect$$rtexit$$00000004           0x00000180   Section        6  rtexit2.o(.ARM.Collect$$rtexit$$00000004)
    .emb_text                                0x00000188   Section       28  retarget.o(.emb_text)
    .emb_text                                0x000001a4   Section       56  rt_memcpy.o(.emb_text)
    .text                                    0x000001dc   Section      100  startup_nuc131.o(.text)
    Default_Handler                          0x00000207   Thumb Code     2  startup_nuc131.o(.text)
    .text                                    0x00000240   Section        0  noretval__2printf.o(.text)
    .text                                    0x0000025c   Section        0  _printf_pad.o(.text)
    .text                                    0x000002aa   Section        0  _printf_str.o(.text)
    .text                                    0x000002fc   Section        0  _printf_dec.o(.text)
    .text                                    0x00000368   Section        0  _printf_hex_int.o(.text)
    .text                                    0x000003c0   Section        0  __printf_flags_ss_wp.o(.text)
    .text                                    0x00000548   Section      346  aeabi_sdiv.o(.text)
    .text                                    0x000006a2   Section        0  heapauxi.o(.text)
    .text                                    0x000006a8   Section        0  _printf_intcommon.o(.text)
    .text                                    0x00000758   Section        0  _printf_char.o(.text)
    .text                                    0x00000788   Section        0  _printf_char_file.o(.text)
    .text                                    0x000007b0   Section        0  rtudiv10.o(.text)
    .text                                    0x000007d8   Section        0  _printf_char_common.o(.text)
    _printf_input_char                       0x000007d9   Thumb Code    10  _printf_char_common.o(.text)
    .text                                    0x00000808   Section       62  sys_stackheap_outer.o(.text)
    .text                                    0x00000846   Section        0  exit.o(.text)
    .text                                    0x00000858   Section        8  libspace.o(.text)
    .text                                    0x00000860   Section        0  sys_exit.o(.text)
    .text                                    0x0000086c   Section        2  use_no_semi.o(.text)
    .text                                    0x0000086e   Section        0  indicate_semi.o(.text)
    i.CLK_EnableModuleClock                  0x00000870   Section        0  clk.o(i.CLK_EnableModuleClock)
    i.CLK_EnableXtalRC                       0x000008ac   Section        0  clk.o(i.CLK_EnableXtalRC)
    i.CLK_GetHCLKFreq                        0x000008bc   Section        0  clk.o(i.CLK_GetHCLKFreq)
    i.CLK_GetPLLClockFreq                    0x000008cc   Section        0  spi.o(i.CLK_GetPLLClockFreq)
    CLK_GetPLLClockFreq                      0x000008cd   Thumb Code   112  spi.o(i.CLK_GetPLLClockFreq)
    i.CLK_GetPLLClockFreq                    0x0000094c   Section        0  uart.o(i.CLK_GetPLLClockFreq)
    CLK_GetPLLClockFreq                      0x0000094d   Thumb Code   112  uart.o(i.CLK_GetPLLClockFreq)
    i.CLK_GetPLLClockFreq                    0x000009cc   Section        0  system_nuc131.o(i.CLK_GetPLLClockFreq)
    CLK_GetPLLClockFreq                      0x000009cd   Thumb Code   112  system_nuc131.o(i.CLK_GetPLLClockFreq)
    i.CLK_SetHCLK                            0x00000a4c   Section        0  clk.o(i.CLK_SetHCLK)
    i.CLK_SetModuleClock                     0x00000ab8   Section        0  clk.o(i.CLK_SetModuleClock)
    i.CLK_WaitClockReady                     0x00000b2c   Section        0  clk.o(i.CLK_WaitClockReady)
    i.Hard_Fault_Handler                     0x00000b54   Section        0  retarget.o(i.Hard_Fault_Handler)
    __tagsym$$used                           0x00000b55   Number         0  retarget.o(i.Hard_Fault_Handler)
    i.SPI_EnableAutoSS                       0x00000b80   Section        0  spi.o(i.SPI_EnableAutoSS)
    i.SPI_Init                               0x00000b98   Section        0  main.o(i.SPI_Init)
    i.SPI_Open                               0x00000bc4   Section        0  spi.o(i.SPI_Open)
    i.SYS_Init                               0x00000ce4   Section        0  main.o(i.SYS_Init)
    i.SendChar                               0x00000d70   Section        0  retarget.o(i.SendChar)
    i.SendChar_ToUART                        0x00000d7c   Section        0  retarget.o(i.SendChar_ToUART)
    i.SystemCoreClockUpdate                  0x00000db0   Section        0  system_nuc131.o(i.SystemCoreClockUpdate)
    i.SystemInit                             0x00000e14   Section        0  system_nuc131.o(i.SystemInit)
    i.UART_Open                              0x00000e18   Section        0  uart.o(i.UART_Open)
    i.WIZCHIP_READ                           0x00000ed0   Section        0  w5500.o(i.WIZCHIP_READ)
    i.WIZCHIP_READ_BUF                       0x00000f58   Section        0  w5500.o(i.WIZCHIP_READ_BUF)
    i.WIZCHIP_WRITE                          0x00000ff8   Section        0  w5500.o(i.WIZCHIP_WRITE)
    i.WIZCHIP_WRITE_BUF                      0x0000107c   Section        0  w5500.o(i.WIZCHIP_WRITE_BUF)
    i.__ARM_common_switch8                   0x00001118   Section        0  socket.o(i.__ARM_common_switch8)
    i._is_digit                              0x00001134   Section        0  __printf_wp.o(i._is_digit)
    i.close                                  0x00001144   Section        0  socket.o(i.close)
    i.ctlwizchip                             0x000011e0   Section        0  wizchip_conf.o(i.ctlwizchip)
    i.disconnect                             0x000012f4   Section        0  socket.o(i.disconnect)
    i.ferror                                 0x000013ac   Section        0  retarget.o(i.ferror)
    i.fputc                                  0x000013b4   Section        0  retarget.o(i.fputc)
    i.getSn_RX_RSR                           0x000013c4   Section        0  w5500.o(i.getSn_RX_RSR)
    i.getSn_TX_FSR                           0x00001432   Section        0  w5500.o(i.getSn_TX_FSR)
    i.listen                                 0x000014a0   Section        0  socket.o(i.listen)
    i.loopback_tcps                          0x00001538   Section        0  loopback.o(i.loopback_tcps)
    i.loopback_udps                          0x00001710   Section        0  loopback.o(i.loopback_udps)
    i.main                                   0x00001828   Section        0  main.o(i.main)
    i.recv                                   0x00001a74   Section        0  socket.o(i.recv)
    i.recvfrom                               0x00001b94   Section        0  socket.o(i.recvfrom)
    i.reg_wizchip_cs_cbfunc                  0x00001e9c   Section        0  wizchip_conf.o(i.reg_wizchip_cs_cbfunc)
    i.reg_wizchip_spi_cbfunc                 0x00001ec8   Section        0  wizchip_conf.o(i.reg_wizchip_spi_cbfunc)
    i.send                                   0x00001f04   Section        0  socket.o(i.send)
    i.sendto                                 0x0000207c   Section        0  socket.o(i.sendto)
    i.socket                                 0x00002284   Section        0  socket.o(i.socket)
    i.stackDump                              0x00002420   Section        0  retarget.o(i.stackDump)
    stackDump                                0x00002421   Thumb Code    70  retarget.o(i.stackDump)
    i.wiz_recv_data                          0x000024c8   Section        0  w5500.o(i.wiz_recv_data)
    i.wiz_recv_ignore                        0x0000254e   Section        0  w5500.o(i.wiz_recv_ignore)
    i.wiz_send_data                          0x000025ae   Section        0  w5500.o(i.wiz_send_data)
    i.wizchip_bus_readdata                   0x00002634   Section        0  wizchip_conf.o(i.wizchip_bus_readdata)
    i.wizchip_bus_writedata                  0x0000263a   Section        0  wizchip_conf.o(i.wizchip_bus_writedata)
    i.wizchip_clrinterrupt                   0x0000263e   Section        0  wizchip_conf.o(i.wizchip_clrinterrupt)
    i.wizchip_cris_enter                     0x00002660   Section        0  wizchip_conf.o(i.wizchip_cris_enter)
    i.wizchip_cris_exit                      0x00002662   Section        0  wizchip_conf.o(i.wizchip_cris_exit)
    i.wizchip_cs_deselect                    0x00002664   Section        0  wizchip_conf.o(i.wizchip_cs_deselect)
    i.wizchip_cs_select                      0x00002666   Section        0  wizchip_conf.o(i.wizchip_cs_select)
    i.wizchip_deselect                       0x00002668   Section        0  main.o(i.wizchip_deselect)
    i.wizchip_getinterrupt                   0x00002674   Section        0  wizchip_conf.o(i.wizchip_getinterrupt)
    i.wizchip_getinterruptmask               0x000026a0   Section        0  wizchip_conf.o(i.wizchip_getinterruptmask)
    i.wizchip_init                           0x000026c8   Section        0  wizchip_conf.o(i.wizchip_init)
    i.wizchip_read                           0x00002758   Section        0  main.o(i.wizchip_read)
    i.wizchip_select                         0x00002764   Section        0  main.o(i.wizchip_select)
    i.wizchip_setinterruptmask               0x00002770   Section        0  wizchip_conf.o(i.wizchip_setinterruptmask)
    i.wizchip_spi_readbyte                   0x0000278e   Section        0  wizchip_conf.o(i.wizchip_spi_readbyte)
    i.wizchip_spi_writebyte                  0x00002792   Section        0  wizchip_conf.o(i.wizchip_spi_writebyte)
    i.wizchip_sw_reset                       0x00002794   Section        0  wizchip_conf.o(i.wizchip_sw_reset)
    i.wizchip_write                          0x00002808   Section        0  main.o(i.wizchip_write)
    i.wizphy_getphyconf                      0x0000282c   Section        0  wizchip_conf.o(i.wizphy_getphyconf)
    i.wizphy_getphylink                      0x000028a6   Section        0  wizchip_conf.o(i.wizphy_getphylink)
    i.wizphy_getphypmode                     0x000028c0   Section        0  wizchip_conf.o(i.wizphy_getphypmode)
    i.wizphy_reset                           0x000028de   Section        0  wizchip_conf.o(i.wizphy_reset)
    i.wizphy_setphyconf                      0x00002916   Section        0  wizchip_conf.o(i.wizphy_setphyconf)
    i.wizphy_setphypmode                     0x00002972   Section        0  wizchip_conf.o(i.wizphy_setphypmode)
    .constdata                               0x000029e0   Section       39  main.o(.constdata)
    .constdata                               0x00002a08   Section       48  clk.o(.constdata)
    .constdata                               0x00002a38   Section       48  uart.o(.constdata)
    .constdata                               0x00002a68   Section       40  _printf_hex_int.o(.constdata)
    uc_hextab                                0x00002a68   Data          20  _printf_hex_int.o(.constdata)
    lc_hextab                                0x00002a7c   Data          20  _printf_hex_int.o(.constdata)
    .constdata                               0x00002a90   Section       17  __printf_flags_ss_wp.o(.constdata)
    maptable                                 0x00002a90   Data          17  __printf_flags_ss_wp.o(.constdata)
    .data                                    0x20000000   Section       14  socket.o(.data)
    sock_any_port                            0x20000000   Data           2  socket.o(.data)
    sock_io_mode                             0x20000002   Data           2  socket.o(.data)
    sock_is_sending                          0x20000004   Data           2  socket.o(.data)
    .data                                    0x20000010   Section       49  wizchip_conf.o(.data)
    _DNS_                                    0x2000003c   Data           4  wizchip_conf.o(.data)
    _DHCP_                                   0x20000040   Data           1  wizchip_conf.o(.data)
    .data                                    0x20000044   Section        8  retarget.o(.data)
    .data                                    0x2000004c   Section       44  system_nuc131.o(.data)
    .bss                                     0x20000078   Section     2224  main.o(.bss)
    .bss                                     0x20000928   Section       16  socket.o(.bss)
    sock_remained_size                       0x20000928   Data          16  socket.o(.bss)
    .bss                                     0x20000938   Section       96  libspace.o(.bss)
    HEAP                                     0x20000998   Section        0  startup_nuc131.o(HEAP)
    STACK                                    0x20000998   Section     1024  startup_nuc131.o(STACK)
    Heap_Mem                                 0x20000998   Data           0  startup_nuc131.o(HEAP)
    Stack_Mem                                0x20000998   Data        1024  startup_nuc131.o(STACK)
    __initial_sp                             0x20000d98   Data           0  startup_nuc131.o(STACK)

    Global Symbols

    Symbol Name                              Value     Ov Type        Size  Object(Section)

    BuildAttributes$$THM_ISAv3M$S$PE$A:L22$X:L11$S22$IEEE1$IW$USESV6$~STKCKD$USESV7$~SHL$OSPACE$ROPI$EBA8$UX$STANDARDLIB$REQ8$PRES8$EABIv2 0x00000000   Number         0  anon$$obj.o ABSOLUTE
    __ARM_use_no_argv                        0x00000000   Number         0  main.o ABSOLUTE
    __Vectors                                0x00000000   Data           4  startup_nuc131.o(RESET)
    _printf_flags                            0x00000000   Number         0  printf_stubs.o ABSOLUTE
    _printf_return_value                     0x00000000   Number         0  printf_stubs.o ABSOLUTE
    _printf_sizespec                         0x00000000   Number         0  printf_stubs.o ABSOLUTE
    _printf_widthprec                        0x00000000   Number         0  printf_stubs.o ABSOLUTE
    __ARM_exceptions_init                     - Undefined Weak Reference
    __alloca_initialize                       - Undefined Weak Reference
    __arm_preinit_                            - Undefined Weak Reference
    __cpp_initialize__aeabi_                  - Undefined Weak Reference
    __cxa_finalize                            - Undefined Weak Reference
    __rt_locale                               - Undefined Weak Reference
    __sigvec_lookup                           - Undefined Weak Reference
    _atexit_init                              - Undefined Weak Reference
    _call_atexit_fns                          - Undefined Weak Reference
    _clock_init                               - Undefined Weak Reference
    _fp_trap_init                             - Undefined Weak Reference
    _fp_trap_shutdown                         - Undefined Weak Reference
    _get_lc_collate                           - Undefined Weak Reference
    _get_lc_ctype                             - Undefined Weak Reference
    _get_lc_monetary                          - Undefined Weak Reference
    _get_lc_numeric                           - Undefined Weak Reference
    _get_lc_time                              - Undefined Weak Reference
    _getenv_init                              - Undefined Weak Reference
    _handle_redirection                       - Undefined Weak Reference
    _init_alloc                               - Undefined Weak Reference
    _init_user_alloc                          - Undefined Weak Reference
    _initio                                   - Undefined Weak Reference
    _printf_mbtowc                            - Undefined Weak Reference
    _printf_truncate_signed                   - Undefined Weak Reference
    _printf_truncate_unsigned                 - Undefined Weak Reference
    _rand_init                                - Undefined Weak Reference
    _signal_finish                            - Undefined Weak Reference
    _signal_init                              - Undefined Weak Reference
    _terminate_alloc                          - Undefined Weak Reference
    _terminate_user_alloc                     - Undefined Weak Reference
    _terminateio                              - Undefined Weak Reference
    __main                                   0x000000c1   Thumb Code     8  __main.o(!!!main)
    __scatterload                            0x000000c9   Thumb Code     0  __scatter.o(!!!scatter)
    __scatterload_rt2                        0x000000c9   Thumb Code    52  __scatter.o(!!!scatter)
    __scatterload_rt2_thumb_only             0x000000c9   Thumb Code     0  __scatter.o(!!!scatter)
    __scatterload_null                       0x000000d9   Thumb Code     0  __scatter.o(!!!scatter)
    __scatterload_copy                       0x00000105   Thumb Code    26  __scatter_copy.o(!!handler_copy)
    __scatterload_zeroinit                   0x00000121   Thumb Code    28  __scatter_zi.o(!!handler_zi)
    _printf_percent                          0x0000013d   Thumb Code     0  _printf_percent.o(.ARM.Collect$$_printf_percent$$00000000)
    _printf_d                                0x0000013f   Thumb Code     0  _printf_d.o(.ARM.Collect$$_printf_percent$$00000009)
    _printf_x                                0x00000149   Thumb Code     0  _printf_x.o(.ARM.Collect$$_printf_percent$$0000000C)
    _printf_s                                0x00000153   Thumb Code     0  _printf_s.o(.ARM.Collect$$_printf_percent$$00000014)
    _printf_percent_end                      0x0000015d   Thumb Code     0  _printf_percent_end.o(.ARM.Collect$$_printf_percent$$00000017)
    __rt_lib_init                            0x00000161   Thumb Code     0  libinit.o(.ARM.Collect$$libinit$$00000000)
    __rt_lib_init_alloca_1                   0x00000163   Thumb Code     0  libinit2.o(.ARM.Collect$$libinit$$0000002E)
    __rt_lib_init_argv_1                     0x00000163   Thumb Code     0  libinit2.o(.ARM.Collect$$libinit$$0000002C)
    __rt_lib_init_atexit_1                   0x00000163   Thumb Code     0  libinit2.o(.ARM.Collect$$libinit$$0000001B)
    __rt_lib_init_clock_1                    0x00000163   Thumb Code     0  libinit2.o(.ARM.Collect$$libinit$$00000021)
    __rt_lib_init_cpp_1                      0x00000163   Thumb Code     0  libinit2.o(.ARM.Collect$$libinit$$00000032)
    __rt_lib_init_exceptions_1               0x00000163   Thumb Code     0  libinit2.o(.ARM.Collect$$libinit$$00000030)
    __rt_lib_init_fp_1                       0x00000163   Thumb Code     0  libinit2.o(.ARM.Collect$$libinit$$00000002)
    __rt_lib_init_fp_trap_1                  0x00000163   Thumb Code     0  libinit2.o(.ARM.Collect$$libinit$$0000001F)
    __rt_lib_init_getenv_1                   0x00000163   Thumb Code     0  libinit2.o(.ARM.Collect$$libinit$$00000023)
    __rt_lib_init_heap_1                     0x00000163   Thumb Code     0  libinit2.o(.ARM.Collect$$libinit$$0000000A)
    __rt_lib_init_lc_collate_1               0x00000163   Thumb Code     0  libinit2.o(.ARM.Collect$$libinit$$00000011)
    __rt_lib_init_lc_ctype_1                 0x00000163   Thumb Code     0  libinit2.o(.ARM.Collect$$libinit$$00000013)
    __rt_lib_init_lc_monetary_1              0x00000163   Thumb Code     0  libinit2.o(.ARM.Collect$$libinit$$00000015)
    __rt_lib_init_lc_numeric_1               0x00000163   Thumb Code     0  libinit2.o(.ARM.Collect$$libinit$$00000017)
    __rt_lib_init_lc_time_1                  0x00000163   Thumb Code     0  libinit2.o(.ARM.Collect$$libinit$$00000019)
    __rt_lib_init_preinit_1                  0x00000163   Thumb Code     0  libinit2.o(.ARM.Collect$$libinit$$00000004)
    __rt_lib_init_rand_1                     0x00000163   Thumb Code     0  libinit2.o(.ARM.Collect$$libinit$$0000000E)
    __rt_lib_init_return                     0x00000163   Thumb Code     0  libinit2.o(.ARM.Collect$$libinit$$00000033)
    __rt_lib_init_signal_1                   0x00000163   Thumb Code     0  libinit2.o(.ARM.Collect$$libinit$$0000001D)
    __rt_lib_init_stdio_1                    0x00000163   Thumb Code     0  libinit2.o(.ARM.Collect$$libinit$$00000025)
    __rt_lib_init_user_alloc_1               0x00000163   Thumb Code     0  libinit2.o(.ARM.Collect$$libinit$$0000000C)
    __rt_lib_shutdown                        0x00000165   Thumb Code     0  libshutdown.o(.ARM.Collect$$libshutdown$$00000000)
    __rt_lib_shutdown_cpp_1                  0x00000167   Thumb Code     0  libshutdown2.o(.ARM.Collect$$libshutdown$$00000002)
    __rt_lib_shutdown_fp_trap_1              0x00000167   Thumb Code     0  libshutdown2.o(.ARM.Collect$$libshutdown$$00000007)
    __rt_lib_shutdown_heap_1                 0x00000167   Thumb Code     0  libshutdown2.o(.ARM.Collect$$libshutdown$$0000000F)
    __rt_lib_shutdown_return                 0x00000167   Thumb Code     0  libshutdown2.o(.ARM.Collect$$libshutdown$$00000010)
    __rt_lib_shutdown_signal_1               0x00000167   Thumb Code     0  libshutdown2.o(.ARM.Collect$$libshutdown$$0000000A)
    __rt_lib_shutdown_stdio_1                0x00000167   Thumb Code     0  libshutdown2.o(.ARM.Collect$$libshutdown$$00000004)
    __rt_lib_shutdown_user_alloc_1           0x00000167   Thumb Code     0  libshutdown2.o(.ARM.Collect$$libshutdown$$0000000C)
    __rt_entry                               0x00000169   Thumb Code     0  __rtentry.o(.ARM.Collect$$rtentry$$00000000)
    __rt_entry_presh_1                       0x00000169   Thumb Code     0  __rtentry2.o(.ARM.Collect$$rtentry$$00000002)
    __rt_entry_sh                            0x00000169   Thumb Code     0  __rtentry4.o(.ARM.Collect$$rtentry$$00000004)
    __rt_entry_li                            0x0000016f   Thumb Code     0  __rtentry2.o(.ARM.Collect$$rtentry$$0000000A)
    __rt_entry_postsh_1                      0x0000016f   Thumb Code     0  __rtentry2.o(.ARM.Collect$$rtentry$$00000009)
    __rt_entry_main                          0x00000173   Thumb Code     0  __rtentry2.o(.ARM.Collect$$rtentry$$0000000D)
    __rt_entry_postli_1                      0x00000173   Thumb Code     0  __rtentry2.o(.ARM.Collect$$rtentry$$0000000C)
    __rt_exit                                0x0000017b   Thumb Code     0  rtexit.o(.ARM.Collect$$rtexit$$00000000)
    __rt_exit_ls                             0x0000017d   Thumb Code     0  rtexit2.o(.ARM.Collect$$rtexit$$00000003)
    __rt_exit_prels_1                        0x0000017d   Thumb Code     0  rtexit2.o(.ARM.Collect$$rtexit$$00000002)
    __rt_exit_exit                           0x00000181   Thumb Code     0  rtexit2.o(.ARM.Collect$$rtexit$$00000004)
    HardFault_Handler                        0x00000189   Thumb Code    24  retarget.o(.emb_text)
    __aeabi_memcpy4                          0x000001a5   Thumb Code    56  rt_memcpy.o(.emb_text)
    __aeabi_memcpy8                          0x000001a5   Thumb Code     0  rt_memcpy.o(.emb_text)
    Reset_Handler                            0x000001dd   Thumb Code    32  startup_nuc131.o(.text)
    NMI_Handler                              0x000001fd   Thumb Code     2  startup_nuc131.o(.text)
    SVC_Handler                              0x00000201   Thumb Code     2  startup_nuc131.o(.text)
    PendSV_Handler                           0x00000203   Thumb Code     2  startup_nuc131.o(.text)
    SysTick_Handler                          0x00000205   Thumb Code     2  startup_nuc131.o(.text)
    ADC_IRQHandler                           0x00000207   Thumb Code     0  startup_nuc131.o(.text)
    BOD_IRQHandler                           0x00000207   Thumb Code     0  startup_nuc131.o(.text)
    BPWM0_IRQHandler                         0x00000207   Thumb Code     0  startup_nuc131.o(.text)
    BPWM1_IRQHandler                         0x00000207   Thumb Code     0  startup_nuc131.o(.text)
    BRAKE0_IRQHandler                        0x00000207   Thumb Code     0  startup_nuc131.o(.text)
    BRAKE1_IRQHandler                        0x00000207   Thumb Code     0  startup_nuc131.o(.text)
    CAN0_IRQHandler                          0x00000207   Thumb Code     0  startup_nuc131.o(.text)
    CAN1_IRQHandler                          0x00000207   Thumb Code     0  startup_nuc131.o(.text)
    CKD_IRQHandler                           0x00000207   Thumb Code     0  startup_nuc131.o(.text)
    EINT0_IRQHandler                         0x00000207   Thumb Code     0  startup_nuc131.o(.text)
    EINT1_IRQHandler                         0x00000207   Thumb Code     0  startup_nuc131.o(.text)
    GPAB_IRQHandler                          0x00000207   Thumb Code     0  startup_nuc131.o(.text)
    GPCDEF_IRQHandler                        0x00000207   Thumb Code     0  startup_nuc131.o(.text)
    I2C0_IRQHandler                          0x00000207   Thumb Code     0  startup_nuc131.o(.text)
    I2C1_IRQHandler                          0x00000207   Thumb Code     0  startup_nuc131.o(.text)
    PWM0_IRQHandler                          0x00000207   Thumb Code     0  startup_nuc131.o(.text)
    PWM1_IRQHandler                          0x00000207   Thumb Code     0  startup_nuc131.o(.text)
    PWRWU_IRQHandler                         0x00000207   Thumb Code     0  startup_nuc131.o(.text)
    RTC_IRQHandler                           0x00000207   Thumb Code     0  startup_nuc131.o(.text)
    SPI0_IRQHandler                          0x00000207   Thumb Code     0  startup_nuc131.o(.text)
    TMR0_IRQHandler                          0x00000207   Thumb Code     0  startup_nuc131.o(.text)
    TMR1_IRQHandler                          0x00000207   Thumb Code     0  startup_nuc131.o(.text)
    TMR2_IRQHandler                          0x00000207   Thumb Code     0  startup_nuc131.o(.text)
    TMR3_IRQHandler                          0x00000207   Thumb Code     0  startup_nuc131.o(.text)
    UART02_IRQHandler                        0x00000207   Thumb Code     0  startup_nuc131.o(.text)
    UART1_IRQHandler                         0x00000207   Thumb Code     0  startup_nuc131.o(.text)
    UART3_IRQHandler                         0x00000207   Thumb Code     0  startup_nuc131.o(.text)
    UART4_IRQHandler                         0x00000207   Thumb Code     0  startup_nuc131.o(.text)
    UART5_IRQHandler                         0x00000207   Thumb Code     0  startup_nuc131.o(.text)
    WDT_IRQHandler                           0x00000207   Thumb Code     0  startup_nuc131.o(.text)
    __user_initial_stackheap                 0x00000209   Thumb Code     0  startup_nuc131.o(.text)
    __2printf                                0x00000241   Thumb Code    22  noretval__2printf.o(.text)
    _printf_pre_padding                      0x0000025d   Thumb Code    44  _printf_pad.o(.text)
    _printf_post_padding                     0x00000289   Thumb Code    34  _printf_pad.o(.text)
    _printf_str                              0x000002ab   Thumb Code    82  _printf_str.o(.text)
    _printf_int_dec                          0x000002fd   Thumb Code    90  _printf_dec.o(.text)
    _printf_int_hex                          0x00000369   Thumb Code    84  _printf_hex_int.o(.text)
    _printf_longlong_hex                     0x00000369   Thumb Code     0  _printf_hex_int.o(.text)
    __printf                                 0x000003c1   Thumb Code   386  __printf_flags_ss_wp.o(.text)
    __aeabi_uidiv                            0x00000549   Thumb Code     0  aeabi_sdiv.o(.text)
    __aeabi_uidivmod                         0x00000549   Thumb Code    20  aeabi_sdiv.o(.text)
    __aeabi_idiv                             0x0000055d   Thumb Code     0  aeabi_sdiv.o(.text)
    __aeabi_idivmod                          0x0000055d   Thumb Code   326  aeabi_sdiv.o(.text)
    __use_two_region_memory                  0x000006a3   Thumb Code     2  heapauxi.o(.text)
    __rt_heap_escrow$2region                 0x000006a5   Thumb Code     2  heapauxi.o(.text)
    __rt_heap_expand$2region                 0x000006a7   Thumb Code     2  heapauxi.o(.text)
    _printf_int_common                       0x000006a9   Thumb Code   176  _printf_intcommon.o(.text)
    _printf_cs_common                        0x00000759   Thumb Code    22  _printf_char.o(.text)
    _printf_char                             0x0000076f   Thumb Code    16  _printf_char.o(.text)
    _printf_string                           0x0000077f   Thumb Code     8  _printf_char.o(.text)
    _printf_char_file                        0x00000789   Thumb Code    34  _printf_char_file.o(.text)
    __rt_udiv10                              0x000007b1   Thumb Code    40  rtudiv10.o(.text)
    _printf_char_common                      0x000007e3   Thumb Code    32  _printf_char_common.o(.text)
    __user_setup_stackheap                   0x00000809   Thumb Code    62  sys_stackheap_outer.o(.text)
    exit                                     0x00000847   Thumb Code    16  exit.o(.text)
    __user_libspace                          0x00000859   Thumb Code     8  libspace.o(.text)
    __user_perproc_libspace                  0x00000859   Thumb Code     0  libspace.o(.text)
    __user_perthread_libspace                0x00000859   Thumb Code     0  libspace.o(.text)
    _sys_exit                                0x00000861   Thumb Code     8  sys_exit.o(.text)
    __I$use$semihosting                      0x0000086d   Thumb Code     0  use_no_semi.o(.text)
    __use_no_semihosting_swi                 0x0000086d   Thumb Code     2  use_no_semi.o(.text)
    __semihosting_library_function           0x0000086f   Thumb Code     0  indicate_semi.o(.text)
    CLK_EnableModuleClock                    0x00000871   Thumb Code    52  clk.o(i.CLK_EnableModuleClock)
    CLK_EnableXtalRC                         0x000008ad   Thumb Code    12  clk.o(i.CLK_EnableXtalRC)
    CLK_GetHCLKFreq                          0x000008bd   Thumb Code    12  clk.o(i.CLK_GetHCLKFreq)
    CLK_SetHCLK                              0x00000a4d   Thumb Code   102  clk.o(i.CLK_SetHCLK)
    CLK_SetModuleClock                       0x00000ab9   Thumb Code   108  clk.o(i.CLK_SetModuleClock)
    CLK_WaitClockReady                       0x00000b2d   Thumb Code    32  clk.o(i.CLK_WaitClockReady)
    Hard_Fault_Handler                       0x00000b55   Thumb Code    18  retarget.o(i.Hard_Fault_Handler)
    SPI_EnableAutoSS                         0x00000b81   Thumb Code    22  spi.o(i.SPI_EnableAutoSS)
    SPI_Init                                 0x00000b99   Thumb Code    30  main.o(i.SPI_Init)
    SPI_Open                                 0x00000bc5   Thumb Code   282  spi.o(i.SPI_Open)
    SYS_Init                                 0x00000ce5   Thumb Code   128  main.o(i.SYS_Init)
    SendChar                                 0x00000d71   Thumb Code    12  retarget.o(i.SendChar)
    SendChar_ToUART                          0x00000d7d   Thumb Code    48  retarget.o(i.SendChar_ToUART)
    SystemCoreClockUpdate                    0x00000db1   Thumb Code    76  system_nuc131.o(i.SystemCoreClockUpdate)
    SystemInit                               0x00000e15   Thumb Code     2  system_nuc131.o(i.SystemInit)
    UART_Open                                0x00000e19   Thumb Code   166  uart.o(i.UART_Open)
    WIZCHIP_READ                             0x00000ed1   Thumb Code   132  w5500.o(i.WIZCHIP_READ)
    WIZCHIP_READ_BUF                         0x00000f59   Thumb Code   156  w5500.o(i.WIZCHIP_READ_BUF)
    WIZCHIP_WRITE                            0x00000ff9   Thumb Code   128  w5500.o(i.WIZCHIP_WRITE)
    WIZCHIP_WRITE_BUF                        0x0000107d   Thumb Code   150  w5500.o(i.WIZCHIP_WRITE_BUF)
    __ARM_common_switch8                     0x00001119   Thumb Code    28  socket.o(i.__ARM_common_switch8)
    _is_digit                                0x00001135   Thumb Code    14  __printf_wp.o(i._is_digit)
    close                                    0x00001145   Thumb Code   138  socket.o(i.close)
    ctlwizchip                               0x000011e1   Thumb Code   270  wizchip_conf.o(i.ctlwizchip)
    disconnect                               0x000012f5   Thumb Code   176  socket.o(i.disconnect)
    ferror                                   0x000013ad   Thumb Code     8  retarget.o(i.ferror)
    fputc                                    0x000013b5   Thumb Code    16  retarget.o(i.fputc)
    getSn_RX_RSR                             0x000013c5   Thumb Code   110  w5500.o(i.getSn_RX_RSR)
    getSn_TX_FSR                             0x00001433   Thumb Code   110  w5500.o(i.getSn_TX_FSR)
    listen                                   0x000014a1   Thumb Code   150  socket.o(i.listen)
    loopback_tcps                            0x00001539   Thumb Code   372  loopback.o(i.loopback_tcps)
    loopback_udps                            0x00001711   Thumb Code   188  loopback.o(i.loopback_udps)
    main                                     0x00001829   Thumb Code   350  main.o(i.main)
    recv                                     0x00001a75   Thumb Code   284  socket.o(i.recv)
    recvfrom                                 0x00001b95   Thumb Code   754  socket.o(i.recvfrom)
    reg_wizchip_cs_cbfunc                    0x00001e9d   Thumb Code    30  wizchip_conf.o(i.reg_wizchip_cs_cbfunc)
    reg_wizchip_spi_cbfunc                   0x00001ec9   Thumb Code    46  wizchip_conf.o(i.reg_wizchip_spi_cbfunc)
    send                                     0x00001f05   Thumb Code   366  socket.o(i.send)
    sendto                                   0x0000207d   Thumb Code   516  socket.o(i.sendto)
    socket                                   0x00002285   Thumb Code   386  socket.o(i.socket)
    wiz_recv_data                            0x000024c9   Thumb Code   134  w5500.o(i.wiz_recv_data)
    wiz_recv_ignore                          0x0000254f   Thumb Code    96  w5500.o(i.wiz_recv_ignore)
    wiz_send_data                            0x000025af   Thumb Code   134  w5500.o(i.wiz_send_data)
    wizchip_bus_readdata                     0x00002635   Thumb Code     6  wizchip_conf.o(i.wizchip_bus_readdata)
    wizchip_bus_writedata                    0x0000263b   Thumb Code     4  wizchip_conf.o(i.wizchip_bus_writedata)
    wizchip_clrinterrupt                     0x0000263f   Thumb Code    34  wizchip_conf.o(i.wizchip_clrinterrupt)
    wizchip_cris_enter                       0x00002661   Thumb Code     2  wizchip_conf.o(i.wizchip_cris_enter)
    wizchip_cris_exit                        0x00002663   Thumb Code     2  wizchip_conf.o(i.wizchip_cris_exit)
    wizchip_cs_deselect                      0x00002665   Thumb Code     2  wizchip_conf.o(i.wizchip_cs_deselect)
    wizchip_cs_select                        0x00002667   Thumb Code     2  wizchip_conf.o(i.wizchip_cs_select)
    wizchip_deselect                         0x00002669   Thumb Code     8  main.o(i.wizchip_deselect)
    wizchip_getinterrupt                     0x00002675   Thumb Code    44  wizchip_conf.o(i.wizchip_getinterrupt)
    wizchip_getinterruptmask                 0x000026a1   Thumb Code    40  wizchip_conf.o(i.wizchip_getinterruptmask)
    wizchip_init                             0x000026c9   Thumb Code   144  wizchip_conf.o(i.wizchip_init)
    wizchip_read                             0x00002759   Thumb Code     8  main.o(i.wizchip_read)
    wizchip_select                           0x00002765   Thumb Code     8  main.o(i.wizchip_select)
    wizchip_setinterruptmask                 0x00002771   Thumb Code    30  wizchip_conf.o(i.wizchip_setinterruptmask)
    wizchip_spi_readbyte                     0x0000278f   Thumb Code     4  wizchip_conf.o(i.wizchip_spi_readbyte)
    wizchip_spi_writebyte                    0x00002793   Thumb Code     2  wizchip_conf.o(i.wizchip_spi_writebyte)
    wizchip_sw_reset                         0x00002795   Thumb Code   114  wizchip_conf.o(i.wizchip_sw_reset)
    wizchip_write                            0x00002809   Thumb Code    32  main.o(i.wizchip_write)
    wizphy_getphyconf                        0x0000282d   Thumb Code   122  wizchip_conf.o(i.wizphy_getphyconf)
    wizphy_getphylink                        0x000028a7   Thumb Code    26  wizchip_conf.o(i.wizphy_getphylink)
    wizphy_getphypmode                       0x000028c1   Thumb Code    30  wizchip_conf.o(i.wizphy_getphypmode)
    wizphy_reset                             0x000028df   Thumb Code    56  wizchip_conf.o(i.wizphy_reset)
    wizphy_setphyconf                        0x00002917   Thumb Code    92  wizchip_conf.o(i.wizphy_setphyconf)
    wizphy_setphypmode                       0x00002973   Thumb Code   108  wizchip_conf.o(i.wizphy_setphypmode)
    Region$$Table$$Base                      0x00002aa4   Number         0  anon$$obj.o(Region$$Table)
    Region$$Table$$Limit                     0x00002ac4   Number         0  anon$$obj.o(Region$$Table)
    sock_pack_info                           0x20000006   Data           8  socket.o(.data)
    WIZCHIP                                  0x20000010   Data          44  wizchip_conf.o(.data)
    __stdout                                 0x20000044   Data           4  retarget.o(.data)
    __stdin                                  0x20000048   Data           4  retarget.o(.data)
    SystemCoreClock                          0x2000004c   Data           4  system_nuc131.o(.data)
    CyclesPerUs                              0x20000050   Data           4  system_nuc131.o(.data)
    PllClock                                 0x20000054   Data           4  system_nuc131.o(.data)
    gau32ClkSrcTbl                           0x20000058   Data          32  system_nuc131.o(.data)
    gDATABUF                                 0x20000078   Data        2048  main.o(.bss)
    gWIZNETINFO                              0x20000878   Data          23  main.o(.bss)
    netInfo                                  0x2000088f   Data          23  main.o(.bss)
    g_au32SourceData                         0x200008a8   Data          64  main.o(.bss)
    g_au32DestinationData                    0x200008e8   Data          64  main.o(.bss)
    __libspace_start                         0x20000938   Data          96  libspace.o(.bss)
    __temporary_stack_top$libspace           0x20000998   Data           0  libspace.o(.bss)



==============================================================================

Memory Map of the image

  Image entry point : Not specified.

  Load Region LR_IROM1 (Base: 0x00000000, Size: 0x00002b3c, Max: 0x00011000, ABSOLUTE)

    Execution Region ER_IROM1 (Base: 0x00000000, Size: 0x00002ac4, Max: 0x00011000, ABSOLUTE)

    Base Addr    Size         Type   Attr      Idx    E Section Name        Object

    0x00000000   0x000000c0   Data   RO         1143    RESET               startup_nuc131.o
    0x000000c0   0x00000008   Code   RO         1254  * !!!main             c_p.l(__main.o)
    0x000000c8   0x0000003c   Code   RO         1434    !!!scatter          c_p.l(__scatter.o)
    0x00000104   0x0000001a   Code   RO         1436    !!handler_copy      c_p.l(__scatter_copy.o)
    0x0000011e   0x00000002   PAD
    0x00000120   0x0000001c   Code   RO         1438    !!handler_zi        c_p.l(__scatter_zi.o)
    0x0000013c   0x00000002   Code   RO         1243    .ARM.Collect$$_printf_percent$$00000000  c_p.l(_printf_percent.o)
    0x0000013e   0x0000000a   Code   RO         1242    .ARM.Collect$$_printf_percent$$00000009  c_p.l(_printf_d.o)
    0x00000148   0x0000000a   Code   RO         1241    .ARM.Collect$$_printf_percent$$0000000C  c_p.l(_printf_x.o)
    0x00000152   0x0000000a   Code   RO         1240    .ARM.Collect$$_printf_percent$$00000014  c_p.l(_printf_s.o)
    0x0000015c   0x00000004   Code   RO         1267    .ARM.Collect$$_printf_percent$$00000017  c_p.l(_printf_percent_end.o)
    0x00000160   0x00000002   Code   RO         1305    .ARM.Collect$$libinit$$00000000  c_p.l(libinit.o)
    0x00000162   0x00000000   Code   RO         1319    .ARM.Collect$$libinit$$00000002  c_p.l(libinit2.o)
    0x00000162   0x00000000   Code   RO         1321    .ARM.Collect$$libinit$$00000004  c_p.l(libinit2.o)
    0x00000162   0x00000000   Code   RO         1324    .ARM.Collect$$libinit$$0000000A  c_p.l(libinit2.o)
    0x00000162   0x00000000   Code   RO         1326    .ARM.Collect$$libinit$$0000000C  c_p.l(libinit2.o)
    0x00000162   0x00000000   Code   RO         1328    .ARM.Collect$$libinit$$0000000E  c_p.l(libinit2.o)
    0x00000162   0x00000000   Code   RO         1331    .ARM.Collect$$libinit$$00000011  c_p.l(libinit2.o)
    0x00000162   0x00000000   Code   RO         1333    .ARM.Collect$$libinit$$00000013  c_p.l(libinit2.o)
    0x00000162   0x00000000   Code   RO         1335    .ARM.Collect$$libinit$$00000015  c_p.l(libinit2.o)
    0x00000162   0x00000000   Code   RO         1337    .ARM.Collect$$libinit$$00000017  c_p.l(libinit2.o)
    0x00000162   0x00000000   Code   RO         1339    .ARM.Collect$$libinit$$00000019  c_p.l(libinit2.o)
    0x00000162   0x00000000   Code   RO         1341    .ARM.Collect$$libinit$$0000001B  c_p.l(libinit2.o)
    0x00000162   0x00000000   Code   RO         1343    .ARM.Collect$$libinit$$0000001D  c_p.l(libinit2.o)
    0x00000162   0x00000000   Code   RO         1345    .ARM.Collect$$libinit$$0000001F  c_p.l(libinit2.o)
    0x00000162   0x00000000   Code   RO         1347    .ARM.Collect$$libinit$$00000021  c_p.l(libinit2.o)
    0x00000162   0x00000000   Code   RO         1349    .ARM.Collect$$libinit$$00000023  c_p.l(libinit2.o)
    0x00000162   0x00000000   Code   RO         1351    .ARM.Collect$$libinit$$00000025  c_p.l(libinit2.o)
    0x00000162   0x00000000   Code   RO         1355    .ARM.Collect$$libinit$$0000002C  c_p.l(libinit2.o)
    0x00000162   0x00000000   Code   RO         1357    .ARM.Collect$$libinit$$0000002E  c_p.l(libinit2.o)
    0x00000162   0x00000000   Code   RO         1359    .ARM.Collect$$libinit$$00000030  c_p.l(libinit2.o)
    0x00000162   0x00000000   Code   RO         1361    .ARM.Collect$$libinit$$00000032  c_p.l(libinit2.o)
    0x00000162   0x00000002   Code   RO         1362    .ARM.Collect$$libinit$$00000033  c_p.l(libinit2.o)
    0x00000164   0x00000002   Code   RO         1391    .ARM.Collect$$libshutdown$$00000000  c_p.l(libshutdown.o)
    0x00000166   0x00000000   Code   RO         1417    .ARM.Collect$$libshutdown$$00000002  c_p.l(libshutdown2.o)
    0x00000166   0x00000000   Code   RO         1419    .ARM.Collect$$libshutdown$$00000004  c_p.l(libshutdown2.o)
    0x00000166   0x00000000   Code   RO         1422    .ARM.Collect$$libshutdown$$00000007  c_p.l(libshutdown2.o)
    0x00000166   0x00000000   Code   RO         1425    .ARM.Collect$$libshutdown$$0000000A  c_p.l(libshutdown2.o)
    0x00000166   0x00000000   Code   RO         1427    .ARM.Collect$$libshutdown$$0000000C  c_p.l(libshutdown2.o)
    0x00000166   0x00000000   Code   RO         1430    .ARM.Collect$$libshutdown$$0000000F  c_p.l(libshutdown2.o)
    0x00000166   0x00000002   Code   RO         1431    .ARM.Collect$$libshutdown$$00000010  c_p.l(libshutdown2.o)
    0x00000168   0x00000000   Code   RO         1256    .ARM.Collect$$rtentry$$00000000  c_p.l(__rtentry.o)
    0x00000168   0x00000000   Code   RO         1271    .ARM.Collect$$rtentry$$00000002  c_p.l(__rtentry2.o)
    0x00000168   0x00000006   Code   RO         1283    .ARM.Collect$$rtentry$$00000004  c_p.l(__rtentry4.o)
    0x0000016e   0x00000000   Code   RO         1273    .ARM.Collect$$rtentry$$00000009  c_p.l(__rtentry2.o)
    0x0000016e   0x00000004   Code   RO         1274    .ARM.Collect$$rtentry$$0000000A  c_p.l(__rtentry2.o)
    0x00000172   0x00000000   Code   RO         1276    .ARM.Collect$$rtentry$$0000000C  c_p.l(__rtentry2.o)
    0x00000172   0x00000008   Code   RO         1277    .ARM.Collect$$rtentry$$0000000D  c_p.l(__rtentry2.o)
    0x0000017a   0x00000002   Code   RO         1310    .ARM.Collect$$rtexit$$00000000  c_p.l(rtexit.o)
    0x0000017c   0x00000000   Code   RO         1366    .ARM.Collect$$rtexit$$00000002  c_p.l(rtexit2.o)
    0x0000017c   0x00000004   Code   RO         1367    .ARM.Collect$$rtexit$$00000003  c_p.l(rtexit2.o)
    0x00000180   0x00000006   Code   RO         1368    .ARM.Collect$$rtexit$$00000004  c_p.l(rtexit2.o)
    0x00000186   0x00000002   PAD
    0x00000188   0x0000001c   Code   RO         1053    .emb_text           retarget.o
    0x000001a4   0x00000038   Code   RO         1244    .emb_text           c_p.l(rt_memcpy.o)
    0x000001dc   0x00000064   Code   RO         1144  * .text               startup_nuc131.o
    0x00000240   0x0000001c   Code   RO         1189    .text               c_p.l(noretval__2printf.o)
    0x0000025c   0x0000004e   Code   RO         1193    .text               c_p.l(_printf_pad.o)
    0x000002aa   0x00000052   Code   RO         1195    .text               c_p.l(_printf_str.o)
    0x000002fc   0x0000006c   Code   RO         1197    .text               c_p.l(_printf_dec.o)
    0x00000368   0x00000058   Code   RO         1202    .text               c_p.l(_printf_hex_int.o)
    0x000003c0   0x00000188   Code   RO         1237    .text               c_p.l(__printf_flags_ss_wp.o)
    0x00000548   0x0000015a   Code   RO         1248    .text               c_p.l(aeabi_sdiv.o)
    0x000006a2   0x00000006   Code   RO         1252    .text               c_p.l(heapauxi.o)
    0x000006a8   0x000000b0   Code   RO         1261    .text               c_p.l(_printf_intcommon.o)
    0x00000758   0x0000002e   Code   RO         1263    .text               c_p.l(_printf_char.o)
    0x00000786   0x00000002   PAD
    0x00000788   0x00000028   Code   RO         1265    .text               c_p.l(_printf_char_file.o)
    0x000007b0   0x00000028   Code   RO         1268    .text               c_p.l(rtudiv10.o)
    0x000007d8   0x00000030   Code   RO         1287    .text               c_p.l(_printf_char_common.o)
    0x00000808   0x0000003e   Code   RO         1289    .text               c_p.l(sys_stackheap_outer.o)
    0x00000846   0x00000010   Code   RO         1294    .text               c_p.l(exit.o)
    0x00000856   0x00000002   PAD
    0x00000858   0x00000008   Code   RO         1306    .text               c_p.l(libspace.o)
    0x00000860   0x0000000c   Code   RO         1363    .text               c_p.l(sys_exit.o)
    0x0000086c   0x00000002   Code   RO         1380    .text               c_p.l(use_no_semi.o)
    0x0000086e   0x00000000   Code   RO         1382    .text               c_p.l(indicate_semi.o)
    0x0000086e   0x00000002   PAD
    0x00000870   0x0000003c   Code   RO          154    i.CLK_EnableModuleClock  clk.o
    0x000008ac   0x00000010   Code   RO          157    i.CLK_EnableXtalRC  clk.o
    0x000008bc   0x00000010   Code   RO          159    i.CLK_GetHCLKFreq   clk.o
    0x000008cc   0x00000080   Code   RO          312    i.CLK_GetPLLClockFreq  spi.o
    0x0000094c   0x00000080   Code   RO          530    i.CLK_GetPLLClockFreq  uart.o
    0x000009cc   0x00000080   Code   RO         1150    i.CLK_GetPLLClockFreq  system_nuc131.o
    0x00000a4c   0x0000006c   Code   RO          166    i.CLK_SetHCLK       clk.o
    0x00000ab8   0x00000074   Code   RO          167    i.CLK_SetModuleClock  clk.o
    0x00000b2c   0x00000028   Code   RO          169    i.CLK_WaitClockReady  clk.o
    0x00000b54   0x0000002c   Code   RO         1055    i.Hard_Fault_Handler  retarget.o
    0x00000b80   0x00000016   Code   RO          320    i.SPI_EnableAutoSS  spi.o
    0x00000b96   0x00000002   PAD
    0x00000b98   0x0000002c   Code   RO            3    i.SPI_Init          main.o
    0x00000bc4   0x00000120   Code   RO          326    i.SPI_Open          spi.o
    0x00000ce4   0x0000008c   Code   RO            4    i.SYS_Init          main.o
    0x00000d70   0x0000000c   Code   RO         1057    i.SendChar          retarget.o
    0x00000d7c   0x00000034   Code   RO         1058    i.SendChar_ToUART   retarget.o
    0x00000db0   0x00000064   Code   RO         1151    i.SystemCoreClockUpdate  system_nuc131.o
    0x00000e14   0x00000002   Code   RO         1152    i.SystemInit        system_nuc131.o
    0x00000e16   0x00000002   PAD
    0x00000e18   0x000000b8   Code   RO          537    i.UART_Open         uart.o
    0x00000ed0   0x00000088   Code   RO          960    i.WIZCHIP_READ      w5500.o
    0x00000f58   0x000000a0   Code   RO          961    i.WIZCHIP_READ_BUF  w5500.o
    0x00000ff8   0x00000084   Code   RO          962    i.WIZCHIP_WRITE     w5500.o
    0x0000107c   0x0000009c   Code   RO          963    i.WIZCHIP_WRITE_BUF  w5500.o
    0x00001118   0x0000001c   Code   RO          724    i.__ARM_common_switch8  socket.o
    0x00001134   0x0000000e   Code   RO         1230    i._is_digit         c_p.l(__printf_wp.o)
    0x00001142   0x00000002   PAD
    0x00001144   0x0000009c   Code   RO          645    i.close             socket.o
    0x000011e0   0x00000114   Code   RO          730    i.ctlwizchip        wizchip_conf.o
    0x000012f4   0x000000b8   Code   RO          648    i.disconnect        socket.o
    0x000013ac   0x00000008   Code   RO         1060    i.ferror            retarget.o
    0x000013b4   0x00000010   Code   RO         1062    i.fputc             retarget.o
    0x000013c4   0x0000006e   Code   RO          964    i.getSn_RX_RSR      w5500.o
    0x00001432   0x0000006e   Code   RO          965    i.getSn_TX_FSR      w5500.o
    0x000014a0   0x00000096   Code   RO          650    i.listen            socket.o
    0x00001536   0x00000002   PAD
    0x00001538   0x000001d8   Code   RO         1024    i.loopback_tcps     loopback.o
    0x00001710   0x00000118   Code   RO         1025    i.loopback_udps     loopback.o
    0x00001828   0x0000024c   Code   RO            5    i.main              main.o
    0x00001a74   0x00000120   Code   RO          651    i.recv              socket.o
    0x00001b94   0x00000308   Code   RO          652    i.recvfrom          socket.o
    0x00001e9c   0x0000002c   Code   RO          733    i.reg_wizchip_cs_cbfunc  wizchip_conf.o
    0x00001ec8   0x0000003c   Code   RO          734    i.reg_wizchip_spi_cbfunc  wizchip_conf.o
    0x00001f04   0x00000178   Code   RO          653    i.send              socket.o
    0x0000207c   0x00000208   Code   RO          654    i.sendto            socket.o
    0x00002284   0x0000019c   Code   RO          656    i.socket            socket.o
    0x00002420   0x000000a8   Code   RO         1064    i.stackDump         retarget.o
    0x000024c8   0x00000086   Code   RO          966    i.wiz_recv_data     w5500.o
    0x0000254e   0x00000060   Code   RO          967    i.wiz_recv_ignore   w5500.o
    0x000025ae   0x00000086   Code   RO          968    i.wiz_send_data     w5500.o
    0x00002634   0x00000006   Code   RO          736    i.wizchip_bus_readdata  wizchip_conf.o
    0x0000263a   0x00000004   Code   RO          737    i.wizchip_bus_writedata  wizchip_conf.o
    0x0000263e   0x00000022   Code   RO          738    i.wizchip_clrinterrupt  wizchip_conf.o
    0x00002660   0x00000002   Code   RO          739    i.wizchip_cris_enter  wizchip_conf.o
    0x00002662   0x00000002   Code   RO          740    i.wizchip_cris_exit  wizchip_conf.o
    0x00002664   0x00000002   Code   RO          741    i.wizchip_cs_deselect  wizchip_conf.o
    0x00002666   0x00000002   Code   RO          742    i.wizchip_cs_select  wizchip_conf.o
    0x00002668   0x0000000c   Code   RO            6    i.wizchip_deselect  main.o
    0x00002674   0x0000002c   Code   RO          743    i.wizchip_getinterrupt  wizchip_conf.o
    0x000026a0   0x00000028   Code   RO          744    i.wizchip_getinterruptmask  wizchip_conf.o
    0x000026c8   0x00000090   Code   RO          748    i.wizchip_init      wizchip_conf.o
    0x00002758   0x0000000c   Code   RO            7    i.wizchip_read      main.o
    0x00002764   0x0000000c   Code   RO            8    i.wizchip_select    main.o
    0x00002770   0x0000001e   Code   RO          749    i.wizchip_setinterruptmask  wizchip_conf.o
    0x0000278e   0x00000004   Code   RO          754    i.wizchip_spi_readbyte  wizchip_conf.o
    0x00002792   0x00000002   Code   RO          756    i.wizchip_spi_writebyte  wizchip_conf.o
    0x00002794   0x00000072   Code   RO          757    i.wizchip_sw_reset  wizchip_conf.o
    0x00002806   0x00000002   PAD
    0x00002808   0x00000024   Code   RO            9    i.wizchip_write     main.o
    0x0000282c   0x0000007a   Code   RO          758    i.wizphy_getphyconf  wizchip_conf.o
    0x000028a6   0x0000001a   Code   RO          759    i.wizphy_getphylink  wizchip_conf.o
    0x000028c0   0x0000001e   Code   RO          760    i.wizphy_getphypmode  wizchip_conf.o
    0x000028de   0x00000038   Code   RO          762    i.wizphy_reset      wizchip_conf.o
    0x00002916   0x0000005c   Code   RO          763    i.wizphy_setphyconf  wizchip_conf.o
    0x00002972   0x0000006c   Code   RO          764    i.wizphy_setphypmode  wizchip_conf.o
    0x000029de   0x00000002   PAD
    0x000029e0   0x00000027   Data   RO           11    .constdata          main.o
    0x00002a07   0x00000001   PAD
    0x00002a08   0x00000030   Data   RO          170    .constdata          clk.o
    0x00002a38   0x00000030   Data   RO          547    .constdata          uart.o
    0x00002a68   0x00000028   Data   RO         1203    .constdata          c_p.l(_printf_hex_int.o)
    0x00002a90   0x00000011   Data   RO         1238    .constdata          c_p.l(__printf_flags_ss_wp.o)
    0x00002aa1   0x00000003   PAD
    0x00002aa4   0x00000020   Data   RO         1432    Region$$Table       anon$$obj.o


    Execution Region RW_IRAM1 (Base: 0x20000000, Size: 0x00000d98, Max: 0x00002000, ABSOLUTE)

    Base Addr    Size         Type   Attr      Idx    E Section Name        Object

    0x20000000   0x0000000e   Data   RW          658    .data               socket.o
    0x2000000e   0x00000002   PAD
    0x20000010   0x00000031   Data   RW          765    .data               wizchip_conf.o
    0x20000041   0x00000003   PAD
    0x20000044   0x00000008   Data   RW         1065    .data               retarget.o
    0x2000004c   0x0000002c   Data   RW         1153    .data               system_nuc131.o
    0x20000078   0x000008b0   Zero   RW           10    .bss                main.o
    0x20000928   0x00000010   Zero   RW          657    .bss                socket.o
    0x20000938   0x00000060   Zero   RW         1307    .bss                c_p.l(libspace.o)
    0x20000998   0x00000000   Zero   RW         1142    HEAP                startup_nuc131.o
    0x20000998   0x00000400   Zero   RW         1141    STACK               startup_nuc131.o


==============================================================================

Image component sizes


      Code (inc. data)   RO Data    RW Data    ZI Data      Debug   Object Name

       356         38         48          0          0     127569   clk.o
       752        192          0          0          0       2844   loopback.o
       844        280         39          0       2224     169430   main.o
       328        132          0          8          0       5525   retarget.o
      2890         92          0         14         16       8982   socket.o
       438         22          0          0          0       3218   spi.o
       100         46        192          0       1024        664   startup_nuc131.o
       230         40          0         44          0       2623   system_nuc131.o
       312         34         48          0          0       2328   uart.o
      1168         18          0          0          0       7402   w5500.o
      1244         52          0         49          0      18748   wizchip_conf.o

    ----------------------------------------------------------------------
      8672        946        360        120       3264     349333   Object Totals
         0          0         32          0          0          0   (incl. Generated)
        10          0          1          5          0          0   (incl. Padding)

    ----------------------------------------------------------------------

      Code (inc. data)   RO Data    RW Data    ZI Data      Debug   Library Member Name

         8          0          0          0          0         68   __main.o
       392          6         17          0          0         76   __printf_flags_ss_wp.o
        14          0          0          0          0         60   __printf_wp.o
         0          0          0          0          0          0   __rtentry.o
        12          0          0          0          0          0   __rtentry2.o
         6          0          0          0          0          0   __rtentry4.o
        60          8          0          0          0          0   __scatter.o
        26          0          0          0          0          0   __scatter_copy.o
        28          0          0          0          0          0   __scatter_zi.o
        46          0          0          0          0        100   _printf_char.o
        48          6          0          0          0         88   _printf_char_common.o
        40          6          0          0          0         72   _printf_char_file.o
        10          0          0          0          0          0   _printf_d.o
       108         18          0          0          0         76   _printf_dec.o
        88          4         40          0          0         72   _printf_hex_int.o
       176          0          0          0          0         84   _printf_intcommon.o
        78          0          0          0          0        100   _printf_pad.o
         2          0          0          0          0          0   _printf_percent.o
         4          0          0          0          0          0   _printf_percent_end.o
        10          0          0          0          0          0   _printf_s.o
        82          0          0          0          0         72   _printf_str.o
        10          0          0          0          0          0   _printf_x.o
       346          0          0          0          0         92   aeabi_sdiv.o
        16          0          0          0          0         68   exit.o
         6          0          0          0          0        136   heapauxi.o
         0          0          0          0          0          0   indicate_semi.o
         2          0          0          0          0          0   libinit.o
         2          0          0          0          0          0   libinit2.o
         2          0          0          0          0          0   libshutdown.o
         2          0          0          0          0          0   libshutdown2.o
         8          4          0          0         96         68   libspace.o
        28          6          0          0          0         84   noretval__2printf.o
        56          0          0          0          0         68   rt_memcpy.o
         2          0          0          0          0          0   rtexit.o
        10          0          0          0          0          0   rtexit2.o
        40          0          0          0          0         60   rtudiv10.o
        12          4          0          0          0         60   sys_exit.o
        62          0          0          0          0         80   sys_stackheap_outer.o
         2          0          0          0          0         68   use_no_semi.o

    ----------------------------------------------------------------------
      1856         62         60          0         96       1652   Library Totals
        12          0          3          0          0          0   (incl. Padding)

    ----------------------------------------------------------------------

      Code (inc. data)   RO Data    RW Data    ZI Data      Debug   Library Name

      1844         62         57          0         96       1652   c_p.l

    ----------------------------------------------------------------------
      1856         62         60          0         96       1652   Library Totals

    ----------------------------------------------------------------------

==============================================================================


      Code (inc. data)   RO Data    RW Data    ZI Data      Debug   

     10528       1008        420        120       3360     347305   Grand Totals
     10528       1008        420        120       3360     347305   ELF Image Totals
     10528       1008        420        120          0          0   ROM Totals

==============================================================================

    Total RO  Size (Code + RO Data)                10948 (  10.69kB)
    Total RW  Size (RW Data + ZI Data)              3480 (   3.40kB)
    Total ROM Size (Code + RO Data + RW Data)      11068 (  10.81kB)

==============================================================================

