<html>
<body>
<pre>
<h1>µVision Build Log</h1>
<h2>Tool Versions:</h2>
IDE-Version: µVision V5.17.0.0
Copyright (C) 2015 ARM Ltd and ARM Germany GmbH. All rights reserved.
License Information: Hai Luong, UIT, LIC=YA330-BYB3F-11RPY-ILH2W-SD4AE-YMKHX
 
Tool Versions:
Toolchain:       MDK-ARM Standard  Version: 5.17
Toolchain Path:  C:\Keil_v5\ARM\ARMCC\Bin
C Compiler:      Armcc.exe V5.06 update 1 (build 61)
Assembler:       Armasm.exe V5.06 update 1 (build 61)
Linker/Locator:  ArmLink.exe V5.06 update 1 (build 61)
Library Manager: ArmAr.exe V5.06 update 1 (build 61)
Hex Converter:   FromElf.exe V5.06 update 1 (build 61)
CPU DLL:         SARMCM3.DLL V5.17
Dialog DLL:      DARMCM1.DLL V1.12.0.0
Target DLL:      NULink\Nu_Link.dll V2.00
Dialog DLL:      TARMCM1.DLL V1.9.0.0
 
<h2>Project:</h2>
D:\Hoc Tap\DH N4\HK7\Lap Trinh Nhung Can Ban\Thuc Hanh\Nuc131\1\RTOS1.uvprojx
Project File Date:  11/29/2019

<h2>Output:</h2>
*** Using Compiler 'V5.06 update 1 (build 61)', folder: 'C:\Keil_v5\ARM\ARMCC\Bin'
Rebuild target 'Target 1'
compiling event_groups.c...
compiling list.c...
compiling croutine.c...
compiling timers.c...
compiling sys.c...
compiling queue.c...
compiling gpio.c...
compiling port.c...
compiling tasks.c...
compiling clk.c...
compiling main.c...
compiling heap_1.c...
assembling startup_NUC131.s...
compiling retarget.c...
compiling system_NUC131.c...
linking...
.\Objects\RTOS1.axf: Warning: L6305W: Image does not have an entry point. (Not specified or not set due to multiple choices.)
Program Size: Code=5468 RO-data=264 RW-data=124 ZI-data=7820  
Finished: 0 information, 1 warning and 0 error messages.
".\Objects\RTOS1.axf" - 0 Error(s), 1 Warning(s).

<h2>Software Packages used:</h2>

Package Vendor: ARM
                http://www.keil.com/pack/ARM.CMSIS.5.6.0.pack
                ARM::CMSIS:CORE:5.3.0
                CMSIS (Cortex Microcontroller Software Interface Standard)
   * Component: CORE Version: 5.3.0

Package Vendor: Nuvoton
                http://www.nuvoton.com/hq/enu/Documents/KEILSoftwarePack/Nuvoton.NuMicro_DFP.1.3.5.pack
                Nuvoton::Device:Startup:0.00.001
                Nuvoton ARM Cortex-M NuMicro Family Device Support
   * Component: Startup Version: 0.00.001

<h2>Collection of Component include folders:</h2>
  D:\Hoc Tap\DH N4\HK7\Lap Trinh Nhung Can Ban\Thuc Hanh\Nuc131\1\RTE
  C:\Keil_v5\ARM\PACK\ARM\CMSIS\5.6.0\CMSIS\Core\Include
  C:\Keil_v5\ARM\PACK\Nuvoton\NuMicro_DFP\1.3.5\Device\NUC131\Include
  C:\Keil_v5\ARM\PACK\Nuvoton\NuMicro_DFP\1.3.5\Device\NUC131\StdDriver\inc

<h2>Collection of Component Files used:</h2>

   * Component: ARM::CMSIS:CORE:5.3.0

   * Component: Nuvoton::Device:Startup:0.00.001
      Source file:   Device\NUC131\Source\system_NUC131.c
      Source file:   Device\NUC131\StdDriver\src\retarget.c
      Source file:   Device\NUC131\Source\ARM\startup_NUC131.s
      Include file:  Device\NUC131\Include\NUC131.h
Build Time Elapsed:  00:00:01
</pre>
</body>
</html>
