Component: ARM Compiler 5.06 update 1 (build 61) Tool: armlink [4d35a8]

==============================================================================

Section Cross References

    main.o(i.SYS_Init) refers to clk.o(i.CLK_EnableXtalRC) for CLK_EnableXtalRC
    main.o(i.SYS_Init) refers to clk.o(i.CLK_WaitClockReady) for CLK_WaitClockReady
    main.o(i.SYS_Init) refers to clk.o(i.CLK_SetHCLK) for CLK_SetHCLK
    main.o(i.SYS_Init) refers to clk.o(i.CLK_SetCoreClock) for CLK_SetCoreClock
    main.o(i.main) refers to main.o(i.SYS_Init) for SYS_Init
    main.o(i.main) refers to gpio.o(i.GPIO_SetMode) for GPIO_SetMode
    main.o(i.main) refers to tasks.o(i.xTaskCreate) for xTaskCreate
    main.o(i.main) refers to tasks.o(i.vTaskStartScheduler) for vTaskStartScheduler
    main.o(i.main) refers to main.o(i.vTask1) for vTask1
    main.o(i.main) refers to main.o(i.vTask2) for vTask2
    main.o(i.main) refers to main.o(i.vTask3) for vTask3
    main.o(i.main) refers to main.o(i.vTask4) for vTask4
    main.o(i.vTask1) refers to tasks.o(i.vTaskDelay) for vTaskDelay
    main.o(i.vTask2) refers to tasks.o(i.vTaskDelay) for vTaskDelay
    main.o(i.vTask3) refers to tasks.o(i.vTaskDelay) for vTaskDelay
    main.o(i.vTask4) refers to tasks.o(i.vTaskDelay) for vTaskDelay
    clk.o(i.CLK_DisableCKO) refers to clk.o(i.CLK_DisableModuleClock) for CLK_DisableModuleClock
    clk.o(i.CLK_DisableModuleClock) refers to clk.o(.constdata) for .constdata
    clk.o(i.CLK_EnableCKO) refers to clk.o(i.CLK_EnableModuleClock) for CLK_EnableModuleClock
    clk.o(i.CLK_EnableCKO) refers to clk.o(i.CLK_SetModuleClock) for CLK_SetModuleClock
    clk.o(i.CLK_EnableModuleClock) refers to clk.o(.constdata) for .constdata
    clk.o(i.CLK_EnablePLL) refers to clk.o(i.CLK_WaitClockReady) for CLK_WaitClockReady
    clk.o(i.CLK_EnablePLL) refers to aeabi_sdiv.o(.text) for __aeabi_uidivmod
    clk.o(i.CLK_EnablePLL) refers to clk.o(i.CLK_GetPLLClockFreq) for CLK_GetPLLClockFreq
    clk.o(i.CLK_GetCPUFreq) refers to system_nuc131.o(i.SystemCoreClockUpdate) for SystemCoreClockUpdate
    clk.o(i.CLK_GetCPUFreq) refers to system_nuc131.o(.data) for SystemCoreClock
    clk.o(i.CLK_GetHCLKFreq) refers to system_nuc131.o(i.SystemCoreClockUpdate) for SystemCoreClockUpdate
    clk.o(i.CLK_GetHCLKFreq) refers to system_nuc131.o(.data) for SystemCoreClock
    clk.o(i.CLK_GetPCLKFreq) refers to system_nuc131.o(i.SystemCoreClockUpdate) for SystemCoreClockUpdate
    clk.o(i.CLK_GetPCLKFreq) refers to system_nuc131.o(.data) for SystemCoreClock
    clk.o(i.CLK_GetPLLClockFreq) refers to aeabi_sdiv.o(.text) for __aeabi_uidivmod
    clk.o(i.CLK_SetCoreClock) refers to clk.o(i.CLK_WaitClockReady) for CLK_WaitClockReady
    clk.o(i.CLK_SetCoreClock) refers to clk.o(i.CLK_EnablePLL) for CLK_EnablePLL
    clk.o(i.CLK_SetCoreClock) refers to clk.o(i.CLK_SetHCLK) for CLK_SetHCLK
    clk.o(i.CLK_SetHCLK) refers to system_nuc131.o(i.SystemCoreClockUpdate) for SystemCoreClockUpdate
    clk.o(i.CLK_SetModuleClock) refers to clk.o(.constdata) for .constdata
    event_groups.o(i.vEventGroupClearBitsCallback) refers to event_groups.o(i.xEventGroupClearBits) for xEventGroupClearBits
    event_groups.o(i.vEventGroupDelete) refers to tasks.o(i.vTaskSuspendAll) for vTaskSuspendAll
    event_groups.o(i.vEventGroupDelete) refers to tasks.o(i.vTaskRemoveFromUnorderedEventList) for vTaskRemoveFromUnorderedEventList
    event_groups.o(i.vEventGroupDelete) refers to heap_1.o(i.vPortFree) for vPortFree
    event_groups.o(i.vEventGroupDelete) refers to tasks.o(i.xTaskResumeAll) for xTaskResumeAll
    event_groups.o(i.vEventGroupSetBitsCallback) refers to event_groups.o(i.xEventGroupSetBits) for xEventGroupSetBits
    event_groups.o(i.xEventGroupClearBits) refers to port.o(i.vPortEnterCritical) for vPortEnterCritical
    event_groups.o(i.xEventGroupClearBits) refers to port.o(i.vPortExitCritical) for vPortExitCritical
    event_groups.o(i.xEventGroupCreate) refers to heap_1.o(i.pvPortMalloc) for pvPortMalloc
    event_groups.o(i.xEventGroupCreate) refers to list.o(i.vListInitialise) for vListInitialise
    event_groups.o(i.xEventGroupGetBitsFromISR) refers to port.o(.emb_text) for ulSetInterruptMaskFromISR
    event_groups.o(i.xEventGroupSetBits) refers to tasks.o(i.vTaskSuspendAll) for vTaskSuspendAll
    event_groups.o(i.xEventGroupSetBits) refers to tasks.o(i.vTaskRemoveFromUnorderedEventList) for vTaskRemoveFromUnorderedEventList
    event_groups.o(i.xEventGroupSetBits) refers to tasks.o(i.xTaskResumeAll) for xTaskResumeAll
    event_groups.o(i.xEventGroupSync) refers to tasks.o(i.vTaskSuspendAll) for vTaskSuspendAll
    event_groups.o(i.xEventGroupSync) refers to event_groups.o(i.xEventGroupSetBits) for xEventGroupSetBits
    event_groups.o(i.xEventGroupSync) refers to tasks.o(i.vTaskPlaceOnUnorderedEventList) for vTaskPlaceOnUnorderedEventList
    event_groups.o(i.xEventGroupSync) refers to tasks.o(i.xTaskResumeAll) for xTaskResumeAll
[...]
    tasks.o(i.xTaskResumeFromISR) refers to tasks.o(.bss) for pxReadyTasksLists
    port.o(.emb_text) refers to tasks.o(.data) for pxCurrentTCB
    port.o(.emb_text) refers to tasks.o(i.vTaskSwitchContext) for vTaskSwitchContext
    port.o(i.SysTick_Handler) refers to port.o(.emb_text) for ulSetInterruptMaskFromISR
    port.o(i.SysTick_Handler) refers to tasks.o(i.xTaskIncrementTick) for xTaskIncrementTick
    port.o(i.pxPortInitialiseStack) refers to port.o(i.prvTaskExitError) for prvTaskExitError
    port.o(i.vPortEnterCritical) refers to port.o(.data) for uxCriticalNesting
    port.o(i.vPortExitCritical) refers to port.o(.data) for uxCriticalNesting
    port.o(i.xPortStartScheduler) refers to port.o(i.prvSetupTimerInterrupt) for prvSetupTimerInterrupt
    port.o(i.xPortStartScheduler) refers to port.o(.emb_text) for __asm___6_port_c_39a90d8d__prvPortStartFirstTask
    port.o(i.xPortStartScheduler) refers to port.o(.data) for uxCriticalNesting
    heap_1.o(i.pvPortMalloc) refers to tasks.o(i.vTaskSuspendAll) for vTaskSuspendAll
    heap_1.o(i.pvPortMalloc) refers to tasks.o(i.xTaskResumeAll) for xTaskResumeAll
    heap_1.o(i.pvPortMalloc) refers to heap_1.o(.data) for pucAlignedHeap
    heap_1.o(i.pvPortMalloc) refers to heap_1.o(.bss) for ucHeap
    heap_1.o(i.vPortInitialiseBlocks) refers to heap_1.o(.data) for xNextFreeByte
    heap_1.o(i.xPortGetFreeHeapSize) refers to heap_1.o(.data) for xNextFreeByte
    retarget.o(.emb_text) refers to retarget.o(i.Hard_Fault_Handler) for Hard_Fault_Handler
    retarget.o(i.Hard_Fault_Handler) refers to noretval__2printf.o(.text) for __2printf
    retarget.o(i.Hard_Fault_Handler) refers to retarget.o(i.stackDump) for stackDump
    retarget.o(i.SendChar) refers to retarget.o(i.SendChar_ToUART) for SendChar_ToUART
    retarget.o(i._ttywrch) refers to retarget.o(i.SendChar) for SendChar
    retarget.o(i.fgetc) refers to retarget.o(i.GetChar) for GetChar
    retarget.o(i.fputc) refers to retarget.o(i.SendChar) for SendChar
    retarget.o(i.stackDump) refers to _printf_percent.o(.ARM.Collect$$_printf_percent$$00000000) for _printf_percent
    retarget.o(i.stackDump) refers to _printf_x.o(.ARM.Collect$$_printf_percent$$0000000C) for _printf_x
    retarget.o(i.stackDump) refers to _printf_hex_int.o(.text) for _printf_longlong_hex
    retarget.o(i.stackDump) refers to noretval__2printf.o(.text) for __2printf
    startup_nuc131.o(STACK) refers (Special) to heapauxi.o(.text) for __use_two_region_memory
    startup_nuc131.o(HEAP) refers (Special) to heapauxi.o(.text) for __use_two_region_memory
    startup_nuc131.o(RESET) refers (Special) to heapauxi.o(.text) for __use_two_region_memory
    startup_nuc131.o(RESET) refers to startup_nuc131.o(STACK) for __initial_sp
    startup_nuc131.o(RESET) refers to startup_nuc131.o(.text) for Reset_Handler
    startup_nuc131.o(RESET) refers to retarget.o(.emb_text) for HardFault_Handler
    startup_nuc131.o(RESET) refers to port.o(i.SVC_Handler) for SVC_Handler
    startup_nuc131.o(RESET) refers to port.o(.emb_text) for PendSV_Handler
    startup_nuc131.o(RESET) refers to port.o(i.SysTick_Handler) for SysTick_Handler
    startup_nuc131.o(.text) refers (Special) to heapauxi.o(.text) for __use_two_region_memory
    startup_nuc131.o(.text) refers to system_nuc131.o(i.SystemInit) for SystemInit
    startup_nuc131.o(.text) refers to __main.o(!!!main) for __main
    startup_nuc131.o(.text) refers to startup_nuc131.o(HEAP) for Heap_Mem
    startup_nuc131.o(.text) refers to startup_nuc131.o(STACK) for Stack_Mem
    system_nuc131.o(i.CLK_GetPLLClockFreq) refers to aeabi_sdiv.o(.text) for __aeabi_uidivmod
    system_nuc131.o(i.SystemCoreClockUpdate) refers to system_nuc131.o(i.CLK_GetPLLClockFreq) for CLK_GetPLLClockFreq
    system_nuc131.o(i.SystemCoreClockUpdate) refers to aeabi_sdiv.o(.text) for __aeabi_uidivmod
    system_nuc131.o(i.SystemCoreClockUpdate) refers to system_nuc131.o(.data) for PllClock
    __2printf.o(.text) refers to _printf_char_file.o(.text) for _printf_char_file
    __2printf.o(.text) refers to retarget.o(.data) for __stdout
    noretval__2printf.o(.text) refers to _printf_char_file.o(.text) for _printf_char_file
    noretval__2printf.o(.text) refers to retarget.o(.data) for __stdout
    __printf.o(.text) refers to _printf_percent.o(.ARM.Collect$$_printf_percent$$00000000) for _printf_percent
    _printf_hex_ll.o(.text) refers to _printf_intcommon.o(.text) for _printf_int_common
    _printf_hex_ll.o(.text) refers to _printf_hex_ll.o(.constdata) for .constdata
    _printf_hex_int.o(.text) refers to _printf_intcommon.o(.text) for _printf_int_common
    _printf_hex_int.o(.text) refers to _printf_hex_int.o(.constdata) for .constdata
    _printf_hex_int_ll.o(.text) refers to _printf_intcommon.o(.text) for _printf_int_common
    _printf_hex_int_ll.o(.text) refers to _printf_hex_int_ll.o(.constdata) for .constdata
    _printf_hex_ptr.o(.text) refers to _printf_intcommon.o(.text) for _printf_int_common
    _printf_hex_ptr.o(.text) refers to _printf_hex_ptr.o(.constdata) for .constdata
    _printf_hex_int_ptr.o(.text) refers to _printf_intcommon.o(.text) for _printf_int_common
    _printf_hex_int_ptr.o(.text) refers to _printf_hex_int_ptr.o(.constdata) for .constdata
    _printf_hex_ll_ptr.o(.text) refers to _printf_intcommon.o(.text) for _printf_int_common
    _printf_hex_ll_ptr.o(.text) refers to _printf_hex_ll_ptr.o(.constdata) for .constdata
    _printf_hex_int_ll_ptr.o(.text) refers to _printf_intcommon.o(.text) for _printf_int_common
    _printf_hex_int_ll_ptr.o(.text) refers to _printf_hex_int_ll_ptr.o(.constdata) for .constdata
    __printf_flags.o(.text) refers to _printf_percent.o(.ARM.Collect$$_printf_percent$$00000000) for _printf_percent
    __printf_flags.o(.text) refers to __printf_flags.o(.constdata) for .constdata
    __printf_ss.o(.text) refers to _printf_percent.o(.ARM.Collect$$_printf_percent$$00000000) for _printf_percent
    __printf_flags_ss.o(.text) refers to _printf_percent.o(.ARM.Collect$$_printf_percent$$00000000) for _printf_percent
    __printf_flags_ss.o(.text) refers to __printf_flags_ss.o(.constdata) for .constdata
    __printf_wp.o(.text) refers to __printf_wp.o(i._is_digit) for _is_digit
    __printf_wp.o(.text) refers to _printf_percent.o(.ARM.Collect$$_printf_percent$$00000000) for _printf_percent
    __printf_flags_wp.o(.text) refers to __printf_wp.o(i._is_digit) for _is_digit
    __printf_flags_wp.o(.text) refers to _printf_percent.o(.ARM.Collect$$_printf_percent$$00000000) for _printf_percent
    __printf_flags_wp.o(.text) refers to __printf_flags_wp.o(.constdata) for .constdata
    __printf_ss_wp.o(.text) refers to __printf_wp.o(i._is_digit) for _is_digit
    __printf_ss_wp.o(.text) refers to _printf_percent.o(.ARM.Collect$$_printf_percent$$00000000) for _printf_percent
    __printf_flags_ss_wp.o(.text) refers to __printf_wp.o(i._is_digit) for _is_digit
    __printf_flags_ss_wp.o(.text) refers to _printf_percent.o(.ARM.Collect$$_printf_percent$$00000000) for _printf_percent
    __printf_flags_ss_wp.o(.text) refers to __printf_flags_ss_wp.o(.constdata) for .constdata
    _printf_x.o(.ARM.Collect$$_printf_percent$$0000000C) refers (Weak) to _printf_hex_int.o(.text) for _printf_int_hex
    _printf_percent.o(.ARM.Collect$$_printf_percent$$00000000) refers (Special) to _printf_percent_end.o(.ARM.Collect$$_printf_percent$$00000017) for _printf_percent_end
    rt_memcpy.o(.text) refers to rt_memcpy.o(.emb_text) for __aeabi_memcpy4
    __main.o(!!!main) refers to __rtentry.o(.ARM.Collect$$rtentry$$00000000) for __rt_entry
    __rtentry.o(.ARM.Collect$$rtentry$$00000000) refers (Special) to __rtentry2.o(.ARM.Collect$$rtentry$$0000000A) for __rt_entry_li
    __rtentry.o(.ARM.Collect$$rtentry$$00000000) refers (Special) to __rtentry2.o(.ARM.Collect$$rtentry$$0000000D) for __rt_entry_main
    __rtentry.o(.ARM.Collect$$rtentry$$00000000) refers (Special) to __rtentry2.o(.ARM.Collect$$rtentry$$0000000C) for __rt_entry_postli_1
    __rtentry.o(.ARM.Collect$$rtentry$$00000000) refers (Special) to __rtentry2.o(.ARM.Collect$$rtentry$$00000009) for __rt_entry_postsh_1
    __rtentry.o(.ARM.Collect$$rtentry$$00000000) refers (Special) to __rtentry2.o(.ARM.Collect$$rtentry$$00000002) for __rt_entry_presh_1
    __rtentry.o(.ARM.Collect$$rtentry$$00000000) refers (Special) to __rtentry4.o(.ARM.Collect$$rtentry$$00000004) for __rt_entry_sh
    aeabi_idiv0_sigfpe.o(.text) refers to rt_div0.o(.text) for __rt_div0
    _printf_char_file.o(.text) refers to _printf_char_common.o(.text) for _printf_char_common
    _printf_char_file.o(.text) refers to retarget.o(i.ferror) for ferror
    _printf_char_file.o(.text) refers to retarget.o(i.fputc) for fputc
    __rtentry2.o(.ARM.Collect$$rtentry$$00000008) refers to boardinit2.o(.text) for _platform_post_stackheap_init
    __rtentry2.o(.ARM.Collect$$rtentry$$0000000A) refers to libinit.o(.ARM.Collect$$libinit$$00000000) for __rt_lib_init
    __rtentry2.o(.ARM.Collect$$rtentry$$0000000B) refers to boardinit3.o(.text) for _platform_post_lib_init
    __rtentry2.o(.ARM.Collect$$rtentry$$0000000D) refers to main.o(i.main) for main
    __rtentry2.o(.ARM.Collect$$rtentry$$0000000D) refers to exit.o(.text) for exit
    __rtentry2.o(.ARM.exidx) refers to __rtentry2.o(.ARM.Collect$$rtentry$$00000001) for .ARM.Collect$$rtentry$$00000001
    __rtentry2.o(.ARM.exidx) refers to __rtentry2.o(.ARM.Collect$$rtentry$$00000008) for .ARM.Collect$$rtentry$$00000008
    __rtentry2.o(.ARM.exidx) refers to __rtentry2.o(.ARM.Collect$$rtentry$$0000000A) for .ARM.Collect$$rtentry$$0000000A
    __rtentry2.o(.ARM.exidx) refers to __rtentry2.o(.ARM.Collect$$rtentry$$0000000B) for .ARM.Collect$$rtentry$$0000000B
    __rtentry2.o(.ARM.exidx) refers to __rtentry2.o(.ARM.Collect$$rtentry$$0000000D) for .ARM.Collect$$rtentry$$0000000D
    __rtentry4.o(.ARM.Collect$$rtentry$$00000004) refers to sys_stackheap_outer.o(.text) for __user_setup_stackheap
    __rtentry4.o(.ARM.exidx) refers to __rtentry4.o(.ARM.Collect$$rtentry$$00000004) for .ARM.Collect$$rtentry$$00000004
    rt_div0.o(.text) refers to defsig_fpe_outer.o(.text) for __rt_SIGFPE
    _printf_char_common.o(.text) refers to __printf_wp.o(.text) for __printf
    sys_stackheap_outer.o(.text) refers to libspace.o(.text) for __user_perproc_libspace
    sys_stackheap_outer.o(.text) refers to startup_nuc131.o(.text) for __user_initial_stackheap
    sys_stackheap_outer.o(__vectab_stack_and_reset_area) refers to tempstk.o(.text) for __temporary_stack_top
    sys_stackheap_outer.o(__vectab_stack_and_reset_area) refers to __main.o(!!!main) for __main
    exit.o(.text) refers to rtexit.o(.ARM.Collect$$rtexit$$00000000) for __rt_exit
    defsig_fpe_outer.o(.text) refers to defsig_fpe_inner.o(.text) for __rt_SIGFPE_inner
    defsig_fpe_outer.o(.text) refers to defsig_exit.o(.text) for __sig_exit
    defsig_fpe_formal.o(.text) refers to rt_raise.o(.text) for __rt_raise
    libinit.o(.ARM.Collect$$libinit$$00000000) refers (Special) to libinit2.o(.ARM.Collect$$libinit$$0000002E) for __rt_lib_init_alloca_1
    libinit.o(.ARM.Collect$$libinit$$00000000) refers (Special) to libinit2.o(.ARM.Collect$$libinit$$0000002C) for __rt_lib_init_argv_1
    libinit.o(.ARM.Collect$$libinit$$00000000) refers (Special) to libinit2.o(.ARM.Collect$$libinit$$0000001B) for __rt_lib_init_atexit_1
    libinit.o(.ARM.Collect$$libinit$$00000000) refers (Special) to libinit2.o(.ARM.Collect$$libinit$$00000021) for __rt_lib_init_clock_1
    libinit.o(.ARM.Collect$$libinit$$00000000) refers (Special) to libinit2.o(.ARM.Collect$$libinit$$00000032) for __rt_lib_init_cpp_1
    libinit.o(.ARM.Collect$$libinit$$00000000) refers (Special) to libinit2.o(.ARM.Collect$$libinit$$00000030) for __rt_lib_init_exceptions_1
    libinit.o(.ARM.Collect$$libinit$$00000000) refers (Special) to libinit2.o(.ARM.Collect$$libinit$$00000002) for __rt_lib_init_fp_1
    libinit.o(.ARM.Collect$$libinit$$00000000) refers (Special) to libinit2.o(.ARM.Collect$$libinit$$0000001F) for __rt_lib_init_fp_trap_1
    libinit.o(.ARM.Collect$$libinit$$00000000) refers (Special) to libinit2.o(.ARM.Collect$$libinit$$00000023) for __rt_lib_init_getenv_1
    libinit.o(.ARM.Collect$$libinit$$00000000) refers (Special) to libinit2.o(.ARM.Collect$$libinit$$0000000A) for __rt_lib_init_heap_1
    libinit.o(.ARM.Collect$$libinit$$00000000) refers (Special) to libinit2.o(.ARM.Collect$$libinit$$00000011) for __rt_lib_init_lc_collate_1
    libinit.o(.ARM.Collect$$libinit$$00000000) refers (Special) to libinit2.o(.ARM.Collect$$libinit$$00000013) for __rt_lib_init_lc_ctype_1
    libinit.o(.ARM.Collect$$libinit$$00000000) refers (Special) to libinit2.o(.ARM.Collect$$libinit$$00000015) for __rt_lib_init_lc_monetary_1
    libinit.o(.ARM.Collect$$libinit$$00000000) refers (Special) to libinit2.o(.ARM.Collect$$libinit$$00000017) for __rt_lib_init_lc_numeric_1
    libinit.o(.ARM.Collect$$libinit$$00000000) refers (Special) to libinit2.o(.ARM.Collect$$libinit$$00000019) for __rt_lib_init_lc_time_1
    libinit.o(.ARM.Collect$$libinit$$00000000) refers (Special) to libinit2.o(.ARM.Collect$$libinit$$00000004) for __rt_lib_init_preinit_1
    libinit.o(.ARM.Collect$$libinit$$00000000) refers (Special) to libinit2.o(.ARM.Collect$$libinit$$0000000E) for __rt_lib_init_rand_1
    libinit.o(.ARM.Collect$$libinit$$00000000) refers (Special) to libinit2.o(.ARM.Collect$$libinit$$00000033) for __rt_lib_init_return
    libinit.o(.ARM.Collect$$libinit$$00000000) refers (Special) to libinit2.o(.ARM.Collect$$libinit$$0000001D) for __rt_lib_init_signal_1
    libinit.o(.ARM.Collect$$libinit$$00000000) refers (Special) to libinit2.o(.ARM.Collect$$libinit$$00000025) for __rt_lib_init_stdio_1
    libinit.o(.ARM.Collect$$libinit$$00000000) refers (Special) to libinit2.o(.ARM.Collect$$libinit$$0000000C) for __rt_lib_init_user_alloc_1
    libspace.o(.text) refers to libspace.o(.bss) for __libspace_start
    rtexit.o(.ARM.Collect$$rtexit$$00000000) refers (Special) to rtexit2.o(.ARM.Collect$$rtexit$$00000004) for __rt_exit_exit
    rtexit.o(.ARM.Collect$$rtexit$$00000000) refers (Special) to rtexit2.o(.ARM.Collect$$rtexit$$00000003) for __rt_exit_ls
    rtexit.o(.ARM.Collect$$rtexit$$00000000) refers (Special) to rtexit2.o(.ARM.Collect$$rtexit$$00000002) for __rt_exit_prels_1
    rtexit.o(.ARM.exidx) refers (Special) to rtexit2.o(.ARM.Collect$$rtexit$$00000004) for __rt_exit_exit
    rtexit.o(.ARM.exidx) refers (Special) to rtexit2.o(.ARM.Collect$$rtexit$$00000003) for __rt_exit_ls
    rtexit.o(.ARM.exidx) refers (Special) to rtexit2.o(.ARM.Collect$$rtexit$$00000002) for __rt_exit_prels_1
    rtexit.o(.ARM.exidx) refers to rtexit.o(.ARM.Collect$$rtexit$$00000000) for .ARM.Collect$$rtexit$$00000000
    rt_raise.o(.text) refers to __raise.o(.text) for __raise
    rt_raise.o(.text) refers to sys_exit.o(.text) for _sys_exit
    defsig_exit.o(.text) refers to sys_exit.o(.text) for _sys_exit
    defsig_fpe_inner.o(.text) refers to defsig_general.o(.text) for __default_signal_display
    libinit2.o(.ARM.Collect$$libinit$$00000010) refers to libinit2.o(.ARM.Collect$$libinit$$0000000F) for .ARM.Collect$$libinit$$0000000F
    libinit2.o(.ARM.Collect$$libinit$$00000012) refers to libinit2.o(.ARM.Collect$$libinit$$0000000F) for .ARM.Collect$$libinit$$0000000F
    libinit2.o(.ARM.Collect$$libinit$$00000014) refers to libinit2.o(.ARM.Collect$$libinit$$0000000F) for .ARM.Collect$$libinit$$0000000F
    libinit2.o(.ARM.Collect$$libinit$$00000016) refers to libinit2.o(.ARM.Collect$$libinit$$0000000F) for .ARM.Collect$$libinit$$0000000F
    libinit2.o(.ARM.Collect$$libinit$$00000018) refers to libinit2.o(.ARM.Collect$$libinit$$0000000F) for .ARM.Collect$$libinit$$0000000F
    libinit2.o(.ARM.Collect$$libinit$$00000026) refers to argv_veneer.o(.text) for __ARM_argv_veneer
    libinit2.o(.ARM.Collect$$libinit$$00000027) refers to argv_veneer.o(.text) for __ARM_argv_veneer
    sys_exit.o(.text) refers (Special) to use_no_semi.o(.text) for __I$use$semihosting
    sys_exit.o(.text) refers (Special) to indicate_semi.o(.text) for __semihosting_library_function
    rtexit2.o(.ARM.Collect$$rtexit$$00000003) refers to libshutdown.o(.ARM.Collect$$libshutdown$$00000000) for __rt_lib_shutdown
    rtexit2.o(.ARM.Collect$$rtexit$$00000004) refers to sys_exit.o(.text) for _sys_exit
    rtexit2.o(.ARM.exidx) refers to rtexit2.o(.ARM.Collect$$rtexit$$00000001) for .ARM.Collect$$rtexit$$00000001
    rtexit2.o(.ARM.exidx) refers to rtexit2.o(.ARM.Collect$$rtexit$$00000003) for .ARM.Collect$$rtexit$$00000003
    rtexit2.o(.ARM.exidx) refers to rtexit2.o(.ARM.Collect$$rtexit$$00000004) for .ARM.Collect$$rtexit$$00000004
    __raise.o(.text) refers to defsig.o(CL$$defsig) for __default_signal_handler
    defsig_general.o(.text) refers to retarget.o(i._ttywrch) for _ttywrch
    defsig.o(CL$$defsig) refers to defsig_fpe_inner.o(.text) for __rt_SIGFPE_inner
    defsig.o(CL$$defsig) refers to defsig_rtmem_inner.o(.text) for __rt_SIGRTMEM_inner
    _get_argv_nomalloc.o(.text) refers (Special) to hrguard.o(.text) for __heap_region$guard
    _get_argv_nomalloc.o(.text) refers to defsig_rtmem_outer.o(.text) for __rt_SIGRTMEM
    _get_argv_nomalloc.o(.text) refers to sys_command.o(.text) for _sys_command_string
    libshutdown.o(.ARM.Collect$$libshutdown$$00000000) refers (Special) to libshutdown2.o(.ARM.Collect$$libshutdown$$00000002) for __rt_lib_shutdown_cpp_1
    libshutdown.o(.ARM.Collect$$libshutdown$$00000000) refers (Special) to libshutdown2.o(.ARM.Collect$$libshutdown$$00000007) for __rt_lib_shutdown_fp_trap_1
    libshutdown.o(.ARM.Collect$$libshutdown$$00000000) refers (Special) to libshutdown2.o(.ARM.Collect$$libshutdown$$0000000F) for __rt_lib_shutdown_heap_1
    libshutdown.o(.ARM.Collect$$libshutdown$$00000000) refers (Special) to libshutdown2.o(.ARM.Collect$$libshutdown$$00000010) for __rt_lib_shutdown_return
    libshutdown.o(.ARM.Collect$$libshutdown$$00000000) refers (Special) to libshutdown2.o(.ARM.Collect$$libshutdown$$0000000A) for __rt_lib_shutdown_signal_1
    libshutdown.o(.ARM.Collect$$libshutdown$$00000000) refers (Special) to libshutdown2.o(.ARM.Collect$$libshutdown$$00000004) for __rt_lib_shutdown_stdio_1
    libshutdown.o(.ARM.Collect$$libshutdown$$00000000) refers (Special) to libshutdown2.o(.ARM.Collect$$libshutdown$$0000000C) for __rt_lib_shutdown_user_alloc_1
    sys_command.o(.text) refers (Special) to use_no_semi.o(.text) for __I$use$semihosting
    sys_command.o(.text) refers (Special) to indicate_semi.o(.text) for __semihosting_library_function
    defsig_abrt_inner.o(.text) refers to defsig_general.o(.text) for __default_signal_display
    defsig_rtred_inner.o(.text) refers to defsig_general.o(.text) for __default_signal_display
    defsig_rtmem_inner.o(.text) refers to defsig_general.o(.text) for __default_signal_display
    defsig_rtmem_outer.o(.text) refers to defsig_rtmem_inner.o(.text) for __rt_SIGRTMEM_inner
    defsig_rtmem_outer.o(.text) refers to defsig_exit.o(.text) for __sig_exit
    defsig_rtmem_formal.o(.text) refers to rt_raise.o(.text) for __rt_raise
    defsig_stak_inner.o(.text) refers to defsig_general.o(.text) for __default_signal_display
    defsig_pvfn_inner.o(.text) refers to defsig_general.o(.text) for __default_signal_display
    defsig_cppl_inner.o(.text) refers to defsig_general.o(.text) for __default_signal_display
    defsig_segv_inner.o(.text) refers to defsig_general.o(.text) for __default_signal_display
    defsig_other.o(.text) refers to defsig_general.o(.text) for __default_signal_display


==============================================================================

Removing Unused input sections from the image.

    Removing main.o(.rev16_text), (4 bytes).
    Removing main.o(.revsh_text), (4 bytes).
    Removing gpio.o(.rev16_text), (4 bytes).
    Removing gpio.o(.revsh_text), (4 bytes).
    Removing gpio.o(i.GPIO_DisableInt), (28 bytes).
    Removing gpio.o(i.GPIO_EnableInt), (26 bytes).
    Removing sys.o(.rev16_text), (4 bytes).
    Removing sys.o(.revsh_text), (4 bytes).
    Removing sys.o(i.SYS_ClearResetSrc), (16 bytes).
    Removing sys.o(i.SYS_DisableBOD), (18 bytes).
    Removing sys.o(i.SYS_EnableBOD), (50 bytes).
    Removing sys.o(i.SYS_GetBODStatus), (14 bytes).
    Removing sys.o(i.SYS_GetResetSrc), (8 bytes).
    Removing sys.o(i.SYS_IsRegLocked), (20 bytes).
    Removing sys.o(i.SYS_ReadPDID), (8 bytes).
    Removing sys.o(i.SYS_ResetCPU), (18 bytes).
    Removing sys.o(i.SYS_ResetChip), (18 bytes).
    Removing sys.o(i.SYS_ResetModule), (48 bytes).
    Removing clk.o(.rev16_text), (4 bytes).
    Removing clk.o(.revsh_text), (4 bytes).
    Removing clk.o(i.CLK_DisableCKO), (16 bytes).
    Removing clk.o(i.CLK_DisableModuleClock), (60 bytes).
    Removing clk.o(i.CLK_DisablePLL), (20 bytes).
    Removing clk.o(i.CLK_DisableSysTick), (12 bytes).
    Removing clk.o(i.CLK_DisableXtalRC), (16 bytes).
    Removing clk.o(i.CLK_EnableCKO), (48 bytes).
    Removing clk.o(i.CLK_EnableModuleClock), (60 bytes).
    Removing clk.o(i.CLK_EnableSysTick), (72 bytes).
    Removing clk.o(i.CLK_GetCPUFreq), (16 bytes).
    Removing clk.o(i.CLK_GetHCLKFreq), (16 bytes).
    Removing clk.o(i.CLK_GetHXTFreq), (28 bytes).
    Removing clk.o(i.CLK_GetPCLKFreq), (16 bytes).
    Removing clk.o(i.CLK_Idle), (36 bytes).
    Removing clk.o(i.CLK_PowerDown), (40 bytes).
    Removing clk.o(i.CLK_SetModuleClock), (116 bytes).
    Removing clk.o(i.CLK_SetSysTickClockSrc), (20 bytes).
    Removing clk.o(.constdata), (48 bytes).
    Removing event_groups.o(i.prvTestWaitCondition), (34 bytes).
    Removing event_groups.o(i.vEventGroupClearBitsCallback), (16 bytes).
    Removing event_groups.o(i.vEventGroupDelete), (42 bytes).
    Removing event_groups.o(i.vEventGroupSetBitsCallback), (16 bytes).
    Removing event_groups.o(i.xEventGroupClearBits), (28 bytes).
    Removing event_groups.o(i.xEventGroupCreate), (28 bytes).
    Removing event_groups.o(i.xEventGroupGetBitsFromISR), (24 bytes).
    Removing event_groups.o(i.xEventGroupSetBits), (166 bytes).
    Removing event_groups.o(i.xEventGroupSync), (166 bytes).
    Removing event_groups.o(i.xEventGroupWaitBits), (206 bytes).
    Removing queue.o(i.prvCopyDataFromQueue), (44 bytes).
    Removing queue.o(i.prvCopyDataToQueue), (108 bytes).
    Removing queue.o(i.prvInitialiseNewQueue), (34 bytes).
    Removing queue.o(i.prvIsQueueEmpty), (28 bytes).
    Removing queue.o(i.prvIsQueueFull), (30 bytes).
    Removing queue.o(i.prvUnlockQueue), (142 bytes).
    Removing queue.o(i.uxQueueMessagesWaiting), (18 bytes).
    Removing queue.o(i.uxQueueMessagesWaitingFromISR), (8 bytes).
    Removing queue.o(i.uxQueueSpacesAvailable), (24 bytes).
    Removing queue.o(i.vQueueDelete), (14 bytes).
    Removing queue.o(i.xQueueGenericCreate), (64 bytes).
    Removing queue.o(i.xQueueGenericReset), (120 bytes).
    Removing queue.o(i.xQueueGenericSend), (252 bytes).
    Removing queue.o(i.xQueueGenericSendFromISR), (124 bytes).
    Removing queue.o(i.xQueueGiveFromISR), (110 bytes).
    Removing queue.o(i.xQueueIsQueueEmptyFromISR), (18 bytes).
    Removing queue.o(i.xQueueIsQueueFullFromISR), (22 bytes).
    Removing queue.o(i.xQueuePeek), (242 bytes).
    Removing queue.o(i.xQueuePeekFromISR), (48 bytes).
    Removing queue.o(i.xQueueReceive), (238 bytes).
    Removing queue.o(i.xQueueReceiveFromISR), (120 bytes).
    Removing queue.o(i.xQueueSemaphoreTake), (230 bytes).
    Removing tasks.o(i.pcTaskGetName), (28 bytes).
    Removing tasks.o(i.prvTaskIsTaskSuspended), (72 bytes).
    Removing tasks.o(i.ulTaskNotifyTake), (108 bytes).
    Removing tasks.o(i.uxTaskGetNumberOfTasks), (12 bytes).
    Removing tasks.o(i.uxTaskPriorityGet), (36 bytes).
    Removing tasks.o(i.uxTaskPriorityGetFromISR), (40 bytes).
    Removing tasks.o(i.uxTaskResetEventItemValue), (28 bytes).
    Removing tasks.o(i.vTaskDelayUntil), (96 bytes).
    Removing tasks.o(i.vTaskDelete), (152 bytes).
    Removing tasks.o(i.vTaskEndScheduler), (20 bytes).
    Removing tasks.o(i.vTaskInternalSetTimeOutState), (24 bytes).
    Removing tasks.o(i.vTaskMissedYield), (12 bytes).
    Removing tasks.o(i.vTaskNotifyGiveFromISR), (148 bytes).
    Removing tasks.o(i.vTaskPlaceOnEventList), (32 bytes).
    Removing tasks.o(i.vTaskPlaceOnUnorderedEventList), (48 bytes).
    Removing tasks.o(i.vTaskPrioritySet), (196 bytes).
    Removing tasks.o(i.vTaskRemoveFromUnorderedEventList), (96 bytes).
    Removing tasks.o(i.vTaskResume), (104 bytes).
    Removing tasks.o(i.vTaskSetTimeOutState), (36 bytes).
    Removing tasks.o(i.vTaskSuspend), (152 bytes).
    Removing tasks.o(i.xTaskCheckForTimeOut), (96 bytes).
    Removing tasks.o(i.xTaskGenericNotify), (180 bytes).
    Removing tasks.o(i.xTaskGenericNotifyFromISR), (228 bytes).
    Removing tasks.o(i.xTaskGetTickCount), (12 bytes).
    Removing tasks.o(i.xTaskGetTickCountFromISR), (12 bytes).
    Removing tasks.o(i.xTaskNotifyStateClear), (56 bytes).
    Removing tasks.o(i.xTaskNotifyWait), (144 bytes).
    Removing tasks.o(i.xTaskRemoveFromEventList), (128 bytes).
    Removing tasks.o(i.xTaskResumeFromISR), (128 bytes).
    Removing port.o(i.vPortEndScheduler), (2 bytes).
    Removing heap_1.o(i.vPortInitialiseBlocks), (12 bytes).
    Removing heap_1.o(i.xPortGetFreeHeapSize), (20 bytes).
    Removing retarget.o(.rev16_text), (4 bytes).
    Removing retarget.o(.revsh_text), (4 bytes).
    Removing retarget.o(i.GetChar), (32 bytes).
    Removing retarget.o(i.IsDebugFifoEmpty), (20 bytes).
    Removing retarget.o(i._ttywrch), (12 bytes).
    Removing retarget.o(i.fgetc), (10 bytes).
    Removing retarget.o(i.kbhit), (20 bytes).
    Removing system_nuc131.o(.rev16_text), (4 bytes).
    Removing system_nuc131.o(.revsh_text), (4 bytes).
    Removing tasks.o(i.__ARM_common_switch8), (28 bytes).

111 unused section(s) (total 6304 bytes) removed from the image.

==============================================================================

Image Symbol Table

    Local Symbols

    Symbol Name                              Value     Ov Type        Size  Object(Section)

    RESET                                    0x00000000   Section      192  startup_nuc131.o(RESET)
    ../clib/angel/boardlib.s                 0x00000000   Number         0  boardshut.o ABSOLUTE
    ../clib/angel/boardlib.s                 0x00000000   Number         0  boardinit3.o ABSOLUTE
    ../clib/angel/boardlib.s                 0x00000000   Number         0  boardinit1.o ABSOLUTE
    ../clib/angel/boardlib.s                 0x00000000   Number         0  boardinit2.o ABSOLUTE
    ../clib/angel/handlers.s                 0x00000000   Number         0  __scatter_zi.o ABSOLUTE
    ../clib/angel/handlers.s                 0x00000000   Number         0  __scatter_copy.o ABSOLUTE
    ../clib/angel/kernel.s                   0x00000000   Number         0  rtexit2.o ABSOLUTE
    ../clib/angel/kernel.s                   0x00000000   Number         0  __rtentry.o ABSOLUTE
    ../clib/angel/kernel.s                   0x00000000   Number         0  __rtentry2.o ABSOLUTE
    ../clib/angel/kernel.s                   0x00000000   Number         0  __rtentry4.o ABSOLUTE
    ../clib/angel/kernel.s                   0x00000000   Number         0  rtexit.o ABSOLUTE
    ../clib/angel/rt.s                       0x00000000   Number         0  rt_div0.o ABSOLUTE
    ../clib/angel/rt.s                       0x00000000   Number         0  rt_raise.o ABSOLUTE
    ../clib/angel/rt.s                       0x00000000   Number         0  aeabi_idiv0_sigfpe.o ABSOLUTE
    ../clib/angel/rt.s                       0x00000000   Number         0  aeabi_idiv0.o ABSOLUTE
    ../clib/angel/scatterp.s                 0x00000000   Number         0  __scatter.o ABSOLUTE
    ../clib/angel/startup.s                  0x00000000   Number         0  __main.o ABSOLUTE
    ../clib/angel/sys.s                      0x00000000   Number         0  use_no_semi.o ABSOLUTE
    ../clib/angel/sys.s                      0x00000000   Number         0  sys_stackheap_outer.o ABSOLUTE
    ../clib/angel/sys.s                      0x00000000   Number         0  indicate_semi.o ABSOLUTE
    ../clib/angel/sys.s                      0x00000000   Number         0  tempstk.o ABSOLUTE
    ../clib/angel/sys.s                      0x00000000   Number         0  libspace.o ABSOLUTE
    ../clib/angel/sysapp.c                   0x00000000   Number         0  sys_exit.o ABSOLUTE
    ../clib/angel/sysapp.c                   0x00000000   Number         0  sys_command.o ABSOLUTE
    ../clib/armsys.c                         0x00000000   Number         0  no_argv.o ABSOLUTE
    ../clib/armsys.c                         0x00000000   Number         0  _get_argv_nomalloc.o ABSOLUTE
    ../clib/armsys.c                         0x00000000   Number         0  argv_veneer.o ABSOLUTE
    ../clib/division.s                       0x00000000   Number         0  aeabi_sdiv_div0.o ABSOLUTE
    ../clib/division.s                       0x00000000   Number         0  aeabi_sdiv.o ABSOLUTE
    ../clib/heapalloc.c                      0x00000000   Number         0  hrguard.o ABSOLUTE
    ../clib/heapaux.c                        0x00000000   Number         0  heapauxi.o ABSOLUTE
    ../clib/libinit.s                        0x00000000   Number         0  libshutdown.o ABSOLUTE
    ../clib/libinit.s                        0x00000000   Number         0  libinit2.o ABSOLUTE
    ../clib/libinit.s                        0x00000000   Number         0  libshutdown2.o ABSOLUTE
    ../clib/libinit.s                        0x00000000   Number         0  libinit.o ABSOLUTE
    ../clib/memcpset.c                       0x00000000   Number         0  rt_memcpy.o ABSOLUTE
    ../clib/memcpset.c                       0x00000000   Number         0  rt_memcpy.o ABSOLUTE
    ../clib/misc.s                           0x00000000   Number         0  printf_stubs.o ABSOLUTE
    ../clib/printf.c                         0x00000000   Number         0  __printf_flags_wp.o ABSOLUTE
    ../clib/printf.c                         0x00000000   Number         0  _printf_hex_int_ptr.o ABSOLUTE
    ../clib/printf.c                         0x00000000   Number         0  _printf_hex_ll_ptr.o ABSOLUTE
    ../clib/printf.c                         0x00000000   Number         0  _printf_hex_int.o ABSOLUTE
    ../clib/printf.c                         0x00000000   Number         0  __printf_wp.o ABSOLUTE
    ../clib/printf.c                         0x00000000   Number         0  _printf_hex_ptr.o ABSOLUTE
    ../clib/printf.c                         0x00000000   Number         0  _printf_hex_int_ll.o ABSOLUTE
    ../clib/printf.c                         0x00000000   Number         0  __printf_flags.o ABSOLUTE
    ../clib/printf.c                         0x00000000   Number         0  __printf_ss.o ABSOLUTE
    ../clib/printf.c                         0x00000000   Number         0  __printf_flags_ss.o ABSOLUTE
    ../clib/printf.c                         0x00000000   Number         0  _printf_char_common.o ABSOLUTE
    ../clib/printf.c                         0x00000000   Number         0  __printf_ss_wp.o ABSOLUTE
    ../clib/printf.c                         0x00000000   Number         0  __printf_nopercent.o ABSOLUTE
    ../clib/printf.c                         0x00000000   Number         0  __printf_flags_ss_wp.o ABSOLUTE
    ../clib/printf.c                         0x00000000   Number         0  _printf_hex_int_ll_ptr.o ABSOLUTE
    ../clib/printf.c                         0x00000000   Number         0  _printf_char_file.o ABSOLUTE
    ../clib/printf.c                         0x00000000   Number         0  _printf_intcommon.o ABSOLUTE
    ../clib/printf.c                         0x00000000   Number         0  __printf.o ABSOLUTE
    ../clib/printf.c                         0x00000000   Number         0  noretval__2printf.o ABSOLUTE
    ../clib/printf.c                         0x00000000   Number         0  __2printf.o ABSOLUTE
    ../clib/printf.c                         0x00000000   Number         0  _printf_hex_ll.o ABSOLUTE
    ../clib/printf_percent.s                 0x00000000   Number         0  _printf_x.o ABSOLUTE
    ../clib/printf_percent.s                 0x00000000   Number         0  _printf_percent.o ABSOLUTE
    ../clib/printf_percent.s                 0x00000000   Number         0  _printf_percent_end.o ABSOLUTE
    ../clib/signal.c                         0x00000000   Number         0  __raise.o ABSOLUTE
    ../clib/signal.c                         0x00000000   Number         0  defsig_rtred_inner.o ABSOLUTE
    ../clib/signal.c                         0x00000000   Number         0  defsig_fpe_inner.o ABSOLUTE
    ../clib/signal.c                         0x00000000   Number         0  defsig_exit.o ABSOLUTE
    ../clib/signal.c                         0x00000000   Number         0  defsig_abrt_inner.o ABSOLUTE
    ../clib/signal.c                         0x00000000   Number         0  defsig_rtmem_inner.o ABSOLUTE
    ../clib/signal.c                         0x00000000   Number         0  defsig_rtmem_outer.o ABSOLUTE
    ../clib/signal.c                         0x00000000   Number         0  defsig_rtmem_formal.o ABSOLUTE
    ../clib/signal.c                         0x00000000   Number         0  defsig_stak_inner.o ABSOLUTE
    ../clib/signal.c                         0x00000000   Number         0  defsig_pvfn_inner.o ABSOLUTE
    ../clib/signal.c                         0x00000000   Number         0  defsig_cppl_inner.o ABSOLUTE
    ../clib/signal.c                         0x00000000   Number         0  defsig_segv_inner.o ABSOLUTE
    ../clib/signal.c                         0x00000000   Number         0  defsig_other.o ABSOLUTE
    ../clib/signal.c                         0x00000000   Number         0  defsig_fpe_formal.o ABSOLUTE
    ../clib/signal.c                         0x00000000   Number         0  defsig_fpe_outer.o ABSOLUTE
    ../clib/signal.c                         0x00000000   Number         0  defsig_general.o ABSOLUTE
    ../clib/signal.s                         0x00000000   Number         0  defsig.o ABSOLUTE
    ../clib/stdlib.c                         0x00000000   Number         0  exit.o ABSOLUTE
    ../fplib/cfplib/fpinit.c                 0x00000000   Number         0  fpinit.o ABSOLUTE
    ..\..\..\Do An\NUC131Series_BSP_CMSIS_v3.00.004\Library\StdDriver\src\clk.c 0x00000000   Number         0  clk.o ABSOLUTE
    ..\..\..\Do An\NUC131Series_BSP_CMSIS_v3.00.004\Library\StdDriver\src\gpio.c 0x00000000   Number         0  gpio.o ABSOLUTE
    ..\..\..\Do An\NUC131Series_BSP_CMSIS_v3.00.004\Library\StdDriver\src\sys.c 0x00000000   Number         0  sys.o ABSOLUTE
    ..\FreeRTOSv10.2.1\FreeRTOS\Source\croutine.c 0x00000000   Number         0  croutine.o ABSOLUTE
    ..\FreeRTOSv10.2.1\FreeRTOS\Source\event_groups.c 0x00000000   Number         0  event_groups.o ABSOLUTE
    ..\FreeRTOSv10.2.1\FreeRTOS\Source\list.c 0x00000000   Number         0  list.o ABSOLUTE
    ..\FreeRTOSv10.2.1\FreeRTOS\Source\portable\MemMang\heap_1.c 0x00000000   Number         0  heap_1.o ABSOLUTE
    ..\FreeRTOSv10.2.1\FreeRTOS\Source\portable\RVDS\ARM_CM0\port.c 0x00000000   Number         0  port.o ABSOLUTE
    ..\FreeRTOSv10.2.1\FreeRTOS\Source\queue.c 0x00000000   Number         0  queue.o ABSOLUTE
    ..\FreeRTOSv10.2.1\FreeRTOS\Source\tasks.c 0x00000000   Number         0  tasks.o ABSOLUTE
    ..\FreeRTOSv10.2.1\FreeRTOS\Source\timers.c 0x00000000   Number         0  timers.o ABSOLUTE
    ..\\..\\..\\Do An\\NUC131Series_BSP_CMSIS_v3.00.004\\Library\\StdDriver\\src\\clk.c 0x00000000   Number         0  clk.o ABSOLUTE
    ..\\..\\..\\Do An\\NUC131Series_BSP_CMSIS_v3.00.004\\Library\\StdDriver\\src\\gpio.c 0x00000000   Number         0  gpio.o ABSOLUTE
    ..\\..\\..\\Do An\\NUC131Series_BSP_CMSIS_v3.00.004\\Library\\StdDriver\\src\\sys.c 0x00000000   Number         0  sys.o ABSOLUTE
    ..\\FreeRTOSv10.2.1\\FreeRTOS\\Source\\portable\\RVDS\\ARM_CM0\\port.c 0x00000000   Number         0  port.o ABSOLUTE
    RTE\Device\NUC131SD2AE\retarget.c        0x00000000   Number         0  retarget.o ABSOLUTE
    RTE\Device\NUC131SD2AE\startup_NUC131.s  0x00000000   Number         0  startup_nuc131.o ABSOLUTE
    RTE\Device\NUC131SD2AE\system_NUC131.c   0x00000000   Number         0  system_nuc131.o ABSOLUTE
    RTE\\Device\\NUC131SD2AE\\retarget.c     0x00000000   Number         0  retarget.o ABSOLUTE
    RTE\\Device\\NUC131SD2AE\\system_NUC131.c 0x00000000   Number         0  system_nuc131.o ABSOLUTE
    dc.s                                     0x00000000   Number         0  dc.o ABSOLUTE
    main.c                                   0x00000000   Number         0  main.o ABSOLUTE
    main.c                                   0x00000000   Number         0  main.o ABSOLUTE
    !!!main                                  0x000000c0   Section        8  __main.o(!!!main)
    !!!scatter                               0x000000c8   Section       60  __scatter.o(!!!scatter)
    !!handler_copy                           0x00000104   Section       26  __scatter_copy.o(!!handler_copy)
    !!handler_zi                             0x00000120   Section       28  __scatter_zi.o(!!handler_zi)
    .ARM.Collect$$_printf_percent$$00000000  0x0000013c   Section        2  _printf_percent.o(.ARM.Collect$$_printf_percent$$00000000)
    .ARM.Collect$$_printf_percent$$0000000C  0x0000013e   Section       10  _printf_x.o(.ARM.Collect$$_printf_percent$$0000000C)
    .ARM.Collect$$_printf_percent$$00000017  0x00000148   Section        4  _printf_percent_end.o(.ARM.Collect$$_printf_percent$$00000017)
    .ARM.Collect$$libinit$$00000000          0x0000014c   Section        2  libinit.o(.ARM.Collect$$libinit$$00000000)
    .ARM.Collect$$libinit$$00000002          0x0000014e   Section        0  libinit2.o(.ARM.Collect$$libinit$$00000002)
    .ARM.Collect$$libinit$$00000004          0x0000014e   Section        0  libinit2.o(.ARM.Collect$$libinit$$00000004)
    .ARM.Collect$$libinit$$0000000A          0x0000014e   Section        0  libinit2.o(.ARM.Collect$$libinit$$0000000A)
    .ARM.Collect$$libinit$$0000000C          0x0000014e   Section        0  libinit2.o(.ARM.Collect$$libinit$$0000000C)
    .ARM.Collect$$libinit$$0000000E          0x0000014e   Section        0  libinit2.o(.ARM.Collect$$libinit$$0000000E)
    .ARM.Collect$$libinit$$00000011          0x0000014e   Section        0  libinit2.o(.ARM.Collect$$libinit$$00000011)
    .ARM.Collect$$libinit$$00000013          0x0000014e   Section        0  libinit2.o(.ARM.Collect$$libinit$$00000013)
    .ARM.Collect$$libinit$$00000015          0x0000014e   Section        0  libinit2.o(.ARM.Collect$$libinit$$00000015)
    .ARM.Collect$$libinit$$00000017          0x0000014e   Section        0  libinit2.o(.ARM.Collect$$libinit$$00000017)
    .ARM.Collect$$libinit$$00000019          0x0000014e   Section        0  libinit2.o(.ARM.Collect$$libinit$$00000019)
    .ARM.Collect$$libinit$$0000001B          0x0000014e   Section        0  libinit2.o(.ARM.Collect$$libinit$$0000001B)
    .ARM.Collect$$libinit$$0000001D          0x0000014e   Section        0  libinit2.o(.ARM.Collect$$libinit$$0000001D)
    .ARM.Collect$$libinit$$0000001F          0x0000014e   Section        0  libinit2.o(.ARM.Collect$$libinit$$0000001F)
    .ARM.Collect$$libinit$$00000021          0x0000014e   Section        0  libinit2.o(.ARM.Collect$$libinit$$00000021)
    .ARM.Collect$$libinit$$00000023          0x0000014e   Section        0  libinit2.o(.ARM.Collect$$libinit$$00000023)
    .ARM.Collect$$libinit$$00000025          0x0000014e   Section        0  libinit2.o(.ARM.Collect$$libinit$$00000025)
    .ARM.Collect$$libinit$$0000002C          0x0000014e   Section        0  libinit2.o(.ARM.Collect$$libinit$$0000002C)
    .ARM.Collect$$libinit$$0000002E          0x0000014e   Section        0  libinit2.o(.ARM.Collect$$libinit$$0000002E)
    .ARM.Collect$$libinit$$00000030          0x0000014e   Section        0  libinit2.o(.ARM.Collect$$libinit$$00000030)
    .ARM.Collect$$libinit$$00000032          0x0000014e   Section        0  libinit2.o(.ARM.Collect$$libinit$$00000032)
    .ARM.Collect$$libinit$$00000033          0x0000014e   Section        2  libinit2.o(.ARM.Collect$$libinit$$00000033)
    .ARM.Collect$$libshutdown$$00000000      0x00000150   Section        2  libshutdown.o(.ARM.Collect$$libshutdown$$00000000)
    .ARM.Collect$$libshutdown$$00000002      0x00000152   Section        0  libshutdown2.o(.ARM.Collect$$libshutdown$$00000002)
    .ARM.Collect$$libshutdown$$00000004      0x00000152   Section        0  libshutdown2.o(.ARM.Collect$$libshutdown$$00000004)
    .ARM.Collect$$libshutdown$$00000007      0x00000152   Section        0  libshutdown2.o(.ARM.Collect$$libshutdown$$00000007)
    .ARM.Collect$$libshutdown$$0000000A      0x00000152   Section        0  libshutdown2.o(.ARM.Collect$$libshutdown$$0000000A)
    .ARM.Collect$$libshutdown$$0000000C      0x00000152   Section        0  libshutdown2.o(.ARM.Collect$$libshutdown$$0000000C)
    .ARM.Collect$$libshutdown$$0000000F      0x00000152   Section        0  libshutdown2.o(.ARM.Collect$$libshutdown$$0000000F)
    .ARM.Collect$$libshutdown$$00000010      0x00000152   Section        2  libshutdown2.o(.ARM.Collect$$libshutdown$$00000010)
    .ARM.Collect$$rtentry$$00000000          0x00000154   Section        0  __rtentry.o(.ARM.Collect$$rtentry$$00000000)
    .ARM.Collect$$rtentry$$00000002          0x00000154   Section        0  __rtentry2.o(.ARM.Collect$$rtentry$$00000002)
    .ARM.Collect$$rtentry$$00000004          0x00000154   Section        6  __rtentry4.o(.ARM.Collect$$rtentry$$00000004)
    .ARM.Collect$$rtentry$$00000009          0x0000015a   Section        0  __rtentry2.o(.ARM.Collect$$rtentry$$00000009)
    .ARM.Collect$$rtentry$$0000000A          0x0000015a   Section        4  __rtentry2.o(.ARM.Collect$$rtentry$$0000000A)
    .ARM.Collect$$rtentry$$0000000C          0x0000015e   Section        0  __rtentry2.o(.ARM.Collect$$rtentry$$0000000C)
    .ARM.Collect$$rtentry$$0000000D          0x0000015e   Section        8  __rtentry2.o(.ARM.Collect$$rtentry$$0000000D)
    .ARM.Collect$$rtexit$$00000000           0x00000166   Section        2  rtexit.o(.ARM.Collect$$rtexit$$00000000)
    .ARM.Collect$$rtexit$$00000002           0x00000168   Section        0  rtexit2.o(.ARM.Collect$$rtexit$$00000002)
    .ARM.Collect$$rtexit$$00000003           0x00000168   Section        4  rtexit2.o(.ARM.Collect$$rtexit$$00000003)
    .ARM.Collect$$rtexit$$00000004           0x0000016c   Section        6  rtexit2.o(.ARM.Collect$$rtexit$$00000004)
    .emb_text                                0x00000174   Section      120  port.o(.emb_text)
    .emb_text                                0x000001ec   Section       28  retarget.o(.emb_text)
    .text                                    0x00000208   Section      100  startup_nuc131.o(.text)
    Default_Handler                          0x00000233   Thumb Code     2  startup_nuc131.o(.text)
    .text                                    0x0000026c   Section        0  noretval__2printf.o(.text)
    .text                                    0x00000288   Section        0  _printf_hex_int.o(.text)
    .text                                    0x000002e0   Section        0  __printf_wp.o(.text)
    .text                                    0x000003ee   Section      346  aeabi_sdiv.o(.text)
    .text                                    0x00000548   Section        0  heapauxi.o(.text)
    .text                                    0x0000054e   Section        0  _printf_intcommon.o(.text)
    .text                                    0x00000600   Section        0  _printf_char_file.o(.text)
    .text                                    0x00000628   Section        0  _printf_char_common.o(.text)
    _printf_input_char                       0x00000629   Thumb Code    10  _printf_char_common.o(.text)
    .text                                    0x00000658   Section       62  sys_stackheap_outer.o(.text)
    .text                                    0x00000696   Section        0  exit.o(.text)
    .text                                    0x000006a8   Section        8  libspace.o(.text)
    .text                                    0x000006b0   Section        0  sys_exit.o(.text)
    .text                                    0x000006bc   Section        2  use_no_semi.o(.text)
    .text                                    0x000006be   Section        0  indicate_semi.o(.text)
    i.CLK_EnablePLL                          0x000006c0   Section        0  clk.o(i.CLK_EnablePLL)
    i.CLK_EnableXtalRC                       0x00000844   Section        0  clk.o(i.CLK_EnableXtalRC)
    i.CLK_GetPLLClockFreq                    0x00000854   Section        0  clk.o(i.CLK_GetPLLClockFreq)
    CLK_GetPLLClockFreq                      0x00000855   Thumb Code   112  clk.o(i.CLK_GetPLLClockFreq)
    i.CLK_GetPLLClockFreq                    0x000008d4   Section        0  system_nuc131.o(i.CLK_GetPLLClockFreq)
    CLK_GetPLLClockFreq                      0x000008d5   Thumb Code   112  system_nuc131.o(i.CLK_GetPLLClockFreq)
    i.CLK_SetCoreClock                       0x00000954   Section        0  clk.o(i.CLK_SetCoreClock)
    i.CLK_SetHCLK                            0x000009f0   Section        0  clk.o(i.CLK_SetHCLK)
    i.CLK_WaitClockReady                     0x00000a5c   Section        0  clk.o(i.CLK_WaitClockReady)
    i.GPIO_SetMode                           0x00000a84   Section        0  gpio.o(i.GPIO_SetMode)
    i.Hard_Fault_Handler                     0x00000ab4   Section        0  retarget.o(i.Hard_Fault_Handler)
    __tagsym$$used                           0x00000ab5   Number         0  retarget.o(i.Hard_Fault_Handler)
    i.SVC_Handler                            0x00000ae0   Section        0  port.o(i.SVC_Handler)
    i.SYS_Init                               0x00000ae4   Section        0  main.o(i.SYS_Init)
    i.SendChar                               0x00000b34   Section        0  retarget.o(i.SendChar)
    i.SendChar_ToUART                        0x00000b40   Section        0  retarget.o(i.SendChar_ToUART)
    i.SysTick_Handler                        0x00000b74   Section        0  port.o(i.SysTick_Handler)
    i.SystemCoreClockUpdate                  0x00000b98   Section        0  system_nuc131.o(i.SystemCoreClockUpdate)
    i.SystemInit                             0x00000bfc   Section        0  system_nuc131.o(i.SystemInit)
    i._is_digit                              0x00000bfe   Section        0  __printf_wp.o(i._is_digit)
    i.ferror                                 0x00000c0c   Section        0  retarget.o(i.ferror)
    i.fputc                                  0x00000c14   Section        0  retarget.o(i.fputc)
    i.main                                   0x00000c24   Section        0  main.o(i.main)
    i.prvAddCurrentTaskToDelayedList         0x00000d08   Section        0  tasks.o(i.prvAddCurrentTaskToDelayedList)
    prvAddCurrentTaskToDelayedList           0x00000d09   Thumb Code   100  tasks.o(i.prvAddCurrentTaskToDelayedList)
    i.prvAddNewTaskToReadyList               0x00000d84   Section        0  tasks.o(i.prvAddNewTaskToReadyList)
    prvAddNewTaskToReadyList                 0x00000d85   Thumb Code   140  tasks.o(i.prvAddNewTaskToReadyList)
    i.prvCheckTasksWaitingTermination        0x00000e28   Section        0  tasks.o(i.prvCheckTasksWaitingTermination)
    prvCheckTasksWaitingTermination          0x00000e29   Thumb Code    60  tasks.o(i.prvCheckTasksWaitingTermination)
    i.prvDeleteTCB                           0x00000e70   Section        0  tasks.o(i.prvDeleteTCB)
    prvDeleteTCB                             0x00000e71   Thumb Code    18  tasks.o(i.prvDeleteTCB)
    i.prvIdleTask                            0x00000e84   Section        0  tasks.o(i.prvIdleTask)
    prvIdleTask                              0x00000e85   Thumb Code    20  tasks.o(i.prvIdleTask)
    i.prvInitialiseNewTask                   0x00000e9c   Section        0  tasks.o(i.prvInitialiseNewTask)
    prvInitialiseNewTask                     0x00000e9d   Thumb Code   144  tasks.o(i.prvInitialiseNewTask)
    i.prvInitialiseTaskLists                 0x00000f2c   Section        0  tasks.o(i.prvInitialiseTaskLists)
    prvInitialiseTaskLists                   0x00000f2d   Thumb Code    68  tasks.o(i.prvInitialiseTaskLists)
    i.prvResetNextTaskUnblockTime            0x00000f90   Section        0  tasks.o(i.prvResetNextTaskUnblockTime)
    prvResetNextTaskUnblockTime              0x00000f91   Thumb Code    46  tasks.o(i.prvResetNextTaskUnblockTime)
    i.prvSetupTimerInterrupt                 0x00000fc8   Section        0  port.o(i.prvSetupTimerInterrupt)
    prvSetupTimerInterrupt                   0x00000fc9   Thumb Code    18  port.o(i.prvSetupTimerInterrupt)
    i.prvTaskExitError                       0x00000fe4   Section        0  port.o(i.prvTaskExitError)
    prvTaskExitError                         0x00000fe5   Thumb Code     6  port.o(i.prvTaskExitError)
    i.pvPortMalloc                           0x00000fec   Section        0  heap_1.o(i.pvPortMalloc)
    i.pxPortInitialiseStack                  0x00001060   Section        0  port.o(i.pxPortInitialiseStack)
    i.stackDump                              0x00001080   Section        0  retarget.o(i.stackDump)
    stackDump                                0x00001081   Thumb Code    70  retarget.o(i.stackDump)
    i.uxListRemove                           0x00001128   Section        0  list.o(i.uxListRemove)
    i.vListInitialise                        0x00001150   Section        0  list.o(i.vListInitialise)
    i.vListInitialiseItem                    0x0000116a   Section        0  list.o(i.vListInitialiseItem)
    i.vListInsert                            0x00001170   Section        0  list.o(i.vListInsert)
    i.vListInsertEnd                         0x000011a6   Section        0  list.o(i.vListInsertEnd)
    i.vPortEnterCritical                     0x000011c0   Section        0  port.o(i.vPortEnterCritical)
    i.vPortExitCritical                      0x000011dc   Section        0  port.o(i.vPortExitCritical)
    i.vPortFree                              0x000011f8   Section        0  heap_1.o(i.vPortFree)
    i.vPortYield                             0x000011fc   Section        0  port.o(i.vPortYield)
    i.vTask1                                 0x00001214   Section        0  main.o(i.vTask1)
    i.vTask2                                 0x00001230   Section        0  main.o(i.vTask2)
    i.vTask3                                 0x0000124c   Section        0  main.o(i.vTask3)
    i.vTask4                                 0x00001268   Section        0  main.o(i.vTask4)
    i.vTaskDelay                             0x00001284   Section        0  tasks.o(i.vTaskDelay)
    i.vTaskStartScheduler                    0x000012ac   Section        0  tasks.o(i.vTaskStartScheduler)
    i.vTaskSuspendAll                        0x00001300   Section        0  tasks.o(i.vTaskSuspendAll)
    i.vTaskSwitchContext                     0x00001310   Section        0  tasks.o(i.vTaskSwitchContext)
    i.xPortStartScheduler                    0x00001388   Section        0  port.o(i.xPortStartScheduler)
    i.xTaskCreate                            0x000013c0   Section        0  tasks.o(i.xTaskCreate)
    i.xTaskIncrementTick                     0x0000141c   Section        0  tasks.o(i.xTaskIncrementTick)
    i.xTaskResumeAll                         0x0000153c   Section        0  tasks.o(i.xTaskResumeAll)
    .constdata                               0x0000161c   Section       40  _printf_hex_int.o(.constdata)
    uc_hextab                                0x0000161c   Data          20  _printf_hex_int.o(.constdata)
    lc_hextab                                0x00001630   Data          20  _printf_hex_int.o(.constdata)
    .data                                    0x20000000   Section       60  tasks.o(.data)
    pxDelayedTaskList                        0x20000004   Data           4  tasks.o(.data)
    pxOverflowDelayedTaskList                0x20000008   Data           4  tasks.o(.data)
    uxDeletedTasksWaitingCleanUp             0x2000000c   Data           4  tasks.o(.data)
    uxCurrentNumberOfTasks                   0x20000010   Data           4  tasks.o(.data)
    xTickCount                               0x20000014   Data           4  tasks.o(.data)
    uxTopReadyPriority                       0x20000018   Data           4  tasks.o(.data)
    xSchedulerRunning                        0x2000001c   Data           4  tasks.o(.data)
    uxPendedTicks                            0x20000020   Data           4  tasks.o(.data)
    xYieldPending                            0x20000024   Data           4  tasks.o(.data)
    xNumOfOverflows                          0x20000028   Data           4  tasks.o(.data)
    uxTaskNumber                             0x2000002c   Data           4  tasks.o(.data)
    xNextTaskUnblockTime                     0x20000030   Data           4  tasks.o(.data)
    xIdleTaskHandle                          0x20000034   Data           4  tasks.o(.data)
    uxSchedulerSuspended                     0x20000038   Data           4  tasks.o(.data)
    .data                                    0x2000003c   Section        4  port.o(.data)
    uxCriticalNesting                        0x2000003c   Data           4  port.o(.data)
    .data                                    0x20000040   Section        8  heap_1.o(.data)
    xNextFreeByte                            0x20000040   Data           4  heap_1.o(.data)
    pucAlignedHeap                           0x20000044   Data           4  heap_1.o(.data)
    .data                                    0x20000048   Section        8  retarget.o(.data)
    .data                                    0x20000050   Section       44  system_nuc131.o(.data)
    .bss                                     0x2000007c   Section      200  tasks.o(.bss)
    pxReadyTasksLists                        0x2000007c   Data         100  tasks.o(.bss)
    xDelayedTaskList1                        0x200000e0   Data          20  tasks.o(.bss)
    xDelayedTaskList2                        0x200000f4   Data          20  tasks.o(.bss)
    xPendingReadyList                        0x20000108   Data          20  tasks.o(.bss)
    xTasksWaitingTermination                 0x2000011c   Data          20  tasks.o(.bss)
    xSuspendedTaskList                       0x20000130   Data          20  tasks.o(.bss)
    .bss                                     0x20000144   Section     6500  heap_1.o(.bss)
    ucHeap                                   0x20000144   Data        6500  heap_1.o(.bss)
    .bss                                     0x20001aa8   Section       96  libspace.o(.bss)
    HEAP                                     0x20001b08   Section        0  startup_nuc131.o(HEAP)
    STACK                                    0x20001b08   Section     1024  startup_nuc131.o(STACK)
    Heap_Mem                                 0x20001b08   Data           0  startup_nuc131.o(HEAP)
    Stack_Mem                                0x20001b08   Data        1024  startup_nuc131.o(STACK)
    __initial_sp                             0x20001f08   Data           0  startup_nuc131.o(STACK)

    Global Symbols

    Symbol Name                              Value     Ov Type        Size  Object(Section)

    BuildAttributes$$THM_ISAv3M$S$PE$A:L22$X:L11$S22$IEEE1$IW$USESV6$~STKCKD$USESV7$~SHL$OSPACE$ROPI$EBA8$UX$STANDARDLIB$REQ8$PRES8$EABIv2 0x00000000   Number         0  anon$$obj.o ABSOLUTE
    __ARM_use_no_argv                        0x00000000   Number         0  main.o ABSOLUTE
    __Vectors                                0x00000000   Data           4  startup_nuc131.o(RESET)
    _printf_flags                            0x00000000   Number         0  printf_stubs.o ABSOLUTE
    _printf_return_value                     0x00000000   Number         0  printf_stubs.o ABSOLUTE
    _printf_sizespec                         0x00000000   Number         0  printf_stubs.o ABSOLUTE
    _printf_widthprec                        0x00000000   Number         0  printf_stubs.o ABSOLUTE
    __ARM_exceptions_init                     - Undefined Weak Reference
    __alloca_initialize                       - Undefined Weak Reference
    __arm_preinit_                            - Undefined Weak Reference
    __cpp_initialize__aeabi_                  - Undefined Weak Reference
    __cxa_finalize                            - Undefined Weak Reference
    __rt_locale                               - Undefined Weak Reference
    __sigvec_lookup                           - Undefined Weak Reference
    _atexit_init                              - Undefined Weak Reference
    _call_atexit_fns                          - Undefined Weak Reference
    _clock_init                               - Undefined Weak Reference
    _fp_trap_init                             - Undefined Weak Reference
    _fp_trap_shutdown                         - Undefined Weak Reference
    _get_lc_collate                           - Undefined Weak Reference
    _get_lc_ctype                             - Undefined Weak Reference
    _get_lc_monetary                          - Undefined Weak Reference
    _get_lc_numeric                           - Undefined Weak Reference
    _get_lc_time                              - Undefined Weak Reference
    _getenv_init                              - Undefined Weak Reference
    _handle_redirection                       - Undefined Weak Reference
    _init_alloc                               - Undefined Weak Reference
    _init_user_alloc                          - Undefined Weak Reference
    _initio                                   - Undefined Weak Reference
    _printf_post_padding                      - Undefined Weak Reference
    _printf_pre_padding                       - Undefined Weak Reference
    _printf_truncate_unsigned                 - Undefined Weak Reference
    _rand_init                                - Undefined Weak Reference
    _signal_finish                            - Undefined Weak Reference
    _signal_init                              - Undefined Weak Reference
    _terminate_alloc                          - Undefined Weak Reference
    _terminate_user_alloc                     - Undefined Weak Reference
    _terminateio                              - Undefined Weak Reference
    __main                                   0x000000c1   Thumb Code     8  __main.o(!!!main)
    __scatterload                            0x000000c9   Thumb Code     0  __scatter.o(!!!scatter)
    __scatterload_rt2                        0x000000c9   Thumb Code    52  __scatter.o(!!!scatter)
    __scatterload_rt2_thumb_only             0x000000c9   Thumb Code     0  __scatter.o(!!!scatter)
    __scatterload_null                       0x000000d9   Thumb Code     0  __scatter.o(!!!scatter)
    __scatterload_copy                       0x00000105   Thumb Code    26  __scatter_copy.o(!!handler_copy)
    __scatterload_zeroinit                   0x00000121   Thumb Code    28  __scatter_zi.o(!!handler_zi)
    _printf_percent                          0x0000013d   Thumb Code     0  _printf_percent.o(.ARM.Collect$$_printf_percent$$00000000)
    _printf_x                                0x0000013f   Thumb Code     0  _printf_x.o(.ARM.Collect$$_printf_percent$$0000000C)
    _printf_percent_end                      0x00000149   Thumb Code     0  _printf_percent_end.o(.ARM.Collect$$_printf_percent$$00000017)
    __rt_lib_init                            0x0000014d   Thumb Code     0  libinit.o(.ARM.Collect$$libinit$$00000000)
    __rt_lib_init_alloca_1                   0x0000014f   Thumb Code     0  libinit2.o(.ARM.Collect$$libinit$$0000002E)
    __rt_lib_init_argv_1                     0x0000014f   Thumb Code     0  libinit2.o(.ARM.Collect$$libinit$$0000002C)
    __rt_lib_init_atexit_1                   0x0000014f   Thumb Code     0  libinit2.o(.ARM.Collect$$libinit$$0000001B)
    __rt_lib_init_clock_1                    0x0000014f   Thumb Code     0  libinit2.o(.ARM.Collect$$libinit$$00000021)
    __rt_lib_init_cpp_1                      0x0000014f   Thumb Code     0  libinit2.o(.ARM.Collect$$libinit$$00000032)
    __rt_lib_init_exceptions_1               0x0000014f   Thumb Code     0  libinit2.o(.ARM.Collect$$libinit$$00000030)
    __rt_lib_init_fp_1                       0x0000014f   Thumb Code     0  libinit2.o(.ARM.Collect$$libinit$$00000002)
    __rt_lib_init_fp_trap_1                  0x0000014f   Thumb Code     0  libinit2.o(.ARM.Collect$$libinit$$0000001F)
    __rt_lib_init_getenv_1                   0x0000014f   Thumb Code     0  libinit2.o(.ARM.Collect$$libinit$$00000023)
    __rt_lib_init_heap_1                     0x0000014f   Thumb Code     0  libinit2.o(.ARM.Collect$$libinit$$0000000A)
    __rt_lib_init_lc_collate_1               0x0000014f   Thumb Code     0  libinit2.o(.ARM.Collect$$libinit$$00000011)
    __rt_lib_init_lc_ctype_1                 0x0000014f   Thumb Code     0  libinit2.o(.ARM.Collect$$libinit$$00000013)
    __rt_lib_init_lc_monetary_1              0x0000014f   Thumb Code     0  libinit2.o(.ARM.Collect$$libinit$$00000015)
    __rt_lib_init_lc_numeric_1               0x0000014f   Thumb Code     0  libinit2.o(.ARM.Collect$$libinit$$00000017)
    __rt_lib_init_lc_time_1                  0x0000014f   Thumb Code     0  libinit2.o(.ARM.Collect$$libinit$$00000019)
    __rt_lib_init_preinit_1                  0x0000014f   Thumb Code     0  libinit2.o(.ARM.Collect$$libinit$$00000004)
    __rt_lib_init_rand_1                     0x0000014f   Thumb Code     0  libinit2.o(.ARM.Collect$$libinit$$0000000E)
    __rt_lib_init_return                     0x0000014f   Thumb Code     0  libinit2.o(.ARM.Collect$$libinit$$00000033)
    __rt_lib_init_signal_1                   0x0000014f   Thumb Code     0  libinit2.o(.ARM.Collect$$libinit$$0000001D)
    __rt_lib_init_stdio_1                    0x0000014f   Thumb Code     0  libinit2.o(.ARM.Collect$$libinit$$00000025)
    __rt_lib_init_user_alloc_1               0x0000014f   Thumb Code     0  libinit2.o(.ARM.Collect$$libinit$$0000000C)
    __rt_lib_shutdown                        0x00000151   Thumb Code     0  libshutdown.o(.ARM.Collect$$libshutdown$$00000000)
    __rt_lib_shutdown_cpp_1                  0x00000153   Thumb Code     0  libshutdown2.o(.ARM.Collect$$libshutdown$$00000002)
    __rt_lib_shutdown_fp_trap_1              0x00000153   Thumb Code     0  libshutdown2.o(.ARM.Collect$$libshutdown$$00000007)
    __rt_lib_shutdown_heap_1                 0x00000153   Thumb Code     0  libshutdown2.o(.ARM.Collect$$libshutdown$$0000000F)
    __rt_lib_shutdown_return                 0x00000153   Thumb Code     0  libshutdown2.o(.ARM.Collect$$libshutdown$$00000010)
    __rt_lib_shutdown_signal_1               0x00000153   Thumb Code     0  libshutdown2.o(.ARM.Collect$$libshutdown$$0000000A)
    __rt_lib_shutdown_stdio_1                0x00000153   Thumb Code     0  libshutdown2.o(.ARM.Collect$$libshutdown$$00000004)
    __rt_lib_shutdown_user_alloc_1           0x00000153   Thumb Code     0  libshutdown2.o(.ARM.Collect$$libshutdown$$0000000C)
    __rt_entry                               0x00000155   Thumb Code     0  __rtentry.o(.ARM.Collect$$rtentry$$00000000)
    __rt_entry_presh_1                       0x00000155   Thumb Code     0  __rtentry2.o(.ARM.Collect$$rtentry$$00000002)
    __rt_entry_sh                            0x00000155   Thumb Code     0  __rtentry4.o(.ARM.Collect$$rtentry$$00000004)
    __rt_entry_li                            0x0000015b   Thumb Code     0  __rtentry2.o(.ARM.Collect$$rtentry$$0000000A)
    __rt_entry_postsh_1                      0x0000015b   Thumb Code     0  __rtentry2.o(.ARM.Collect$$rtentry$$00000009)
    __rt_entry_main                          0x0000015f   Thumb Code     0  __rtentry2.o(.ARM.Collect$$rtentry$$0000000D)
    __rt_entry_postli_1                      0x0000015f   Thumb Code     0  __rtentry2.o(.ARM.Collect$$rtentry$$0000000C)
    __rt_exit                                0x00000167   Thumb Code     0  rtexit.o(.ARM.Collect$$rtexit$$00000000)
    __rt_exit_ls                             0x00000169   Thumb Code     0  rtexit2.o(.ARM.Collect$$rtexit$$00000003)
    __rt_exit_prels_1                        0x00000169   Thumb Code     0  rtexit2.o(.ARM.Collect$$rtexit$$00000002)
    __rt_exit_exit                           0x0000016d   Thumb Code     0  rtexit2.o(.ARM.Collect$$rtexit$$00000004)
    __asm___6_port_c_39a90d8d__prvPortStartFirstTask 0x00000175   Thumb Code    36  port.o(.emb_text)
    ulSetInterruptMaskFromISR                0x0000019d   Thumb Code     8  port.o(.emb_text)
    vClearInterruptMaskFromISR               0x000001a5   Thumb Code     6  port.o(.emb_text)
    PendSV_Handler                           0x000001ab   Thumb Code    62  port.o(.emb_text)
    HardFault_Handler                        0x000001ed   Thumb Code    24  retarget.o(.emb_text)
    Reset_Handler                            0x00000209   Thumb Code    32  startup_nuc131.o(.text)
    NMI_Handler                              0x00000229   Thumb Code     2  startup_nuc131.o(.text)
    ADC_IRQHandler                           0x00000233   Thumb Code     0  startup_nuc131.o(.text)
    BOD_IRQHandler                           0x00000233   Thumb Code     0  startup_nuc131.o(.text)
    BPWM0_IRQHandler                         0x00000233   Thumb Code     0  startup_nuc131.o(.text)
    BPWM1_IRQHandler                         0x00000233   Thumb Code     0  startup_nuc131.o(.text)
    BRAKE0_IRQHandler                        0x00000233   Thumb Code     0  startup_nuc131.o(.text)
    BRAKE1_IRQHandler                        0x00000233   Thumb Code     0  startup_nuc131.o(.text)
    CAN0_IRQHandler                          0x00000233   Thumb Code     0  startup_nuc131.o(.text)
    CAN1_IRQHandler                          0x00000233   Thumb Code     0  startup_nuc131.o(.text)
    CKD_IRQHandler                           0x00000233   Thumb Code     0  startup_nuc131.o(.text)
    EINT0_IRQHandler                         0x00000233   Thumb Code     0  startup_nuc131.o(.text)
    EINT1_IRQHandler                         0x00000233   Thumb Code     0  startup_nuc131.o(.text)
    GPAB_IRQHandler                          0x00000233   Thumb Code     0  startup_nuc131.o(.text)
    GPCDEF_IRQHandler                        0x00000233   Thumb Code     0  startup_nuc131.o(.text)
    I2C0_IRQHandler                          0x00000233   Thumb Code     0  startup_nuc131.o(.text)
    I2C1_IRQHandler                          0x00000233   Thumb Code     0  startup_nuc131.o(.text)
    PWM0_IRQHandler                          0x00000233   Thumb Code     0  startup_nuc131.o(.text)
    PWM1_IRQHandler                          0x00000233   Thumb Code     0  startup_nuc131.o(.text)
    PWRWU_IRQHandler                         0x00000233   Thumb Code     0  startup_nuc131.o(.text)
    RTC_IRQHandler                           0x00000233   Thumb Code     0  startup_nuc131.o(.text)
    SPI0_IRQHandler                          0x00000233   Thumb Code     0  startup_nuc131.o(.text)
    TMR0_IRQHandler                          0x00000233   Thumb Code     0  startup_nuc131.o(.text)
    TMR1_IRQHandler                          0x00000233   Thumb Code     0  startup_nuc131.o(.text)
    TMR2_IRQHandler                          0x00000233   Thumb Code     0  startup_nuc131.o(.text)
    TMR3_IRQHandler                          0x00000233   Thumb Code     0  startup_nuc131.o(.text)
    UART02_IRQHandler                        0x00000233   Thumb Code     0  startup_nuc131.o(.text)
    UART1_IRQHandler                         0x00000233   Thumb Code     0  startup_nuc131.o(.text)
    UART3_IRQHandler                         0x00000233   Thumb Code     0  startup_nuc131.o(.text)
    UART4_IRQHandler                         0x00000233   Thumb Code     0  startup_nuc131.o(.text)
    UART5_IRQHandler                         0x00000233   Thumb Code     0  startup_nuc131.o(.text)
    WDT_IRQHandler                           0x00000233   Thumb Code     0  startup_nuc131.o(.text)
    __user_initial_stackheap                 0x00000235   Thumb Code     0  startup_nuc131.o(.text)
    __2printf                                0x0000026d   Thumb Code    22  noretval__2printf.o(.text)
    _printf_int_hex                          0x00000289   Thumb Code    84  _printf_hex_int.o(.text)
    _printf_longlong_hex                     0x00000289   Thumb Code     0  _printf_hex_int.o(.text)
    __printf                                 0x000002e1   Thumb Code   270  __printf_wp.o(.text)
    __aeabi_uidiv                            0x000003ef   Thumb Code     0  aeabi_sdiv.o(.text)
    __aeabi_uidivmod                         0x000003ef   Thumb Code    20  aeabi_sdiv.o(.text)
    __aeabi_idiv                             0x00000403   Thumb Code     0  aeabi_sdiv.o(.text)
    __aeabi_idivmod                          0x00000403   Thumb Code   326  aeabi_sdiv.o(.text)
    __use_two_region_memory                  0x00000549   Thumb Code     2  heapauxi.o(.text)
    __rt_heap_escrow$2region                 0x0000054b   Thumb Code     2  heapauxi.o(.text)
    __rt_heap_expand$2region                 0x0000054d   Thumb Code     2  heapauxi.o(.text)
    _printf_int_common                       0x0000054f   Thumb Code   176  _printf_intcommon.o(.text)
    _printf_char_file                        0x00000601   Thumb Code    34  _printf_char_file.o(.text)
    _printf_char_common                      0x00000633   Thumb Code    32  _printf_char_common.o(.text)
    __user_setup_stackheap                   0x00000659   Thumb Code    62  sys_stackheap_outer.o(.text)
    exit                                     0x00000697   Thumb Code    16  exit.o(.text)
    __user_libspace                          0x000006a9   Thumb Code     8  libspace.o(.text)
    __user_perproc_libspace                  0x000006a9   Thumb Code     0  libspace.o(.text)
    __user_perthread_libspace                0x000006a9   Thumb Code     0  libspace.o(.text)
    _sys_exit                                0x000006b1   Thumb Code     8  sys_exit.o(.text)
    __I$use$semihosting                      0x000006bd   Thumb Code     0  use_no_semi.o(.text)
    __use_no_semihosting_swi                 0x000006bd   Thumb Code     2  use_no_semi.o(.text)
    __semihosting_library_function           0x000006bf   Thumb Code     0  indicate_semi.o(.text)
    CLK_EnablePLL                            0x000006c1   Thumb Code   342  clk.o(i.CLK_EnablePLL)
    CLK_EnableXtalRC                         0x00000845   Thumb Code    12  clk.o(i.CLK_EnableXtalRC)
    CLK_SetCoreClock                         0x00000955   Thumb Code   144  clk.o(i.CLK_SetCoreClock)
    CLK_SetHCLK                              0x000009f1   Thumb Code   102  clk.o(i.CLK_SetHCLK)
    CLK_WaitClockReady                       0x00000a5d   Thumb Code    32  clk.o(i.CLK_WaitClockReady)
    GPIO_SetMode                             0x00000a85   Thumb Code    46  gpio.o(i.GPIO_SetMode)
    Hard_Fault_Handler                       0x00000ab5   Thumb Code    18  retarget.o(i.Hard_Fault_Handler)
    SVC_Handler                              0x00000ae1   Thumb Code     2  port.o(i.SVC_Handler)
    SYS_Init                                 0x00000ae5   Thumb Code    72  main.o(i.SYS_Init)
    SendChar                                 0x00000b35   Thumb Code    12  retarget.o(i.SendChar)
    SendChar_ToUART                          0x00000b41   Thumb Code    48  retarget.o(i.SendChar_ToUART)
    SysTick_Handler                          0x00000b75   Thumb Code    32  port.o(i.SysTick_Handler)
    SystemCoreClockUpdate                    0x00000b99   Thumb Code    76  system_nuc131.o(i.SystemCoreClockUpdate)
    SystemInit                               0x00000bfd   Thumb Code     2  system_nuc131.o(i.SystemInit)
    _is_digit                                0x00000bff   Thumb Code    14  __printf_wp.o(i._is_digit)
    ferror                                   0x00000c0d   Thumb Code     8  retarget.o(i.ferror)
    fputc                                    0x00000c15   Thumb Code    16  retarget.o(i.fputc)
    main                                     0x00000c25   Thumb Code   170  main.o(i.main)
    pvPortMalloc                             0x00000fed   Thumb Code   100  heap_1.o(i.pvPortMalloc)
    pxPortInitialiseStack                    0x00001061   Thumb Code    26  port.o(i.pxPortInitialiseStack)
    uxListRemove                             0x00001129   Thumb Code    40  list.o(i.uxListRemove)
    vListInitialise                          0x00001151   Thumb Code    26  list.o(i.vListInitialise)
    vListInitialiseItem                      0x0000116b   Thumb Code     6  list.o(i.vListInitialiseItem)
    vListInsert                              0x00001171   Thumb Code    54  list.o(i.vListInsert)
    vListInsertEnd                           0x000011a7   Thumb Code    24  list.o(i.vListInsertEnd)
    vPortEnterCritical                       0x000011c1   Thumb Code    22  port.o(i.vPortEnterCritical)
    vPortExitCritical                        0x000011dd   Thumb Code    22  port.o(i.vPortExitCritical)
    vPortFree                                0x000011f9   Thumb Code     2  heap_1.o(i.vPortFree)
    vPortYield                               0x000011fd   Thumb Code    18  port.o(i.vPortYield)
    vTask1                                   0x00001215   Thumb Code    22  main.o(i.vTask1)
    vTask2                                   0x00001231   Thumb Code    22  main.o(i.vTask2)
    vTask3                                   0x0000124d   Thumb Code    22  main.o(i.vTask3)
    vTask4                                   0x00001269   Thumb Code    22  main.o(i.vTask4)
    vTaskDelay                               0x00001285   Thumb Code    38  tasks.o(i.vTaskDelay)
    vTaskStartScheduler                      0x000012ad   Thumb Code    56  tasks.o(i.vTaskStartScheduler)
    vTaskSuspendAll                          0x00001301   Thumb Code    12  tasks.o(i.vTaskSuspendAll)
    vTaskSwitchContext                       0x00001311   Thumb Code    98  tasks.o(i.vTaskSwitchContext)
    xPortStartScheduler                      0x00001389   Thumb Code    48  port.o(i.xPortStartScheduler)
    xTaskCreate                              0x000013c1   Thumb Code    92  tasks.o(i.xTaskCreate)
    xTaskIncrementTick                       0x0000141d   Thumb Code   242  tasks.o(i.xTaskIncrementTick)
    xTaskResumeAll                           0x0000153d   Thumb Code   192  tasks.o(i.xTaskResumeAll)
    Region$$Table$$Base                      0x00001644   Number         0  anon$$obj.o(Region$$Table)
    Region$$Table$$Limit                     0x00001664   Number         0  anon$$obj.o(Region$$Table)
    pxCurrentTCB                             0x20000000   Data           4  tasks.o(.data)
    __stdout                                 0x20000048   Data           4  retarget.o(.data)
    __stdin                                  0x2000004c   Data           4  retarget.o(.data)
    SystemCoreClock                          0x20000050   Data           4  system_nuc131.o(.data)
    CyclesPerUs                              0x20000054   Data           4  system_nuc131.o(.data)
    PllClock                                 0x20000058   Data           4  system_nuc131.o(.data)
    gau32ClkSrcTbl                           0x2000005c   Data          32  system_nuc131.o(.data)
    __libspace_start                         0x20001aa8   Data          96  libspace.o(.bss)
    __temporary_stack_top$libspace           0x20001b08   Data           0  libspace.o(.bss)



==============================================================================

Memory Map of the image

  Image entry point : Not specified.

  Load Region LR_IROM1 (Base: 0x00000000, Size: 0x000016e0, Max: 0x00011000, ABSOLUTE)

    Execution Region ER_IROM1 (Base: 0x00000000, Size: 0x00001664, Max: 0x00011000, ABSOLUTE)

    Base Addr    Size         Type   Attr      Idx    E Section Name        Object

    0x00000000   0x000000c0   Data   RO         1198    RESET               startup_nuc131.o
    0x000000c0   0x00000008   Code   RO         1301  * !!!main             c_p.l(__main.o)
    0x000000c8   0x0000003c   Code   RO         1477    !!!scatter          c_p.l(__scatter.o)
    0x00000104   0x0000001a   Code   RO         1479    !!handler_copy      c_p.l(__scatter_copy.o)
    0x0000011e   0x00000002   PAD
    0x00000120   0x0000001c   Code   RO         1481    !!handler_zi        c_p.l(__scatter_zi.o)
    0x0000013c   0x00000002   Code   RO         1290    .ARM.Collect$$_printf_percent$$00000000  c_p.l(_printf_percent.o)
    0x0000013e   0x0000000a   Code   RO         1289    .ARM.Collect$$_printf_percent$$0000000C  c_p.l(_printf_x.o)
    0x00000148   0x00000004   Code   RO         1312    .ARM.Collect$$_printf_percent$$00000017  c_p.l(_printf_percent_end.o)
    0x0000014c   0x00000002   Code   RO         1348    .ARM.Collect$$libinit$$00000000  c_p.l(libinit.o)
    0x0000014e   0x00000000   Code   RO         1362    .ARM.Collect$$libinit$$00000002  c_p.l(libinit2.o)
    0x0000014e   0x00000000   Code   RO         1364    .ARM.Collect$$libinit$$00000004  c_p.l(libinit2.o)
    0x0000014e   0x00000000   Code   RO         1367    .ARM.Collect$$libinit$$0000000A  c_p.l(libinit2.o)
    0x0000014e   0x00000000   Code   RO         1369    .ARM.Collect$$libinit$$0000000C  c_p.l(libinit2.o)
    0x0000014e   0x00000000   Code   RO         1371    .ARM.Collect$$libinit$$0000000E  c_p.l(libinit2.o)
    0x0000014e   0x00000000   Code   RO         1374    .ARM.Collect$$libinit$$00000011  c_p.l(libinit2.o)
    0x0000014e   0x00000000   Code   RO         1376    .ARM.Collect$$libinit$$00000013  c_p.l(libinit2.o)
    0x0000014e   0x00000000   Code   RO         1378    .ARM.Collect$$libinit$$00000015  c_p.l(libinit2.o)
    0x0000014e   0x00000000   Code   RO         1380    .ARM.Collect$$libinit$$00000017  c_p.l(libinit2.o)
    0x0000014e   0x00000000   Code   RO         1382    .ARM.Collect$$libinit$$00000019  c_p.l(libinit2.o)
    0x0000014e   0x00000000   Code   RO         1384    .ARM.Collect$$libinit$$0000001B  c_p.l(libinit2.o)
    0x0000014e   0x00000000   Code   RO         1386    .ARM.Collect$$libinit$$0000001D  c_p.l(libinit2.o)
    0x0000014e   0x00000000   Code   RO         1388    .ARM.Collect$$libinit$$0000001F  c_p.l(libinit2.o)
    0x0000014e   0x00000000   Code   RO         1390    .ARM.Collect$$libinit$$00000021  c_p.l(libinit2.o)
    0x0000014e   0x00000000   Code   RO         1392    .ARM.Collect$$libinit$$00000023  c_p.l(libinit2.o)
    0x0000014e   0x00000000   Code   RO         1394    .ARM.Collect$$libinit$$00000025  c_p.l(libinit2.o)
    0x0000014e   0x00000000   Code   RO         1398    .ARM.Collect$$libinit$$0000002C  c_p.l(libinit2.o)
    0x0000014e   0x00000000   Code   RO         1400    .ARM.Collect$$libinit$$0000002E  c_p.l(libinit2.o)
    0x0000014e   0x00000000   Code   RO         1402    .ARM.Collect$$libinit$$00000030  c_p.l(libinit2.o)
    0x0000014e   0x00000000   Code   RO         1404    .ARM.Collect$$libinit$$00000032  c_p.l(libinit2.o)
    0x0000014e   0x00000002   Code   RO         1405    .ARM.Collect$$libinit$$00000033  c_p.l(libinit2.o)
    0x00000150   0x00000002   Code   RO         1434    .ARM.Collect$$libshutdown$$00000000  c_p.l(libshutdown.o)
    0x00000152   0x00000000   Code   RO         1460    .ARM.Collect$$libshutdown$$00000002  c_p.l(libshutdown2.o)
    0x00000152   0x00000000   Code   RO         1462    .ARM.Collect$$libshutdown$$00000004  c_p.l(libshutdown2.o)
    0x00000152   0x00000000   Code   RO         1465    .ARM.Collect$$libshutdown$$00000007  c_p.l(libshutdown2.o)
    0x00000152   0x00000000   Code   RO         1468    .ARM.Collect$$libshutdown$$0000000A  c_p.l(libshutdown2.o)
    0x00000152   0x00000000   Code   RO         1470    .ARM.Collect$$libshutdown$$0000000C  c_p.l(libshutdown2.o)
    0x00000152   0x00000000   Code   RO         1473    .ARM.Collect$$libshutdown$$0000000F  c_p.l(libshutdown2.o)
    0x00000152   0x00000002   Code   RO         1474    .ARM.Collect$$libshutdown$$00000010  c_p.l(libshutdown2.o)
    0x00000154   0x00000000   Code   RO         1303    .ARM.Collect$$rtentry$$00000000  c_p.l(__rtentry.o)
    0x00000154   0x00000000   Code   RO         1314    .ARM.Collect$$rtentry$$00000002  c_p.l(__rtentry2.o)
    0x00000154   0x00000006   Code   RO         1326    .ARM.Collect$$rtentry$$00000004  c_p.l(__rtentry4.o)
    0x0000015a   0x00000000   Code   RO         1316    .ARM.Collect$$rtentry$$00000009  c_p.l(__rtentry2.o)
    0x0000015a   0x00000004   Code   RO         1317    .ARM.Collect$$rtentry$$0000000A  c_p.l(__rtentry2.o)
    0x0000015e   0x00000000   Code   RO         1319    .ARM.Collect$$rtentry$$0000000C  c_p.l(__rtentry2.o)
    0x0000015e   0x00000008   Code   RO         1320    .ARM.Collect$$rtentry$$0000000D  c_p.l(__rtentry2.o)
    0x00000166   0x00000002   Code   RO         1353    .ARM.Collect$$rtexit$$00000000  c_p.l(rtexit.o)
    0x00000168   0x00000000   Code   RO         1409    .ARM.Collect$$rtexit$$00000002  c_p.l(rtexit2.o)
    0x00000168   0x00000004   Code   RO         1410    .ARM.Collect$$rtexit$$00000003  c_p.l(rtexit2.o)
    0x0000016c   0x00000006   Code   RO         1411    .ARM.Collect$$rtexit$$00000004  c_p.l(rtexit2.o)
    0x00000172   0x00000002   PAD
    0x00000174   0x00000078   Code   RO         1003    .emb_text           port.o
    0x000001ec   0x0000001c   Code   RO         1108    .emb_text           retarget.o
    0x00000208   0x00000064   Code   RO         1199  * .text               startup_nuc131.o
    0x0000026c   0x0000001c   Code   RO         1244    .text               c_p.l(noretval__2printf.o)
    0x00000288   0x00000058   Code   RO         1251    .text               c_p.l(_printf_hex_int.o)
    0x000002e0   0x0000010e   Code   RO         1277    .text               c_p.l(__printf_wp.o)
    0x000003ee   0x0000015a   Code   RO         1295    .text               c_p.l(aeabi_sdiv.o)
    0x00000548   0x00000006   Code   RO         1299    .text               c_p.l(heapauxi.o)
    0x0000054e   0x000000b0   Code   RO         1308    .text               c_p.l(_printf_intcommon.o)
    0x000005fe   0x00000002   PAD
    0x00000600   0x00000028   Code   RO         1310    .text               c_p.l(_printf_char_file.o)
    0x00000628   0x00000030   Code   RO         1330    .text               c_p.l(_printf_char_common.o)
    0x00000658   0x0000003e   Code   RO         1332    .text               c_p.l(sys_stackheap_outer.o)
    0x00000696   0x00000010   Code   RO         1337    .text               c_p.l(exit.o)
    0x000006a6   0x00000002   PAD
    0x000006a8   0x00000008   Code   RO         1349    .text               c_p.l(libspace.o)
    0x000006b0   0x0000000c   Code   RO         1406    .text               c_p.l(sys_exit.o)
    0x000006bc   0x00000002   Code   RO         1423    .text               c_p.l(use_no_semi.o)
    0x000006be   0x00000000   Code   RO         1425    .text               c_p.l(indicate_semi.o)
    0x000006be   0x00000002   PAD
    0x000006c0   0x00000184   Code   RO          288    i.CLK_EnablePLL     clk.o
    0x00000844   0x00000010   Code   RO          290    i.CLK_EnableXtalRC  clk.o
    0x00000854   0x00000080   Code   RO          295    i.CLK_GetPLLClockFreq  clk.o
    0x000008d4   0x00000080   Code   RO         1205    i.CLK_GetPLLClockFreq  system_nuc131.o
    0x00000954   0x0000009c   Code   RO          298    i.CLK_SetCoreClock  clk.o
    0x000009f0   0x0000006c   Code   RO          299    i.CLK_SetHCLK       clk.o
    0x00000a5c   0x00000028   Code   RO          302    i.CLK_WaitClockReady  clk.o
    0x00000a84   0x0000002e   Code   RO          162    i.GPIO_SetMode      gpio.o
    0x00000ab2   0x00000002   PAD
    0x00000ab4   0x0000002c   Code   RO         1110    i.Hard_Fault_Handler  retarget.o
    0x00000ae0   0x00000002   Code   RO         1004    i.SVC_Handler       port.o
    0x00000ae2   0x00000002   PAD
    0x00000ae4   0x00000050   Code   RO            3    i.SYS_Init          main.o
    0x00000b34   0x0000000c   Code   RO         1112    i.SendChar          retarget.o
    0x00000b40   0x00000034   Code   RO         1113    i.SendChar_ToUART   retarget.o
    0x00000b74   0x00000024   Code   RO         1005    i.SysTick_Handler   port.o
    0x00000b98   0x00000064   Code   RO         1206    i.SystemCoreClockUpdate  system_nuc131.o
    0x00000bfc   0x00000002   Code   RO         1207    i.SystemInit        system_nuc131.o
    0x00000bfe   0x0000000e   Code   RO         1279    i._is_digit         c_p.l(__printf_wp.o)
    0x00000c0c   0x00000008   Code   RO         1115    i.ferror            retarget.o
    0x00000c14   0x00000010   Code   RO         1117    i.fputc             retarget.o
    0x00000c24   0x000000e4   Code   RO            4    i.main              main.o
    0x00000d08   0x0000007c   Code   RO          722    i.prvAddCurrentTaskToDelayedList  tasks.o
    0x00000d84   0x000000a4   Code   RO          723    i.prvAddNewTaskToReadyList  tasks.o
    0x00000e28   0x00000048   Code   RO          724    i.prvCheckTasksWaitingTermination  tasks.o
    0x00000e70   0x00000012   Code   RO          725    i.prvDeleteTCB      tasks.o
    0x00000e82   0x00000002   PAD
    0x00000e84   0x00000018   Code   RO          726    i.prvIdleTask       tasks.o
    0x00000e9c   0x00000090   Code   RO          727    i.prvInitialiseNewTask  tasks.o
    0x00000f2c   0x00000064   Code   RO          728    i.prvInitialiseTaskLists  tasks.o
    0x00000f90   0x00000038   Code   RO          729    i.prvResetNextTaskUnblockTime  tasks.o
    0x00000fc8   0x0000001c   Code   RO         1006    i.prvSetupTimerInterrupt  port.o
    0x00000fe4   0x00000006   Code   RO         1007    i.prvTaskExitError  port.o
    0x00000fea   0x00000002   PAD
    0x00000fec   0x00000074   Code   RO         1073    i.pvPortMalloc      heap_1.o
    0x00001060   0x00000020   Code   RO         1008    i.pxPortInitialiseStack  port.o
    0x00001080   0x000000a8   Code   RO         1119    i.stackDump         retarget.o
    0x00001128   0x00000028   Code   RO          547    i.uxListRemove      list.o
    0x00001150   0x0000001a   Code   RO          548    i.vListInitialise   list.o
    0x0000116a   0x00000006   Code   RO          549    i.vListInitialiseItem  list.o
    0x00001170   0x00000036   Code   RO          550    i.vListInsert       list.o
    0x000011a6   0x00000018   Code   RO          551    i.vListInsertEnd    list.o
    0x000011be   0x00000002   PAD
    0x000011c0   0x0000001c   Code   RO         1010    i.vPortEnterCritical  port.o
    0x000011dc   0x0000001c   Code   RO         1011    i.vPortExitCritical  port.o
    0x000011f8   0x00000002   Code   RO         1074    i.vPortFree         heap_1.o
    0x000011fa   0x00000002   PAD
    0x000011fc   0x00000018   Code   RO         1012    i.vPortYield        port.o
    0x00001214   0x0000001c   Code   RO            5    i.vTask1            main.o
    0x00001230   0x0000001c   Code   RO            6    i.vTask2            main.o
    0x0000124c   0x0000001c   Code   RO            7    i.vTask3            main.o
    0x00001268   0x0000001c   Code   RO            8    i.vTask4            main.o
    0x00001284   0x00000026   Code   RO          736    i.vTaskDelay        tasks.o
    0x000012aa   0x00000002   PAD
    0x000012ac   0x00000054   Code   RO          749    i.vTaskStartScheduler  tasks.o
    0x00001300   0x00000010   Code   RO          751    i.vTaskSuspendAll   tasks.o
    0x00001310   0x00000078   Code   RO          752    i.vTaskSwitchContext  tasks.o
    0x00001388   0x00000038   Code   RO         1013    i.xPortStartScheduler  port.o
    0x000013c0   0x0000005c   Code   RO          754    i.xTaskCreate       tasks.o
    0x0000141c   0x00000120   Code   RO          759    i.xTaskIncrementTick  tasks.o
    0x0000153c   0x000000e0   Code   RO          763    i.xTaskResumeAll    tasks.o
    0x0000161c   0x00000028   Data   RO         1252    .constdata          c_p.l(_printf_hex_int.o)
    0x00001644   0x00000020   Data   RO         1475    Region$$Table       anon$$obj.o


    Execution Region RW_IRAM1 (Base: 0x20000000, Size: 0x00001f08, Max: 0x00002000, ABSOLUTE)

    Base Addr    Size         Type   Attr      Idx    E Section Name        Object

    0x20000000   0x0000003c   Data   RW          766    .data               tasks.o
    0x2000003c   0x00000004   Data   RW         1014    .data               port.o
    0x20000040   0x00000008   Data   RW         1078    .data               heap_1.o
    0x20000048   0x00000008   Data   RW         1120    .data               retarget.o
    0x20000050   0x0000002c   Data   RW         1208    .data               system_nuc131.o
    0x2000007c   0x000000c8   Zero   RW          765    .bss                tasks.o
    0x20000144   0x00001964   Zero   RW         1077    .bss                heap_1.o
    0x20001aa8   0x00000060   Zero   RW         1350    .bss                c_p.l(libspace.o)
    0x20001b08   0x00000000   Zero   RW         1197    HEAP                startup_nuc131.o
    0x20001b08   0x00000400   Zero   RW         1196    STACK               startup_nuc131.o


==============================================================================

Image component sizes


      Code (inc. data)   RO Data    RW Data    ZI Data      Debug   Object Name

       836         92          0          0          0      16417   clk.o
         0          0          0          0          0       4856   croutine.o
         0          0          0          0          0       1452   event_groups.o
        46          0          0          0          0     113183   gpio.o
       118         16          0          8       6500       2115   heap_1.o
       150          0          0          0          0       3290   list.o
       420         90          0          0          0      54170   main.o
       360         56          0          4          0       6856   port.o
       328        132          0          8          0       5445   retarget.o
       100         46        192          0       1024        656   startup_nuc131.o
       230         40          0         44          0       2575   system_nuc131.o
      1564        238          0         60        200      16749   tasks.o

    ----------------------------------------------------------------------
      4166        710        224        124       7724     227764   Object Totals
         0          0         32          0          0          0   (incl. Generated)
        14          0          0          0          0          0   (incl. Padding)

    ----------------------------------------------------------------------

      Code (inc. data)   RO Data    RW Data    ZI Data      Debug   Library Member Name

         8          0          0          0          0         68   __main.o
       284          0          0          0          0        136   __printf_wp.o
         0          0          0          0          0          0   __rtentry.o
        12          0          0          0          0          0   __rtentry2.o
         6          0          0          0          0          0   __rtentry4.o
        60          8          0          0          0          0   __scatter.o
        26          0          0          0          0          0   __scatter_copy.o
        28          0          0          0          0          0   __scatter_zi.o
        48          6          0          0          0         88   _printf_char_common.o
        40          6          0          0          0         72   _printf_char_file.o
        88          4         40          0          0         72   _printf_hex_int.o
       176          0          0          0          0         84   _printf_intcommon.o
         2          0          0          0          0          0   _printf_percent.o
         4          0          0          0          0          0   _printf_percent_end.o
        10          0          0          0          0          0   _printf_x.o
       346          0          0          0          0         92   aeabi_sdiv.o
        16          0          0          0          0         68   exit.o
         6          0          0          0          0        136   heapauxi.o
         0          0          0          0          0          0   indicate_semi.o
         2          0          0          0          0          0   libinit.o
         2          0          0          0          0          0   libinit2.o
         2          0          0          0          0          0   libshutdown.o
         2          0          0          0          0          0   libshutdown2.o
         8          4          0          0         96         68   libspace.o
        28          6          0          0          0         84   noretval__2printf.o
         2          0          0          0          0          0   rtexit.o
        10          0          0          0          0          0   rtexit2.o
        12          4          0          0          0         60   sys_exit.o
        62          0          0          0          0         80   sys_stackheap_outer.o
         2          0          0          0          0         68   use_no_semi.o

    ----------------------------------------------------------------------
      1302         38         40          0         96       1176   Library Totals
        10          0          0          0          0          0   (incl. Padding)

    ----------------------------------------------------------------------

      Code (inc. data)   RO Data    RW Data    ZI Data      Debug   Library Name

      1292         38         40          0         96       1176   c_p.l

    ----------------------------------------------------------------------
      1302         38         40          0         96       1176   Library Totals

    ----------------------------------------------------------------------

==============================================================================


      Code (inc. data)   RO Data    RW Data    ZI Data      Debug   

      5468        748        264        124       7820     226228   Grand Totals
      5468        748        264        124       7820     226228   ELF Image Totals
      5468        748        264        124          0          0   ROM Totals

==============================================================================

    Total RO  Size (Code + RO Data)                 5732 (   5.60kB)
    Total RW  Size (RW Data + ZI Data)              7944 (   7.76kB)
    Total ROM Size (Code + RO Data + RW Data)       5856 (   5.72kB)

==============================================================================

